2026-06-09 14:56:21.701847: I tensorflow/core/util/port.cc:111] oneDNN custom operations are on. You may see slightly different numerical results due to floating-point round-off errors from different computation orders. To turn them off, set the environment variable `TF_ENABLE_ONEDNN_OPTS=0`.
2026-06-09 14:56:23.315401: E tensorflow/compiler/xla/stream_executor/cuda/cuda_dnn.cc:9360] Unable to register cuDNN factory: Attempting to register factory for plugin cuDNN when one has already been registered
2026-06-09 14:56:23.318292: E tensorflow/compiler/xla/stream_executor/cuda/cuda_fft.cc:609] Unable to register cuFFT factory: Attempting to register factory for plugin cuFFT when one has already been registered
2026-06-09 14:56:23.328928: E tensorflow/compiler/xla/stream_executor/cuda/cuda_blas.cc:1537] Unable to register cuBLAS factory: Attempting to register factory for plugin cuBLAS when one has already been registered
2026-06-09 14:56:24.155555: I tensorflow/core/platform/cpu_feature_guard.cc:183] This TensorFlow binary is optimized to use available CPU instructions in performance-critical operations.
To enable the following instructions: SSE3 SSE4.1 SSE4.2 AVX, in other operations, rebuild TensorFlow with the appropriate compiler flags.
=== W0=10 (trim C_L=0.543) ===  t: W  delta  C_L  adot[deg/s]
  0.00:  0.0   +0.00  0.543  -0.17
  0.05:  0.2   +3.48  0.837  +5.92
  0.10:  1.0   +5.22  0.702  -4.05
  0.15:  2.1   +3.93  0.833  -1.98
  0.20:  3.5   +3.91  0.839  +4.08
  0.25:  5.0   +4.12  0.843  -0.65
  0.30:  6.5   +3.14  0.844  -2.92
  0.35:  7.9   +3.08  0.844  +1.62
  0.40:  9.0   +4.48  0.802  +2.38
  0.45:  9.8   +4.02  0.843  -1.35
  0.50: 10.0   +2.68  0.837  -2.98
  0.55:  9.8   +3.12  0.853  +2.16
  0.60:  9.0   +4.08  0.843  +2.60
  0.65:  7.9   +3.60  0.839  -2.42
  0.70:  6.5   +2.88  0.848  -1.48
  0.75:  5.0   +3.13  0.839  +2.87
  0.80:  3.5   +4.72  0.747  -0.17
  0.85:  2.1   +3.93  0.845  -1.93
  0.90:  1.0   +3.99  0.831  +1.98
  0.95:  0.2   +5.38  0.647  -0.60
  1.00:  0.0   +4.94  0.820  -0.92
  1.05:  0.0   +5.89  0.651  +1.59
  1.10:  0.0   +6.13  0.612  -1.09
  1.15:  0.0   +6.75  0.622  -0.17
  1.20:  0.0   +6.90  0.572  +1.07
  1.25:  0.0   +6.99  0.549  -0.86
  1.30:  0.0   +6.99  0.574  -0.08
  1.35:  0.0   +6.92  0.561  +0.76
  1.40:  0.0   +6.96  0.553  -0.64
  1.45:  0.0   +6.94  0.568  -0.03
  1.50:  0.0   +6.86  0.560  +0.54
=== W0=20 (trim C_L=0.543) ===  t: W  delta  C_L  adot[deg/s]
  0.00:  0.0   +0.00  0.543  -0.17
  0.05:  0.5   +3.48  0.837  +5.91
  0.10:  1.9   +5.26  0.713  -3.98
  0.15:  4.1   +4.04  0.832  -2.11
  0.20:  6.9   +3.86  0.824  +4.34
  0.25: 10.0   +4.23  0.842  -0.20
  0.30: 13.1   +2.96  0.938  -5.05
  0.35: 15.9   +3.08  0.992  -0.18
  0.40: 18.1   +4.07  0.884  +5.06
  0.45: 19.5   +4.86  0.842  -0.67
  0.50: 20.0   +0.00  0.406  +0.78
  0.55: 19.5   +1.71  0.927  -5.39
  0.60: 18.1   +2.39  0.867  +5.11
  0.65: 15.9   +5.95  0.831  +3.45
  0.70: 13.1   +1.60  0.878  -12.71
  0.75: 10.0   +2.47  1.155  +5.12
  0.80:  6.9   +3.60  0.833  +7.20
  0.85:  4.1   +4.25  0.829  -13.61
  0.90:  1.9   +2.31  0.884  +5.47
  0.95:  0.5   +3.20  0.847  +5.95
  1.00:  0.0   +3.65  0.772  -8.94
  1.05:  0.0   +2.37  0.825  +2.29
  1.10:  0.0   +3.31  0.760  +5.70
  1.15:  0.0   +4.11  0.721  -6.34
  1.20:  0.0   +2.46  0.808  -0.17
  1.25:  0.0   +3.27  0.779  +4.97
  1.30:  0.0   +4.99  0.671  -4.17
  1.35:  0.0   +3.48  0.839  -0.44
  1.40:  0.0   +4.36  0.698  +3.74
  1.45:  0.0   +5.34  0.699  -3.36
  1.50:  0.0   +4.03  0.854  +0.46
