2026-06-09 11:47:26.337989: I tensorflow/core/util/port.cc:111] oneDNN custom operations are on. You may see slightly different numerical results due to floating-point round-off errors from different computation orders. To turn them off, set the environment variable `TF_ENABLE_ONEDNN_OPTS=0`.
2026-06-09 11:47:27.958056: E tensorflow/compiler/xla/stream_executor/cuda/cuda_dnn.cc:9360] Unable to register cuDNN factory: Attempting to register factory for plugin cuDNN when one has already been registered
2026-06-09 11:47:27.960859: E tensorflow/compiler/xla/stream_executor/cuda/cuda_fft.cc:609] Unable to register cuFFT factory: Attempting to register factory for plugin cuFFT when one has already been registered
2026-06-09 11:47:27.971105: E tensorflow/compiler/xla/stream_executor/cuda/cuda_blas.cc:1537] Unable to register cuBLAS factory: Attempting to register factory for plugin cuBLAS when one has already been registered
2026-06-09 11:47:28.849177: I tensorflow/core/platform/cpu_feature_guard.cc:183] This TensorFlow binary is optimized to use available CPU instructions in performance-critical operations.
To enable the following instructions: SSE3 SSE4.1 SSE4.2 AVX, in other operations, rebuild TensorFlow with the appropriate compiler flags.
=== prop ===  t: delta  C_L  (trim=0.543, W_peak@0.5)
  0.000:  +0.00  0.543
  0.050:  +2.99  0.841
  0.100:  +2.93  0.841
  0.150:  +2.79  0.822
  0.200:  +2.90  0.833
  0.250:  +2.95  0.843
  0.300:  +2.99  0.843
  0.350:  +3.02  0.846
  0.400:  +3.11  0.858
  0.450:  +3.12  0.855
  0.500:  +3.12  0.880
  0.550:  +3.10  0.878
  0.600:  +3.09  0.852
  0.650:  +3.17  0.842
  0.700:  +3.01  0.844
  0.750:  +2.99  0.842
  0.800:  +2.90  0.836
  0.850:  +2.72  0.815
  0.900:  +2.90  0.830
  0.950:  +2.95  0.839
  1.000:  +2.72  0.818
  1.050:  +2.82  0.822
  1.100:  +2.94  0.837
  1.150:  +2.80  0.825
  1.200:  +2.82  0.824
=== opt ===  t: delta  C_L  (trim=0.543, W_peak@0.5)
  0.000:  +0.00  0.543
  0.050:  +3.40  0.854
  0.100:  +5.42  0.818
  0.150:  +4.82  0.803
  0.200:  +7.30  0.849
  0.250:  +5.68  0.753
  0.300:  +6.63  0.850
  0.350:  +8.67  0.648
  0.400:  +4.92  0.771
  0.450:  +6.32  0.858
  0.500:  +6.92  0.663
  0.550:  +4.32  0.805
  0.600:  +5.32  0.840
  0.650:  +7.12  0.656
  0.700:  +8.03  0.566
  0.750:  +8.45  0.565
  0.800:  +7.80  0.565
  0.850:  +7.47  0.564
  0.900:  +7.75  0.563
  0.950:  +7.58  0.564
  1.000:  +7.23  0.563
  1.050:  +7.31  0.562
  1.100:  +7.41  0.564
  1.150:  +7.25  0.563
  1.200:  +7.14  0.562
INFO:    Cleanup error: while stopping driver for /var/lib/apptainer/mnt/session/final: fuse-overlayfs exited: fuse: reading device: Software caused connection abort
