2026-06-10 00:09:39.173908: I tensorflow/core/util/port.cc:111] oneDNN custom operations are on. You may see slightly different numerical results due to floating-point round-off errors from different computation orders. To turn them off, set the environment variable `TF_ENABLE_ONEDNN_OPTS=0`.
2026-06-10 00:09:40.920362: E tensorflow/compiler/xla/stream_executor/cuda/cuda_dnn.cc:9360] Unable to register cuDNN factory: Attempting to register factory for plugin cuDNN when one has already been registered
2026-06-10 00:09:40.923456: E tensorflow/compiler/xla/stream_executor/cuda/cuda_fft.cc:609] Unable to register cuFFT factory: Attempting to register factory for plugin cuFFT when one has already been registered
2026-06-10 00:09:40.933394: E tensorflow/compiler/xla/stream_executor/cuda/cuda_blas.cc:1537] Unable to register cuBLAS factory: Attempting to register factory for plugin cuBLAS when one has already been registered
2026-06-10 00:09:41.835936: I tensorflow/core/platform/cpu_feature_guard.cc:183] This TensorFlow binary is optimized to use available CPU instructions in performance-critical operations.
To enable the following instructions: SSE3 SSE4.1 SSE4.2 AVX, in other operations, rebuild TensorFlow with the appropriate compiler flags.
Loading datasets...
  train loaded 0.4s
  valid loaded 0.1s
  test  loaded 0.1s
Family indices in test set: {'A': 0, 'B': 5, 'Cc': 13}
  loading HDF5...
  train loaded 0.1s
  valid loaded 0.0s
  test  loaded 0.0s
  processing train...
  done 0.2s
  processing valid...
  done 0.0s
  processing test...
  done 0.0s

============================================================
  Training num_latent_states = 10
============================================================
Tracing functions with autograph...
Tracing completed.
epoch    0   -   training loss: 1.157e+00   -   validation loss 1.151e+00
  Adam...
epoch   10   -   training loss: 3.270e-02   -   validation loss 3.290e-02
epoch   20   -   training loss: 1.836e-02   -   validation loss 1.870e-02
epoch   30   -   training loss: 1.537e-02   -   validation loss 1.616e-02
epoch   40   -   training loss: 1.535e-02   -   validation loss 1.603e-02
epoch   50   -   training loss: 1.525e-02   -   validation loss 1.583e-02
epoch   60   -   training loss: 1.521e-02   -   validation loss 1.586e-02
epoch   70   -   training loss: 1.519e-02   -   validation loss 1.587e-02
epoch   80   -   training loss: 1.517e-02   -   validation loss 1.578e-02
epoch   90   -   training loss: 1.516e-02   -   validation loss 1.578e-02
epoch  100   -   training loss: 1.515e-02   -   validation loss 1.579e-02
epoch  110   -   training loss: 1.514e-02   -   validation loss 1.579e-02
epoch  120   -   training loss: 1.513e-02   -   validation loss 1.578e-02
epoch  130   -   training loss: 1.513e-02   -   validation loss 1.577e-02
epoch  140   -   training loss: 1.512e-02   -   validation loss 1.576e-02
epoch  150   -   training loss: 1.512e-02   -   validation loss 1.576e-02
epoch  160   -   training loss: 1.512e-02   -   validation loss 1.576e-02
epoch  170   -   training loss: 1.511e-02   -   validation loss 1.575e-02
epoch  180   -   training loss: 1.511e-02   -   validation loss 1.575e-02
epoch  190   -   training loss: 1.511e-02   -   validation loss 1.575e-02
epoch  200   -   training loss: 1.511e-02   -   validation loss 1.575e-02
epoch  210   -   training loss: 1.510e-02   -   validation loss 1.574e-02
epoch  220   -   training loss: 1.509e-02   -   validation loss 1.573e-02
epoch  230   -   training loss: 1.508e-02   -   validation loss 1.572e-02
epoch  240   -   training loss: 1.502e-02   -   validation loss 1.568e-02
epoch  250   -   training loss: 6.882e-02   -   validation loss 6.442e-02
epoch  260   -   training loss: 1.690e-02   -   validation loss 1.795e-02
epoch  270   -   training loss: 1.807e-02   -   validation loss 1.760e-02
epoch  280   -   training loss: 1.579e-02   -   validation loss 1.587e-02
epoch  290   -   training loss: 1.601e-02   -   validation loss 1.730e-02
epoch  300   -   training loss: 1.547e-02   -   validation loss 1.570e-02
epoch  310   -   training loss: 1.516e-02   -   validation loss 1.589e-02
epoch  320   -   training loss: 1.543e-02   -   validation loss 1.574e-02
epoch  330   -   training loss: 1.526e-02   -   validation loss 1.612e-02
epoch  340   -   training loss: 1.516e-02   -   validation loss 1.572e-02
epoch  350   -   training loss: 1.514e-02   -   validation loss 1.581e-02
epoch  360   -   training loss: 1.513e-02   -   validation loss 1.577e-02
epoch  370   -   training loss: 1.513e-02   -   validation loss 1.576e-02
epoch  380   -   training loss: 1.513e-02   -   validation loss 1.577e-02
epoch  390   -   training loss: 1.512e-02   -   validation loss 1.576e-02
epoch  400   -   training loss: 1.512e-02   -   validation loss 1.577e-02
  BFGS...
epoch  410   -   training loss: 1.505e-02   -   validation loss 1.564e-02
epoch  420   -   training loss: 1.492e-02   -   validation loss 1.536e-02
epoch  430   -   training loss: 1.354e-02   -   validation loss 1.251e-02
epoch  440   -   training loss: 1.135e-02   -   validation loss 1.009e-02
epoch  450   -   training loss: 9.277e-03   -   validation loss 9.028e-03
epoch  460   -   training loss: 6.718e-03   -   validation loss 6.505e-03
epoch  470   -   training loss: 4.913e-03   -   validation loss 5.428e-03
epoch  480   -   training loss: 3.788e-03   -   validation loss 3.995e-03
epoch  490   -   training loss: 2.988e-03   -   validation loss 3.549e-03
epoch  500   -   training loss: 2.682e-03   -   validation loss 3.207e-03
epoch  510   -   training loss: 2.537e-03   -   validation loss 3.057e-03
epoch  520   -   training loss: 2.420e-03   -   validation loss 2.895e-03
epoch  530   -   training loss: 2.337e-03   -   validation loss 2.859e-03
epoch  540   -   training loss: 2.254e-03   -   validation loss 2.814e-03
epoch  550   -   training loss: 2.184e-03   -   validation loss 2.766e-03
  Saved config.json to /work/u10677113/LDNet_GLA/clean/models_damped/latent_10
  NRMSE F_y: 2.674e-02   1-rho: 2.558e-02
  NRMSE M_z: 2.152e-02   1-rho: 3.583e-02
  NRMSE combined: 1.404e-02   1-rho: 1.886e-03
  Saved /work/u10677113/LDNet_GLA/clean/models_damped/latent_10/timeseries.png

Saved summary plot: /work/u10677113/LDNet_GLA/clean/models_damped/summary/nrmse_rho_vs_latent.png

Sweep complete.
DONE_MARKER
