##### TRAJ sim_A_025_test #####
2026-06-11 10:47:54.098762: I tensorflow/core/util/port.cc:111] oneDNN custom operations are on. You may see slightly different numerical results due to floating-point round-off errors from different computation orders. To turn them off, set the environment variable `TF_ENABLE_ONEDNN_OPTS=0`.
2026-06-11 10:47:55.539027: E tensorflow/compiler/xla/stream_executor/cuda/cuda_dnn.cc:9360] Unable to register cuDNN factory: Attempting to register factory for plugin cuDNN when one has already been registered
2026-06-11 10:47:55.541806: E tensorflow/compiler/xla/stream_executor/cuda/cuda_fft.cc:609] Unable to register cuFFT factory: Attempting to register factory for plugin cuFFT when one has already been registered
2026-06-11 10:47:55.550196: E tensorflow/compiler/xla/stream_executor/cuda/cuda_blas.cc:1537] Unable to register cuBLAS factory: Attempting to register factory for plugin cuBLAS when one has already been registered
2026-06-11 10:47:56.305911: I tensorflow/core/platform/cpu_feature_guard.cc:183] This TensorFlow binary is optimized to use available CPU instructions in performance-critical operations.
To enable the following instructions: SSE3 SSE4.1 SSE4.2 AVX, in other operations, rebuild TensorFlow with the appropriate compiler flags.
=== one-step OPTIMAL (Q_CL=1, only R) on sim_A_025_test  trim=0.868  N=1000 grid=15 ===
  open: CLexc=0.2409 h=0.008559 al=0.001694 ad=0.003913 hdd=0.2751 add=1.478
  --- (Q_h=1e+03,Q_a=1e+03) ---
  R=0.0001 CLexc=0.023(+90%) dmax=3.9 | h=0.006859 al=0.001678 ad=0.0478 hdd=0.264 add=4.02  EXPLODE: ad!! 
  R=1e-05  CLexc=0.004(+98%) dmax=5.5 | h=0.00683 al=0.001719 ad=0.0652 hdd=0.264 add=5.51  EXPLODE: ad!! add!! 
2026-06-11 10:54:59.031019: I tensorflow/core/util/port.cc:111] oneDNN custom operations are on. You may see slightly different numerical results due to floating-point round-off errors from different computation orders. To turn them off, set the environment variable `TF_ENABLE_ONEDNN_OPTS=0`.
2026-06-11 10:54:59.122386: E tensorflow/compiler/xla/stream_executor/cuda/cuda_dnn.cc:9360] Unable to register cuDNN factory: Attempting to register factory for plugin cuDNN when one has already been registered
2026-06-11 10:54:59.122450: E tensorflow/compiler/xla/stream_executor/cuda/cuda_fft.cc:609] Unable to register cuFFT factory: Attempting to register factory for plugin cuFFT when one has already been registered
2026-06-11 10:54:59.122500: E tensorflow/compiler/xla/stream_executor/cuda/cuda_blas.cc:1537] Unable to register cuBLAS factory: Attempting to register factory for plugin cuBLAS when one has already been registered
2026-06-11 10:54:59.135733: I tensorflow/core/platform/cpu_feature_guard.cc:183] This TensorFlow binary is optimized to use available CPU instructions in performance-critical operations.
To enable the following instructions: SSE3 SSE4.1 SSE4.2 AVX, in other operations, rebuild TensorFlow with the appropriate compiler flags.
=== one-step OPTIMAL (Q_CL=1, only R) on sim_A_025_test  trim=0.868  N=1000 grid=15 ===
  open: CLexc=0.2409 h=0.008559 al=0.001694 ad=0.003913 hdd=0.2751 add=1.478
  --- (Q_h=1e+04,Q_a=1e+04) ---
  R=0.0001 CLexc=0.027(+89%) dmax=4.3 | h=0.006861 al=0.001615 ad=0.0328 hdd=0.258 add=2.76  EXPLODE: ad!! 
  R=1e-05  CLexc=0.006(+98%) dmax=6.6 | h=0.006818 al=0.001632 ad=0.0501 hdd=0.258 add=4.23  EXPLODE: ad!! 
2026-06-11 11:01:42.941267: I tensorflow/core/util/port.cc:111] oneDNN custom operations are on. You may see slightly different numerical results due to floating-point round-off errors from different computation orders. To turn them off, set the environment variable `TF_ENABLE_ONEDNN_OPTS=0`.
2026-06-11 11:01:43.035014: E tensorflow/compiler/xla/stream_executor/cuda/cuda_dnn.cc:9360] Unable to register cuDNN factory: Attempting to register factory for plugin cuDNN when one has already been registered
2026-06-11 11:01:43.035087: E tensorflow/compiler/xla/stream_executor/cuda/cuda_fft.cc:609] Unable to register cuFFT factory: Attempting to register factory for plugin cuFFT when one has already been registered
2026-06-11 11:01:43.035143: E tensorflow/compiler/xla/stream_executor/cuda/cuda_blas.cc:1537] Unable to register cuBLAS factory: Attempting to register factory for plugin cuBLAS when one has already been registered
2026-06-11 11:01:43.048889: I tensorflow/core/platform/cpu_feature_guard.cc:183] This TensorFlow binary is optimized to use available CPU instructions in performance-critical operations.
To enable the following instructions: SSE3 SSE4.1 SSE4.2 AVX, in other operations, rebuild TensorFlow with the appropriate compiler flags.
=== one-step OPTIMAL (Q_CL=1, only R) on sim_A_025_test  trim=0.868  N=1000 grid=15 ===
  open: CLexc=0.2409 h=0.008559 al=0.001694 ad=0.003913 hdd=0.2751 add=1.478
  --- (Q_h=1e+05,Q_a=1e+05) ---
  R=0.0001 CLexc=0.063(+74%) dmax=6.7 | h=0.006734 al=0.001323 ad=0.00963 hdd=0.201 add=1.24  stable
  R=1e-05  CLexc=0.040(+84%) dmax=14.0 | h=0.006714 al=0.001452 ad=0.0494 hdd=0.245 add=4.18  EXPLODE: ad!! 
##### TRAJ sim_A_027_test #####
2026-06-11 11:08:31.298106: I tensorflow/core/util/port.cc:111] oneDNN custom operations are on. You may see slightly different numerical results due to floating-point round-off errors from different computation orders. To turn them off, set the environment variable `TF_ENABLE_ONEDNN_OPTS=0`.
2026-06-11 11:08:31.390094: E tensorflow/compiler/xla/stream_executor/cuda/cuda_dnn.cc:9360] Unable to register cuDNN factory: Attempting to register factory for plugin cuDNN when one has already been registered
2026-06-11 11:08:31.390155: E tensorflow/compiler/xla/stream_executor/cuda/cuda_fft.cc:609] Unable to register cuFFT factory: Attempting to register factory for plugin cuFFT when one has already been registered
2026-06-11 11:08:31.390202: E tensorflow/compiler/xla/stream_executor/cuda/cuda_blas.cc:1537] Unable to register cuBLAS factory: Attempting to register factory for plugin cuBLAS when one has already been registered
2026-06-11 11:08:31.403291: I tensorflow/core/platform/cpu_feature_guard.cc:183] This TensorFlow binary is optimized to use available CPU instructions in performance-critical operations.
To enable the following instructions: SSE3 SSE4.1 SSE4.2 AVX, in other operations, rebuild TensorFlow with the appropriate compiler flags.
=== one-step OPTIMAL (Q_CL=1, only R) on sim_A_027_test  trim=0.868  N=1000 grid=15 ===
  open: CLexc=0.5842 h=0.01142 al=0.003455 ad=0.04439 hdd=2.193 add=3.214
  --- (Q_h=1e+03,Q_a=1e+03) ---
  R=0.0001 CLexc=0.585(-0%) dmax=10.8 | h=0.01059 al=0.003866 ad=0.209 hdd=4.92 add=17.6  EXPLODE: ad!! add!! 
  R=1e-05  CLexc=0.659(-13%) dmax=14.0 | h=0.01136 al=0.004331 ad=0.2 hdd=4.85 add=16.9  EXPLODE: ad!! add!! 
2026-06-11 11:15:10.020319: I tensorflow/core/util/port.cc:111] oneDNN custom operations are on. You may see slightly different numerical results due to floating-point round-off errors from different computation orders. To turn them off, set the environment variable `TF_ENABLE_ONEDNN_OPTS=0`.
2026-06-11 11:15:10.114394: E tensorflow/compiler/xla/stream_executor/cuda/cuda_dnn.cc:9360] Unable to register cuDNN factory: Attempting to register factory for plugin cuDNN when one has already been registered
2026-06-11 11:15:10.114460: E tensorflow/compiler/xla/stream_executor/cuda/cuda_fft.cc:609] Unable to register cuFFT factory: Attempting to register factory for plugin cuFFT when one has already been registered
2026-06-11 11:15:10.114511: E tensorflow/compiler/xla/stream_executor/cuda/cuda_blas.cc:1537] Unable to register cuBLAS factory: Attempting to register factory for plugin cuBLAS when one has already been registered
2026-06-11 11:15:10.128348: I tensorflow/core/platform/cpu_feature_guard.cc:183] This TensorFlow binary is optimized to use available CPU instructions in performance-critical operations.
To enable the following instructions: SSE3 SSE4.1 SSE4.2 AVX, in other operations, rebuild TensorFlow with the appropriate compiler flags.
=== one-step OPTIMAL (Q_CL=1, only R) on sim_A_027_test  trim=0.868  N=1000 grid=15 ===
  open: CLexc=0.5842 h=0.01142 al=0.003455 ad=0.04439 hdd=2.193 add=3.214
  --- (Q_h=1e+04,Q_a=1e+04) ---
  R=0.0001 CLexc=0.594(-2%) dmax=10.9 | h=0.01062 al=0.003879 ad=0.206 hdd=4.97 add=17.5  EXPLODE: ad!! add!! 
  R=1e-05  CLexc=0.661(-13%) dmax=14.0 | h=0.01132 al=0.00433 ad=0.199 hdd=4.85 add=16.8  EXPLODE: ad!! add!! 
2026-06-11 11:22:26.056811: I tensorflow/core/util/port.cc:111] oneDNN custom operations are on. You may see slightly different numerical results due to floating-point round-off errors from different computation orders. To turn them off, set the environment variable `TF_ENABLE_ONEDNN_OPTS=0`.
2026-06-11 11:22:26.154295: E tensorflow/compiler/xla/stream_executor/cuda/cuda_dnn.cc:9360] Unable to register cuDNN factory: Attempting to register factory for plugin cuDNN when one has already been registered
2026-06-11 11:22:26.154378: E tensorflow/compiler/xla/stream_executor/cuda/cuda_fft.cc:609] Unable to register cuFFT factory: Attempting to register factory for plugin cuFFT when one has already been registered
2026-06-11 11:22:26.154433: E tensorflow/compiler/xla/stream_executor/cuda/cuda_blas.cc:1537] Unable to register cuBLAS factory: Attempting to register factory for plugin cuBLAS when one has already been registered
2026-06-11 11:22:26.168332: I tensorflow/core/platform/cpu_feature_guard.cc:183] This TensorFlow binary is optimized to use available CPU instructions in performance-critical operations.
To enable the following instructions: SSE3 SSE4.1 SSE4.2 AVX, in other operations, rebuild TensorFlow with the appropriate compiler flags.
=== one-step OPTIMAL (Q_CL=1, only R) on sim_A_027_test  trim=0.868  N=1000 grid=15 ===
  open: CLexc=0.5842 h=0.01142 al=0.003455 ad=0.04439 hdd=2.193 add=3.214
  --- (Q_h=1e+05,Q_a=1e+05) ---
  R=0.0001 CLexc=0.652(-12%) dmax=12.6 | h=0.0107 al=0.003968 ad=0.159 hdd=5.14 add=13.5  EXPLODE: ad!! add!! 
  R=1e-05  CLexc=0.682(-17%) dmax=14.0 | h=0.0111 al=0.0044 ad=0.21 hdd=5.02 add=17.8  EXPLODE: ad!! add!! 
OPTIMAL2_DONE
