=== FULL-CONV l003 start @ Wed 10 Jun 10:37:05 CEST 2026 ===
2026-06-10 10:37:23.212624: I tensorflow/core/util/port.cc:111] oneDNN custom operations are on. You may see slightly different numerical results due to floating-point round-off errors from different computation orders. To turn them off, set the environment variable `TF_ENABLE_ONEDNN_OPTS=0`.
2026-06-10 10:37:24.645012: E tensorflow/compiler/xla/stream_executor/cuda/cuda_dnn.cc:9360] Unable to register cuDNN factory: Attempting to register factory for plugin cuDNN when one has already been registered
2026-06-10 10:37:24.647738: E tensorflow/compiler/xla/stream_executor/cuda/cuda_fft.cc:609] Unable to register cuFFT factory: Attempting to register factory for plugin cuFFT when one has already been registered
2026-06-10 10:37:24.655974: E tensorflow/compiler/xla/stream_executor/cuda/cuda_blas.cc:1537] Unable to register cuBLAS factory: Attempting to register factory for plugin cuBLAS when one has already been registered
2026-06-10 10:37:25.432118: I tensorflow/core/platform/cpu_feature_guard.cc:183] This TensorFlow binary is optimized to use available CPU instructions in performance-critical operations.
To enable the following instructions: SSE3 SSE4.1 SSE4.2 AVX, in other operations, rebuild TensorFlow with the appropriate compiler flags.
Loading datasets...
  train loaded 0.1s
  valid loaded 0.0s
  test  loaded 0.0s
Family indices in test set: {'A': 0, 'B': 5, 'Cc': 13}
  loading HDF5...
  train loaded 0.1s
  valid loaded 0.0s
  test  loaded 0.0s
  processing train...
  done 0.2s
  processing valid...
  done 0.0s
  processing test...
  done 0.0s

============================================================
  Training num_latent_states = 10
============================================================
Tracing functions with autograph...
Tracing completed.
epoch    0   -   training loss: 1.404e-01   -   validation loss 1.353e-01
  Adam...
epoch   10   -   training loss: 4.459e-02   -   validation loss 4.278e-02
epoch   20   -   training loss: 2.562e-02   -   validation loss 2.678e-02
epoch   30   -   training loss: 2.151e-02   -   validation loss 2.089e-02
epoch   40   -   training loss: 1.578e-02   -   validation loss 1.586e-02
epoch   50   -   training loss: 1.601e-02   -   validation loss 1.718e-02
epoch   60   -   training loss: 1.601e-02   -   validation loss 1.632e-02
epoch   70   -   training loss: 1.527e-02   -   validation loss 1.570e-02
epoch   80   -   training loss: 1.524e-02   -   validation loss 1.588e-02
epoch   90   -   training loss: 1.520e-02   -   validation loss 1.590e-02
epoch  100   -   training loss: 1.515e-02   -   validation loss 1.583e-02
epoch  110   -   training loss: 1.514e-02   -   validation loss 1.580e-02
epoch  120   -   training loss: 1.513e-02   -   validation loss 1.577e-02
epoch  130   -   training loss: 1.513e-02   -   validation loss 1.576e-02
epoch  140   -   training loss: 1.513e-02   -   validation loss 1.576e-02
epoch  150   -   training loss: 1.513e-02   -   validation loss 1.577e-02
epoch  160   -   training loss: 1.513e-02   -   validation loss 1.577e-02
epoch  170   -   training loss: 1.513e-02   -   validation loss 1.577e-02
epoch  180   -   training loss: 1.513e-02   -   validation loss 1.577e-02
epoch  190   -   training loss: 1.513e-02   -   validation loss 1.577e-02
epoch  200   -   training loss: 1.513e-02   -   validation loss 1.577e-02
  [ckpt] saved weights at iter 200
epoch  210   -   training loss: 1.513e-02   -   validation loss 1.577e-02
epoch  220   -   training loss: 1.513e-02   -   validation loss 1.577e-02
epoch  230   -   training loss: 1.513e-02   -   validation loss 1.577e-02
epoch  240   -   training loss: 1.513e-02   -   validation loss 1.577e-02
epoch  250   -   training loss: 1.513e-02   -   validation loss 1.577e-02
epoch  260   -   training loss: 1.513e-02   -   validation loss 1.577e-02
epoch  270   -   training loss: 1.513e-02   -   validation loss 1.577e-02
epoch  280   -   training loss: 1.513e-02   -   validation loss 1.577e-02
epoch  290   -   training loss: 1.513e-02   -   validation loss 1.577e-02
epoch  300   -   training loss: 1.513e-02   -   validation loss 1.577e-02
epoch  310   -   training loss: 1.513e-02   -   validation loss 1.577e-02
epoch  320   -   training loss: 1.513e-02   -   validation loss 1.577e-02
epoch  330   -   training loss: 1.513e-02   -   validation loss 1.577e-02
epoch  340   -   training loss: 1.513e-02   -   validation loss 1.577e-02
epoch  350   -   training loss: 1.513e-02   -   validation loss 1.577e-02
epoch  360   -   training loss: 1.513e-02   -   validation loss 1.576e-02
epoch  370   -   training loss: 1.513e-02   -   validation loss 1.576e-02
epoch  380   -   training loss: 1.513e-02   -   validation loss 1.576e-02
epoch  390   -   training loss: 1.513e-02   -   validation loss 1.576e-02
epoch  400   -   training loss: 1.513e-02   -   validation loss 1.576e-02
  [ckpt] saved weights at iter 400
  BFGS...
epoch  410   -   training loss: 1.375e-02   -   validation loss 1.477e-02
epoch  420   -   training loss: 1.269e-02   -   validation loss 1.417e-02
epoch  430   -   training loss: 1.196e-02   -   validation loss 1.326e-02
epoch  440   -   training loss: 1.061e-02   -   validation loss 1.157e-02
epoch  450   -   training loss: 8.560e-03   -   validation loss 1.006e-02
epoch  460   -   training loss: 6.352e-03   -   validation loss 8.087e-03
epoch  470   -   training loss: 4.463e-03   -   validation loss 4.947e-03
epoch  480   -   training loss: 3.625e-03   -   validation loss 4.224e-03
epoch  490   -   training loss: 3.111e-03   -   validation loss 3.633e-03
epoch  500   -   training loss: 2.879e-03   -   validation loss 3.406e-03
epoch  510   -   training loss: 2.529e-03   -   validation loss 2.945e-03
epoch  520   -   training loss: 2.291e-03   -   validation loss 2.636e-03
epoch  530   -   training loss: 2.158e-03   -   validation loss 2.519e-03
epoch  540   -   training loss: 2.001e-03   -   validation loss 2.434e-03
epoch  550   -   training loss: 1.876e-03   -   validation loss 2.227e-03
epoch  560   -   training loss: 1.765e-03   -   validation loss 2.114e-03
epoch  570   -   training loss: 1.723e-03   -   validation loss 2.114e-03
epoch  580   -   training loss: 1.648e-03   -   validation loss 2.052e-03
epoch  590   -   training loss: 1.598e-03   -   validation loss 2.012e-03
epoch  600   -   training loss: 1.552e-03   -   validation loss 1.901e-03
  [ckpt] saved weights at iter 600
epoch  610   -   training loss: 1.512e-03   -   validation loss 1.823e-03
epoch  620   -   training loss: 1.448e-03   -   validation loss 1.787e-03
epoch  630   -   training loss: 1.396e-03   -   validation loss 1.702e-03
epoch  640   -   training loss: 1.333e-03   -   validation loss 1.629e-03
epoch  650   -   training loss: 1.276e-03   -   validation loss 1.560e-03
epoch  660   -   training loss: 1.218e-03   -   validation loss 1.468e-03
epoch  670   -   training loss: 1.181e-03   -   validation loss 1.448e-03
epoch  680   -   training loss: 1.156e-03   -   validation loss 1.399e-03
epoch  690   -   training loss: 1.123e-03   -   validation loss 1.362e-03
epoch  700   -   training loss: 1.093e-03   -   validation loss 1.325e-03
epoch  710   -   training loss: 1.067e-03   -   validation loss 1.311e-03
epoch  720   -   training loss: 1.036e-03   -   validation loss 1.295e-03
epoch  730   -   training loss: 1.006e-03   -   validation loss 1.232e-03
epoch  740   -   training loss: 9.729e-04   -   validation loss 1.242e-03
epoch  750   -   training loss: 9.466e-04   -   validation loss 1.210e-03
epoch  760   -   training loss: 9.210e-04   -   validation loss 1.204e-03
epoch  770   -   training loss: 8.952e-04   -   validation loss 1.160e-03
epoch  780   -   training loss: 8.771e-04   -   validation loss 1.146e-03
epoch  790   -   training loss: 8.501e-04   -   validation loss 1.094e-03
epoch  800   -   training loss: 8.115e-04   -   validation loss 1.018e-03
  [ckpt] saved weights at iter 800
epoch  810   -   training loss: 7.918e-04   -   validation loss 9.727e-04
epoch  820   -   training loss: 7.681e-04   -   validation loss 9.548e-04
epoch  830   -   training loss: 7.453e-04   -   validation loss 9.200e-04
epoch  840   -   training loss: 7.243e-04   -   validation loss 8.898e-04
epoch  850   -   training loss: 7.066e-04   -   validation loss 8.818e-04
epoch  860   -   training loss: 6.855e-04   -   validation loss 8.823e-04
epoch  870   -   training loss: 6.555e-04   -   validation loss 8.456e-04
epoch  880   -   training loss: 6.222e-04   -   validation loss 7.630e-04
epoch  890   -   training loss: 5.893e-04   -   validation loss 7.241e-04
epoch  900   -   training loss: 5.672e-04   -   validation loss 6.913e-04
epoch  910   -   training loss: 5.497e-04   -   validation loss 6.604e-04
epoch  920   -   training loss: 5.295e-04   -   validation loss 6.349e-04
epoch  930   -   training loss: 5.110e-04   -   validation loss 6.087e-04
epoch  940   -   training loss: 4.890e-04   -   validation loss 5.613e-04
epoch  950   -   training loss: 4.494e-04   -   validation loss 5.104e-04
epoch  960   -   training loss: 4.332e-04   -   validation loss 4.931e-04
epoch  970   -   training loss: 4.166e-04   -   validation loss 4.622e-04
epoch  980   -   training loss: 4.038e-04   -   validation loss 4.390e-04
epoch  990   -   training loss: 3.963e-04   -   validation loss 4.280e-04
epoch 1000   -   training loss: 3.850e-04   -   validation loss 4.199e-04
  [ckpt] saved weights at iter 1000
epoch 1010   -   training loss: 3.743e-04   -   validation loss 4.032e-04
epoch 1020   -   training loss: 3.640e-04   -   validation loss 3.989e-04
epoch 1030   -   training loss: 3.526e-04   -   validation loss 3.921e-04
epoch 1040   -   training loss: 3.448e-04   -   validation loss 3.825e-04
epoch 1050   -   training loss: 3.365e-04   -   validation loss 3.790e-04
epoch 1060   -   training loss: 3.290e-04   -   validation loss 3.832e-04
epoch 1070   -   training loss: 3.243e-04   -   validation loss 3.770e-04
epoch 1080   -   training loss: 3.193e-04   -   validation loss 3.727e-04
epoch 1090   -   training loss: 3.128e-04   -   validation loss 3.642e-04
epoch 1100   -   training loss: 3.093e-04   -   validation loss 3.555e-04
epoch 1110   -   training loss: 3.041e-04   -   validation loss 3.489e-04
epoch 1120   -   training loss: 3.003e-04   -   validation loss 3.523e-04
epoch 1130   -   training loss: 2.963e-04   -   validation loss 3.468e-04
epoch 1140   -   training loss: 2.928e-04   -   validation loss 3.436e-04
epoch 1150   -   training loss: 2.879e-04   -   validation loss 3.475e-04
epoch 1160   -   training loss: 2.845e-04   -   validation loss 3.478e-04
epoch 1170   -   training loss: 2.802e-04   -   validation loss 3.462e-04
epoch 1180   -   training loss: 2.780e-04   -   validation loss 3.432e-04
epoch 1190   -   training loss: 2.742e-04   -   validation loss 3.450e-04
epoch 1200   -   training loss: 2.714e-04   -   validation loss 3.396e-04
  [ckpt] saved weights at iter 1200
epoch 1210   -   training loss: 2.694e-04   -   validation loss 3.378e-04
epoch 1220   -   training loss: 2.670e-04   -   validation loss 3.414e-04
epoch 1230   -   training loss: 2.639e-04   -   validation loss 3.322e-04
epoch 1240   -   training loss: 2.601e-04   -   validation loss 3.314e-04
epoch 1250   -   training loss: 2.576e-04   -   validation loss 3.262e-04
epoch 1260   -   training loss: 2.542e-04   -   validation loss 3.178e-04
epoch 1270   -   training loss: 2.511e-04   -   validation loss 3.153e-04
epoch 1280   -   training loss: 2.503e-04   -   validation loss 3.132e-04
epoch 1290   -   training loss: 2.457e-04   -   validation loss 3.104e-04
epoch 1300   -   training loss: 2.450e-04   -   validation loss 3.135e-04
epoch 1310   -   training loss: 2.428e-04   -   validation loss 3.091e-04
epoch 1320   -   training loss: 2.411e-04   -   validation loss 3.060e-04
epoch 1330   -   training loss: 2.397e-04   -   validation loss 3.072e-04
epoch 1340   -   training loss: 2.362e-04   -   validation loss 3.019e-04
epoch 1350   -   training loss: 2.352e-04   -   validation loss 3.003e-04
epoch 1360   -   training loss: 2.316e-04   -   validation loss 2.958e-04
epoch 1370   -   training loss: 2.301e-04   -   validation loss 2.941e-04
epoch 1380   -   training loss: 2.274e-04   -   validation loss 2.930e-04
epoch 1390   -   training loss: 2.264e-04   -   validation loss 2.935e-04
epoch 1400   -   training loss: 2.248e-04   -   validation loss 2.943e-04
  [ckpt] saved weights at iter 1400
epoch 1410   -   training loss: 2.230e-04   -   validation loss 2.901e-04
epoch 1420   -   training loss: 2.219e-04   -   validation loss 2.903e-04
epoch 1430   -   training loss: 2.197e-04   -   validation loss 2.862e-04
epoch 1440   -   training loss: 2.184e-04   -   validation loss 2.829e-04
epoch 1450   -   training loss: 2.160e-04   -   validation loss 2.830e-04
epoch 1460   -   training loss: 2.141e-04   -   validation loss 2.786e-04
epoch 1470   -   training loss: 2.129e-04   -   validation loss 2.737e-04
epoch 1480   -   training loss: 2.093e-04   -   validation loss 2.721e-04
epoch 1490   -   training loss: 2.079e-04   -   validation loss 2.700e-04
epoch 1500   -   training loss: 2.057e-04   -   validation loss 2.672e-04
epoch 1510   -   training loss: 2.027e-04   -   validation loss 2.637e-04
epoch 1520   -   training loss: 2.018e-04   -   validation loss 2.598e-04
epoch 1530   -   training loss: 2.008e-04   -   validation loss 2.582e-04
epoch 1540   -   training loss: 1.995e-04   -   validation loss 2.550e-04
epoch 1550   -   training loss: 1.972e-04   -   validation loss 2.508e-04
epoch 1560   -   training loss: 1.964e-04   -   validation loss 2.475e-04
epoch 1570   -   training loss: 1.946e-04   -   validation loss 2.472e-04
epoch 1580   -   training loss: 1.917e-04   -   validation loss 2.448e-04
epoch 1590   -   training loss: 1.906e-04   -   validation loss 2.438e-04
epoch 1600   -   training loss: 1.893e-04   -   validation loss 2.422e-04
  [ckpt] saved weights at iter 1600
epoch 1610   -   training loss: 1.871e-04   -   validation loss 2.473e-04
epoch 1620   -   training loss: 1.861e-04   -   validation loss 2.477e-04
epoch 1630   -   training loss: 1.848e-04   -   validation loss 2.446e-04
epoch 1640   -   training loss: 1.832e-04   -   validation loss 2.440e-04
epoch 1650   -   training loss: 1.824e-04   -   validation loss 2.459e-04
epoch 1660   -   training loss: 1.814e-04   -   validation loss 2.474e-04
epoch 1670   -   training loss: 1.782e-04   -   validation loss 2.419e-04
epoch 1680   -   training loss: 1.764e-04   -   validation loss 2.384e-04
epoch 1690   -   training loss: 1.749e-04   -   validation loss 2.365e-04
epoch 1700   -   training loss: 1.730e-04   -   validation loss 2.397e-04
epoch 1710   -   training loss: 1.713e-04   -   validation loss 2.357e-04
epoch 1720   -   training loss: 1.701e-04   -   validation loss 2.356e-04
epoch 1730   -   training loss: 1.685e-04   -   validation loss 2.401e-04
epoch 1740   -   training loss: 1.661e-04   -   validation loss 2.340e-04
epoch 1750   -   training loss: 1.647e-04   -   validation loss 2.374e-04
epoch 1760   -   training loss: 1.637e-04   -   validation loss 2.364e-04
epoch 1770   -   training loss: 1.618e-04   -   validation loss 2.375e-04
epoch 1780   -   training loss: 1.597e-04   -   validation loss 2.384e-04
epoch 1790   -   training loss: 1.581e-04   -   validation loss 2.384e-04
epoch 1800   -   training loss: 1.569e-04   -   validation loss 2.323e-04
  [ckpt] saved weights at iter 1800
epoch 1810   -   training loss: 1.544e-04   -   validation loss 2.311e-04
epoch 1820   -   training loss: 1.528e-04   -   validation loss 2.333e-04
epoch 1830   -   training loss: 1.517e-04   -   validation loss 2.301e-04
epoch 1840   -   training loss: 1.509e-04   -   validation loss 2.300e-04
epoch 1850   -   training loss: 1.489e-04   -   validation loss 2.318e-04
epoch 1860   -   training loss: 1.471e-04   -   validation loss 2.307e-04
epoch 1870   -   training loss: 1.454e-04   -   validation loss 2.318e-04
epoch 1880   -   training loss: 1.443e-04   -   validation loss 2.296e-04
epoch 1890   -   training loss: 1.426e-04   -   validation loss 2.280e-04
epoch 1900   -   training loss: 1.401e-04   -   validation loss 2.298e-04
epoch 1910   -   training loss: 1.382e-04   -   validation loss 2.322e-04
epoch 1920   -   training loss: 1.367e-04   -   validation loss 2.309e-04
epoch 1930   -   training loss: 1.352e-04   -   validation loss 2.300e-04
epoch 1940   -   training loss: 1.325e-04   -   validation loss 2.222e-04
epoch 1950   -   training loss: 1.307e-04   -   validation loss 2.149e-04
epoch 1960   -   training loss: 1.294e-04   -   validation loss 2.107e-04
epoch 1970   -   training loss: 1.280e-04   -   validation loss 2.094e-04
epoch 1980   -   training loss: 1.264e-04   -   validation loss 2.074e-04
epoch 1990   -   training loss: 1.251e-04   -   validation loss 2.052e-04
epoch 2000   -   training loss: 1.232e-04   -   validation loss 2.012e-04
  [ckpt] saved weights at iter 2000
epoch 2010   -   training loss: 1.217e-04   -   validation loss 1.995e-04
epoch 2020   -   training loss: 1.200e-04   -   validation loss 1.956e-04
epoch 2030   -   training loss: 1.187e-04   -   validation loss 1.947e-04
epoch 2040   -   training loss: 1.175e-04   -   validation loss 1.913e-04
epoch 2050   -   training loss: 1.162e-04   -   validation loss 1.899e-04
epoch 2060   -   training loss: 1.152e-04   -   validation loss 1.874e-04
epoch 2070   -   training loss: 1.139e-04   -   validation loss 1.856e-04
epoch 2080   -   training loss: 1.128e-04   -   validation loss 1.823e-04
epoch 2090   -   training loss: 1.116e-04   -   validation loss 1.823e-04
epoch 2100   -   training loss: 1.101e-04   -   validation loss 1.770e-04
epoch 2110   -   training loss: 1.085e-04   -   validation loss 1.763e-04
epoch 2120   -   training loss: 1.073e-04   -   validation loss 1.763e-04
epoch 2130   -   training loss: 1.065e-04   -   validation loss 1.776e-04
epoch 2140   -   training loss: 1.051e-04   -   validation loss 1.775e-04
epoch 2150   -   training loss: 1.040e-04   -   validation loss 1.782e-04
epoch 2160   -   training loss: 1.023e-04   -   validation loss 1.795e-04
epoch 2170   -   training loss: 1.013e-04   -   validation loss 1.811e-04
epoch 2180   -   training loss: 1.004e-04   -   validation loss 1.759e-04
epoch 2190   -   training loss: 9.895e-05   -   validation loss 1.717e-04
epoch 2200   -   training loss: 9.758e-05   -   validation loss 1.695e-04
  [ckpt] saved weights at iter 2200
epoch 2210   -   training loss: 9.629e-05   -   validation loss 1.652e-04
epoch 2220   -   training loss: 9.556e-05   -   validation loss 1.640e-04
epoch 2230   -   training loss: 9.461e-05   -   validation loss 1.648e-04
epoch 2240   -   training loss: 9.361e-05   -   validation loss 1.691e-04
epoch 2250   -   training loss: 9.277e-05   -   validation loss 1.704e-04
epoch 2260   -   training loss: 9.186e-05   -   validation loss 1.701e-04
epoch 2270   -   training loss: 9.058e-05   -   validation loss 1.739e-04
epoch 2280   -   training loss: 8.937e-05   -   validation loss 1.726e-04
epoch 2290   -   training loss: 8.838e-05   -   validation loss 1.722e-04
epoch 2300   -   training loss: 8.734e-05   -   validation loss 1.726e-04
epoch 2310   -   training loss: 8.629e-05   -   validation loss 1.708e-04
epoch 2320   -   training loss: 8.546e-05   -   validation loss 1.701e-04
epoch 2330   -   training loss: 8.468e-05   -   validation loss 1.710e-04
epoch 2340   -   training loss: 8.382e-05   -   validation loss 1.719e-04
epoch 2350   -   training loss: 8.263e-05   -   validation loss 1.747e-04
epoch 2360   -   training loss: 8.168e-05   -   validation loss 1.729e-04
epoch 2370   -   training loss: 8.049e-05   -   validation loss 1.682e-04
epoch 2380   -   training loss: 7.970e-05   -   validation loss 1.679e-04
epoch 2390   -   training loss: 7.915e-05   -   validation loss 1.691e-04
epoch 2400   -   training loss: 7.841e-05   -   validation loss 1.733e-04
  [ckpt] saved weights at iter 2400
epoch 2410   -   training loss: 7.738e-05   -   validation loss 1.705e-04
epoch 2420   -   training loss: 7.666e-05   -   validation loss 1.722e-04
epoch 2430   -   training loss: 7.620e-05   -   validation loss 1.685e-04
epoch 2440   -   training loss: 7.578e-05   -   validation loss 1.672e-04
epoch 2450   -   training loss: 7.549e-05   -   validation loss 1.683e-04
epoch 2460   -   training loss: 7.491e-05   -   validation loss 1.662e-04
epoch 2470   -   training loss: 7.433e-05   -   validation loss 1.665e-04
epoch 2480   -   training loss: 7.394e-05   -   validation loss 1.656e-04
epoch 2490   -   training loss: 7.348e-05   -   validation loss 1.643e-04
epoch 2500   -   training loss: 7.314e-05   -   validation loss 1.632e-04
epoch 2510   -   training loss: 7.284e-05   -   validation loss 1.624e-04
epoch 2520   -   training loss: 7.245e-05   -   validation loss 1.624e-04
epoch 2530   -   training loss: 7.178e-05   -   validation loss 1.591e-04
epoch 2540   -   training loss: 7.119e-05   -   validation loss 1.610e-04
epoch 2550   -   training loss: 7.066e-05   -   validation loss 1.627e-04
epoch 2560   -   training loss: 7.026e-05   -   validation loss 1.626e-04
epoch 2570   -   training loss: 6.987e-05   -   validation loss 1.610e-04
epoch 2580   -   training loss: 6.933e-05   -   validation loss 1.599e-04
epoch 2590   -   training loss: 6.887e-05   -   validation loss 1.584e-04
epoch 2600   -   training loss: 6.848e-05   -   validation loss 1.590e-04
  [ckpt] saved weights at iter 2600
epoch 2610   -   training loss: 6.796e-05   -   validation loss 1.566e-04
epoch 2620   -   training loss: 6.770e-05   -   validation loss 1.566e-04
epoch 2630   -   training loss: 6.738e-05   -   validation loss 1.574e-04
epoch 2640   -   training loss: 6.704e-05   -   validation loss 1.577e-04
epoch 2650   -   training loss: 6.671e-05   -   validation loss 1.574e-04
epoch 2660   -   training loss: 6.629e-05   -   validation loss 1.564e-04
epoch 2670   -   training loss: 6.571e-05   -   validation loss 1.548e-04
epoch 2680   -   training loss: 6.524e-05   -   validation loss 1.544e-04
epoch 2690   -   training loss: 6.476e-05   -   validation loss 1.536e-04
epoch 2700   -   training loss: 6.446e-05   -   validation loss 1.508e-04
epoch 2710   -   training loss: 6.392e-05   -   validation loss 1.471e-04
epoch 2720   -   training loss: 6.353e-05   -   validation loss 1.464e-04
epoch 2730   -   training loss: 6.326e-05   -   validation loss 1.451e-04
epoch 2740   -   training loss: 6.282e-05   -   validation loss 1.440e-04
epoch 2750   -   training loss: 6.251e-05   -   validation loss 1.452e-04
epoch 2760   -   training loss: 6.217e-05   -   validation loss 1.452e-04
epoch 2770   -   training loss: 6.198e-05   -   validation loss 1.439e-04
epoch 2780   -   training loss: 6.166e-05   -   validation loss 1.426e-04
epoch 2790   -   training loss: 6.107e-05   -   validation loss 1.392e-04
epoch 2800   -   training loss: 6.066e-05   -   validation loss 1.389e-04
  [ckpt] saved weights at iter 2800
epoch 2810   -   training loss: 6.008e-05   -   validation loss 1.400e-04
epoch 2820   -   training loss: 5.963e-05   -   validation loss 1.418e-04
epoch 2830   -   training loss: 5.914e-05   -   validation loss 1.410e-04
epoch 2840   -   training loss: 5.882e-05   -   validation loss 1.402e-04
epoch 2850   -   training loss: 5.843e-05   -   validation loss 1.398e-04
epoch 2860   -   training loss: 5.785e-05   -   validation loss 1.392e-04
epoch 2870   -   training loss: 5.748e-05   -   validation loss 1.375e-04
epoch 2880   -   training loss: 5.718e-05   -   validation loss 1.387e-04
epoch 2890   -   training loss: 5.666e-05   -   validation loss 1.396e-04
epoch 2900   -   training loss: 5.622e-05   -   validation loss 1.393e-04
epoch 2910   -   training loss: 5.587e-05   -   validation loss 1.404e-04
epoch 2920   -   training loss: 5.560e-05   -   validation loss 1.411e-04
epoch 2930   -   training loss: 5.533e-05   -   validation loss 1.402e-04
epoch 2940   -   training loss: 5.496e-05   -   validation loss 1.398e-04
epoch 2950   -   training loss: 5.456e-05   -   validation loss 1.398e-04
epoch 2960   -   training loss: 5.429e-05   -   validation loss 1.408e-04
epoch 2970   -   training loss: 5.399e-05   -   validation loss 1.393e-04
epoch 2980   -   training loss: 5.378e-05   -   validation loss 1.401e-04
epoch 2990   -   training loss: 5.348e-05   -   validation loss 1.347e-04
epoch 3000   -   training loss: 5.317e-05   -   validation loss 1.343e-04
  [ckpt] saved weights at iter 3000
epoch 3010   -   training loss: 5.273e-05   -   validation loss 1.355e-04
epoch 3020   -   training loss: 5.248e-05   -   validation loss 1.370e-04
epoch 3030   -   training loss: 5.218e-05   -   validation loss 1.375e-04
epoch 3040   -   training loss: 5.205e-05   -   validation loss 1.365e-04
epoch 3050   -   training loss: 5.187e-05   -   validation loss 1.362e-04
epoch 3060   -   training loss: 5.167e-05   -   validation loss 1.362e-04
epoch 3070   -   training loss: 5.140e-05   -   validation loss 1.374e-04
epoch 3080   -   training loss: 5.108e-05   -   validation loss 1.382e-04
epoch 3090   -   training loss: 5.075e-05   -   validation loss 1.360e-04
epoch 3100   -   training loss: 5.044e-05   -   validation loss 1.349e-04
epoch 3110   -   training loss: 5.023e-05   -   validation loss 1.364e-04
epoch 3120   -   training loss: 5.008e-05   -   validation loss 1.362e-04
epoch 3130   -   training loss: 4.988e-05   -   validation loss 1.357e-04
epoch 3140   -   training loss: 4.946e-05   -   validation loss 1.371e-04
epoch 3150   -   training loss: 4.928e-05   -   validation loss 1.371e-04
epoch 3160   -   training loss: 4.907e-05   -   validation loss 1.401e-04
epoch 3170   -   training loss: 4.880e-05   -   validation loss 1.392e-04
epoch 3180   -   training loss: 4.844e-05   -   validation loss 1.343e-04
epoch 3190   -   training loss: 4.820e-05   -   validation loss 1.325e-04
epoch 3200   -   training loss: 4.803e-05   -   validation loss 1.327e-04
  [ckpt] saved weights at iter 3200
epoch 3210   -   training loss: 4.782e-05   -   validation loss 1.309e-04
epoch 3220   -   training loss: 4.743e-05   -   validation loss 1.337e-04
epoch 3230   -   training loss: 4.706e-05   -   validation loss 1.346e-04
epoch 3240   -   training loss: 4.682e-05   -   validation loss 1.377e-04
epoch 3250   -   training loss: 4.666e-05   -   validation loss 1.384e-04
epoch 3260   -   training loss: 4.653e-05   -   validation loss 1.392e-04
epoch 3270   -   training loss: 4.634e-05   -   validation loss 1.397e-04
epoch 3280   -   training loss: 4.595e-05   -   validation loss 1.416e-04
epoch 3290   -   training loss: 4.572e-05   -   validation loss 1.414e-04
epoch 3300   -   training loss: 4.555e-05   -   validation loss 1.416e-04
epoch 3310   -   training loss: 4.522e-05   -   validation loss 1.385e-04
epoch 3320   -   training loss: 4.506e-05   -   validation loss 1.376e-04
epoch 3330   -   training loss: 4.488e-05   -   validation loss 1.370e-04
epoch 3340   -   training loss: 4.469e-05   -   validation loss 1.364e-04
epoch 3350   -   training loss: 4.451e-05   -   validation loss 1.358e-04
epoch 3360   -   training loss: 4.437e-05   -   validation loss 1.357e-04
epoch 3370   -   training loss: 4.420e-05   -   validation loss 1.359e-04
epoch 3380   -   training loss: 4.398e-05   -   validation loss 1.341e-04
epoch 3390   -   training loss: 4.380e-05   -   validation loss 1.322e-04
epoch 3400   -   training loss: 4.364e-05   -   validation loss 1.310e-04
  [ckpt] saved weights at iter 3400
epoch 3410   -   training loss: 4.353e-05   -   validation loss 1.327e-04
epoch 3420   -   training loss: 4.331e-05   -   validation loss 1.318e-04
epoch 3430   -   training loss: 4.312e-05   -   validation loss 1.353e-04
epoch 3440   -   training loss: 4.299e-05   -   validation loss 1.363e-04
epoch 3450   -   training loss: 4.274e-05   -   validation loss 1.373e-04
epoch 3460   -   training loss: 4.259e-05   -   validation loss 1.378e-04
epoch 3470   -   training loss: 4.250e-05   -   validation loss 1.364e-04
epoch 3480   -   training loss: 4.238e-05   -   validation loss 1.371e-04
epoch 3490   -   training loss: 4.217e-05   -   validation loss 1.395e-04
epoch 3500   -   training loss: 4.207e-05   -   validation loss 1.383e-04
epoch 3510   -   training loss: 4.196e-05   -   validation loss 1.393e-04
epoch 3520   -   training loss: 4.180e-05   -   validation loss 1.382e-04
epoch 3530   -   training loss: 4.169e-05   -   validation loss 1.365e-04
epoch 3540   -   training loss: 4.152e-05   -   validation loss 1.343e-04
epoch 3550   -   training loss: 4.132e-05   -   validation loss 1.314e-04
epoch 3560   -   training loss: 4.121e-05   -   validation loss 1.312e-04
epoch 3570   -   training loss: 4.105e-05   -   validation loss 1.316e-04
epoch 3580   -   training loss: 4.094e-05   -   validation loss 1.299e-04
epoch 3590   -   training loss: 4.081e-05   -   validation loss 1.312e-04
epoch 3600   -   training loss: 4.059e-05   -   validation loss 1.301e-04
  [ckpt] saved weights at iter 3600
epoch 3610   -   training loss: 4.027e-05   -   validation loss 1.314e-04
epoch 3620   -   training loss: 4.009e-05   -   validation loss 1.326e-04
epoch 3630   -   training loss: 3.998e-05   -   validation loss 1.322e-04
epoch 3640   -   training loss: 3.993e-05   -   validation loss 1.323e-04
epoch 3650   -   training loss: 3.985e-05   -   validation loss 1.342e-04
epoch 3660   -   training loss: 3.972e-05   -   validation loss 1.336e-04
epoch 3670   -   training loss: 3.955e-05   -   validation loss 1.329e-04
epoch 3680   -   training loss: 3.926e-05   -   validation loss 1.314e-04
epoch 3690   -   training loss: 3.913e-05   -   validation loss 1.336e-04
epoch 3700   -   training loss: 3.904e-05   -   validation loss 1.336e-04
epoch 3710   -   training loss: 3.867e-05   -   validation loss 1.338e-04
epoch 3720   -   training loss: 3.841e-05   -   validation loss 1.302e-04
epoch 3730   -   training loss: 3.823e-05   -   validation loss 1.307e-04
epoch 3740   -   training loss: 3.812e-05   -   validation loss 1.320e-04
epoch 3750   -   training loss: 3.802e-05   -   validation loss 1.309e-04
epoch 3760   -   training loss: 3.779e-05   -   validation loss 1.299e-04
epoch 3770   -   training loss: 3.756e-05   -   validation loss 1.311e-04
epoch 3780   -   training loss: 3.741e-05   -   validation loss 1.320e-04
epoch 3790   -   training loss: 3.732e-05   -   validation loss 1.321e-04
epoch 3800   -   training loss: 3.725e-05   -   validation loss 1.321e-04
  [ckpt] saved weights at iter 3800
epoch 3810   -   training loss: 3.711e-05   -   validation loss 1.326e-04
epoch 3820   -   training loss: 3.690e-05   -   validation loss 1.320e-04
epoch 3830   -   training loss: 3.665e-05   -   validation loss 1.342e-04
epoch 3840   -   training loss: 3.650e-05   -   validation loss 1.354e-04
epoch 3850   -   training loss: 3.636e-05   -   validation loss 1.351e-04
epoch 3860   -   training loss: 3.629e-05   -   validation loss 1.360e-04
epoch 3870   -   training loss: 3.616e-05   -   validation loss 1.359e-04
epoch 3880   -   training loss: 3.606e-05   -   validation loss 1.352e-04
epoch 3890   -   training loss: 3.591e-05   -   validation loss 1.353e-04
epoch 3900   -   training loss: 3.578e-05   -   validation loss 1.332e-04
epoch 3910   -   training loss: 3.568e-05   -   validation loss 1.323e-04
epoch 3920   -   training loss: 3.556e-05   -   validation loss 1.299e-04
epoch 3930   -   training loss: 3.550e-05   -   validation loss 1.296e-04
epoch 3940   -   training loss: 3.535e-05   -   validation loss 1.291e-04
epoch 3950   -   training loss: 3.520e-05   -   validation loss 1.296e-04
epoch 3960   -   training loss: 3.497e-05   -   validation loss 1.319e-04
epoch 3970   -   training loss: 3.486e-05   -   validation loss 1.337e-04
epoch 3980   -   training loss: 3.475e-05   -   validation loss 1.328e-04
epoch 3990   -   training loss: 3.467e-05   -   validation loss 1.330e-04
epoch 4000   -   training loss: 3.452e-05   -   validation loss 1.344e-04
  [ckpt] saved weights at iter 4000
epoch 4010   -   training loss: 3.440e-05   -   validation loss 1.354e-04
epoch 4020   -   training loss: 3.432e-05   -   validation loss 1.359e-04
epoch 4030   -   training loss: 3.420e-05   -   validation loss 1.372e-04
epoch 4040   -   training loss: 3.406e-05   -   validation loss 1.365e-04
epoch 4050   -   training loss: 3.398e-05   -   validation loss 1.365e-04
epoch 4060   -   training loss: 3.386e-05   -   validation loss 1.365e-04
epoch 4070   -   training loss: 3.373e-05   -   validation loss 1.332e-04
epoch 4080   -   training loss: 3.362e-05   -   validation loss 1.313e-04
epoch 4090   -   training loss: 3.354e-05   -   validation loss 1.329e-04
epoch 4100   -   training loss: 3.348e-05   -   validation loss 1.311e-04
epoch 4110   -   training loss: 3.340e-05   -   validation loss 1.300e-04
epoch 4120   -   training loss: 3.337e-05   -   validation loss 1.298e-04
epoch 4130   -   training loss: 3.331e-05   -   validation loss 1.281e-04
epoch 4140   -   training loss: 3.320e-05   -   validation loss 1.269e-04
epoch 4150   -   training loss: 3.306e-05   -   validation loss 1.269e-04
epoch 4160   -   training loss: 3.302e-05   -   validation loss 1.270e-04
epoch 4170   -   training loss: 3.298e-05   -   validation loss 1.274e-04
epoch 4180   -   training loss: 3.290e-05   -   validation loss 1.268e-04
epoch 4190   -   training loss: 3.276e-05   -   validation loss 1.285e-04
epoch 4200   -   training loss: 3.267e-05   -   validation loss 1.275e-04
  [ckpt] saved weights at iter 4200
epoch 4210   -   training loss: 3.259e-05   -   validation loss 1.271e-04
epoch 4220   -   training loss: 3.255e-05   -   validation loss 1.274e-04
epoch 4230   -   training loss: 3.253e-05   -   validation loss 1.271e-04
epoch 4240   -   training loss: 3.234e-05   -   validation loss 1.267e-04
epoch 4250   -   training loss: 3.208e-05   -   validation loss 1.296e-04
epoch 4260   -   training loss: 3.203e-05   -   validation loss 1.297e-04
epoch 4270   -   training loss: 3.198e-05   -   validation loss 1.291e-04
epoch 4280   -   training loss: 3.194e-05   -   validation loss 1.301e-04
epoch 4290   -   training loss: 3.189e-05   -   validation loss 1.311e-04
epoch 4300   -   training loss: 3.178e-05   -   validation loss 1.292e-04
epoch 4310   -   training loss: 3.168e-05   -   validation loss 1.285e-04
epoch 4320   -   training loss: 3.163e-05   -   validation loss 1.292e-04
epoch 4330   -   training loss: 3.157e-05   -   validation loss 1.291e-04
epoch 4340   -   training loss: 3.153e-05   -   validation loss 1.294e-04
epoch 4350   -   training loss: 3.147e-05   -   validation loss 1.301e-04
epoch 4360   -   training loss: 3.131e-05   -   validation loss 1.296e-04
epoch 4370   -   training loss: 3.115e-05   -   validation loss 1.281e-04
epoch 4380   -   training loss: 3.111e-05   -   validation loss 1.277e-04
epoch 4390   -   training loss: 3.107e-05   -   validation loss 1.272e-04
epoch 4400   -   training loss: 3.098e-05   -   validation loss 1.278e-04
  [ckpt] saved weights at iter 4400
  Saved config.json to /work/u10677113/LDNet_GLA/clean/models_damped_l003_full/latent_10
  NRMSE F_y: 4.460e-03   1-rho: 7.172e-04
  NRMSE M_z: 4.611e-03   1-rho: 1.582e-03
  NRMSE combined: 2.371e-03   1-rho: 5.372e-05
  Saved /work/u10677113/LDNet_GLA/clean/models_damped_l003_full/latent_10/timeseries.png

Saved summary plot: /work/u10677113/LDNet_GLA/clean/models_damped_l003_full/summary/nrmse_rho_vs_latent.png

Sweep complete.
=== FULL-CONV l003 done @ Wed 10 Jun 17:25:09 CEST 2026 ===
