2026-06-30 21:21:53.021663: I tensorflow/core/util/port.cc:111] oneDNN custom operations are on. You may see slightly different numerical results due to floating-point round-off errors from different computation orders. To turn them off, set the environment variable `TF_ENABLE_ONEDNN_OPTS=0`.
2026-06-30 21:21:55.342200: E tensorflow/compiler/xla/stream_executor/cuda/cuda_dnn.cc:9360] Unable to register cuDNN factory: Attempting to register factory for plugin cuDNN when one has already been registered
2026-06-30 21:21:55.347597: E tensorflow/compiler/xla/stream_executor/cuda/cuda_fft.cc:609] Unable to register cuFFT factory: Attempting to register factory for plugin cuFFT when one has already been registered
2026-06-30 21:21:55.364224: E tensorflow/compiler/xla/stream_executor/cuda/cuda_blas.cc:1537] Unable to register cuBLAS factory: Attempting to register factory for plugin cuBLAS when one has already been registered
2026-06-30 21:21:56.744059: I tensorflow/core/platform/cpu_feature_guard.cc:183] This TensorFlow binary is optimized to use available CPU instructions in performance-critical operations.
To enable the following instructions: SSE3 SSE4.1 SSE4.2 AVX, in other operations, rebuild TensorFlow with the appropriate compiler flags.

============================================================
  num_latent_states = 1  [output_nl=linear sampling=uniform restarts=2 adam=300 bfgs=2000]
============================================================
Tracing functions with autograph...
Tracing completed.
epoch    0   -   training loss: 5.089e-01   -   validation loss 5.107e-01
  Adam (restart 1/2)...
epoch   10   -   training loss: 2.954e-02   -   validation loss 3.114e-02
epoch   20   -   training loss: 3.225e-02   -   validation loss 3.364e-02
epoch   30   -   training loss: 2.300e-02   -   validation loss 2.414e-02
epoch   40   -   training loss: 2.327e-02   -   validation loss 2.460e-02
epoch   50   -   training loss: 2.197e-02   -   validation loss 2.330e-02
epoch   60   -   training loss: 2.196e-02   -   validation loss 2.319e-02
epoch   70   -   training loss: 2.186e-02   -   validation loss 2.313e-02
epoch   80   -   training loss: 2.179e-02   -   validation loss 2.304e-02
epoch   90   -   training loss: 2.178e-02   -   validation loss 2.305e-02
epoch  100   -   training loss: 2.178e-02   -   validation loss 2.304e-02
epoch  110   -   training loss: 2.177e-02   -   validation loss 2.303e-02
epoch  120   -   training loss: 2.177e-02   -   validation loss 2.303e-02
epoch  130   -   training loss: 2.176e-02   -   validation loss 2.303e-02
epoch  140   -   training loss: 2.176e-02   -   validation loss 2.302e-02
epoch  150   -   training loss: 2.176e-02   -   validation loss 2.302e-02
epoch  160   -   training loss: 2.176e-02   -   validation loss 2.302e-02
epoch  170   -   training loss: 2.176e-02   -   validation loss 2.301e-02
epoch  180   -   training loss: 2.175e-02   -   validation loss 2.301e-02
epoch  190   -   training loss: 2.175e-02   -   validation loss 2.301e-02
epoch  200   -   training loss: 2.175e-02   -   validation loss 2.300e-02
epoch  210   -   training loss: 2.175e-02   -   validation loss 2.300e-02
epoch  220   -   training loss: 2.175e-02   -   validation loss 2.300e-02
epoch  230   -   training loss: 2.175e-02   -   validation loss 2.299e-02
epoch  240   -   training loss: 2.174e-02   -   validation loss 2.299e-02
epoch  250   -   training loss: 2.174e-02   -   validation loss 2.299e-02
epoch  260   -   training loss: 2.174e-02   -   validation loss 2.298e-02
epoch  270   -   training loss: 2.174e-02   -   validation loss 2.298e-02
epoch  280   -   training loss: 2.173e-02   -   validation loss 2.297e-02
epoch  290   -   training loss: 2.173e-02   -   validation loss 2.297e-02
epoch  300   -   training loss: 2.172e-02   -   validation loss 2.296e-02
    restart 0: val loss after Adam = 2.296e-02
Tracing functions with autograph...
Tracing completed.
epoch    0   -   training loss: 5.115e-02   -   validation loss 6.881e-02
  Adam (restart 2/2)...
epoch   10   -   training loss: 5.676e-02   -   validation loss 6.411e-02
epoch   20   -   training loss: 2.676e-02   -   validation loss 2.861e-02
epoch   30   -   training loss: 2.270e-02   -   validation loss 2.442e-02
epoch   40   -   training loss: 2.293e-02   -   validation loss 2.435e-02
epoch   50   -   training loss: 2.197e-02   -   validation loss 2.337e-02
epoch   60   -   training loss: 2.178e-02   -   validation loss 2.310e-02
epoch   70   -   training loss: 2.172e-02   -   validation loss 2.301e-02
epoch   80   -   training loss: 2.167e-02   -   validation loss 2.293e-02
epoch   90   -   training loss: 2.163e-02   -   validation loss 2.288e-02
epoch  100   -   training loss: 2.159e-02   -   validation loss 2.283e-02
epoch  110   -   training loss: 2.153e-02   -   validation loss 2.278e-02
epoch  120   -   training loss: 2.133e-02   -   validation loss 2.263e-02
epoch  130   -   training loss: 2.111e-02   -   validation loss 2.244e-02
epoch  140   -   training loss: 2.096e-02   -   validation loss 2.227e-02
epoch  150   -   training loss: 2.084e-02   -   validation loss 2.231e-02
epoch  160   -   training loss: 2.066e-02   -   validation loss 2.223e-02
epoch  170   -   training loss: 2.020e-02   -   validation loss 2.196e-02
epoch  180   -   training loss: 1.985e-02   -   validation loss 2.132e-02
epoch  190   -   training loss: 1.959e-02   -   validation loss 2.101e-02
epoch  200   -   training loss: 1.934e-02   -   validation loss 2.078e-02
epoch  210   -   training loss: 1.913e-02   -   validation loss 2.057e-02
epoch  220   -   training loss: 1.892e-02   -   validation loss 2.037e-02
epoch  230   -   training loss: 1.870e-02   -   validation loss 2.016e-02
epoch  240   -   training loss: 1.848e-02   -   validation loss 1.993e-02
epoch  250   -   training loss: 1.827e-02   -   validation loss 1.972e-02
epoch  260   -   training loss: 1.807e-02   -   validation loss 1.951e-02
epoch  270   -   training loss: 1.789e-02   -   validation loss 1.930e-02
epoch  280   -   training loss: 1.773e-02   -   validation loss 1.911e-02
epoch  290   -   training loss: 1.759e-02   -   validation loss 1.895e-02
epoch  300   -   training loss: 1.747e-02   -   validation loss 1.880e-02
    restart 1: val loss after Adam = 1.880e-02
Tracing functions with autograph...
Tracing completed.
epoch    0   -   training loss: 1.747e-02   -   validation loss 1.880e-02
  BFGS (best Adam val=1.880e-02)...
epoch   10   -   training loss: 1.723e-02   -   validation loss 1.880e-02
epoch   20   -   training loss: 1.701e-02   -   validation loss 1.839e-02
epoch   30   -   training loss: 1.682e-02   -   validation loss 1.815e-02
epoch   40   -   training loss: 1.665e-02   -   validation loss 1.797e-02
epoch   50   -   training loss: 1.653e-02   -   validation loss 1.773e-02
epoch   60   -   training loss: 1.639e-02   -   validation loss 1.777e-02
epoch   70   -   training loss: 1.627e-02   -   validation loss 1.771e-02
epoch   80   -   training loss: 1.614e-02   -   validation loss 1.762e-02
epoch   90   -   training loss: 1.592e-02   -   validation loss 1.774e-02
epoch  100   -   training loss: 1.571e-02   -   validation loss 1.742e-02
epoch  110   -   training loss: 1.551e-02   -   validation loss 1.751e-02
epoch  120   -   training loss: 1.519e-02   -   validation loss 1.707e-02
epoch  130   -   training loss: 1.485e-02   -   validation loss 1.689e-02
epoch  140   -   training loss: 1.464e-02   -   validation loss 1.657e-02
epoch  150   -   training loss: 1.443e-02   -   validation loss 1.626e-02
epoch  160   -   training loss: 1.425e-02   -   validation loss 1.605e-02
epoch  170   -   training loss: 1.407e-02   -   validation loss 1.592e-02
epoch  180   -   training loss: 1.388e-02   -   validation loss 1.574e-02
epoch  190   -   training loss: 1.368e-02   -   validation loss 1.563e-02
epoch  200   -   training loss: 1.354e-02   -   validation loss 1.550e-02
epoch  210   -   training loss: 1.338e-02   -   validation loss 1.536e-02
epoch  220   -   training loss: 1.323e-02   -   validation loss 1.514e-02
epoch  230   -   training loss: 1.313e-02   -   validation loss 1.501e-02
epoch  240   -   training loss: 1.305e-02   -   validation loss 1.492e-02
epoch  250   -   training loss: 1.294e-02   -   validation loss 1.479e-02
epoch  260   -   training loss: 1.286e-02   -   validation loss 1.466e-02
epoch  270   -   training loss: 1.276e-02   -   validation loss 1.461e-02
epoch  280   -   training loss: 1.269e-02   -   validation loss 1.463e-02
epoch  290   -   training loss: 1.263e-02   -   validation loss 1.452e-02
epoch  300   -   training loss: 1.257e-02   -   validation loss 1.445e-02
epoch  310   -   training loss: 1.253e-02   -   validation loss 1.440e-02
epoch  320   -   training loss: 1.248e-02   -   validation loss 1.430e-02
epoch  330   -   training loss: 1.242e-02   -   validation loss 1.411e-02
epoch  340   -   training loss: 1.236e-02   -   validation loss 1.399e-02
epoch  350   -   training loss: 1.231e-02   -   validation loss 1.398e-02
epoch  360   -   training loss: 1.227e-02   -   validation loss 1.388e-02
epoch  370   -   training loss: 1.223e-02   -   validation loss 1.385e-02
epoch  380   -   training loss: 1.220e-02   -   validation loss 1.385e-02
epoch  390   -   training loss: 1.216e-02   -   validation loss 1.384e-02
epoch  400   -   training loss: 1.211e-02   -   validation loss 1.382e-02
epoch  410   -   training loss: 1.208e-02   -   validation loss 1.375e-02
epoch  420   -   training loss: 1.203e-02   -   validation loss 1.367e-02
epoch  430   -   training loss: 1.200e-02   -   validation loss 1.366e-02
epoch  440   -   training loss: 1.197e-02   -   validation loss 1.355e-02
epoch  450   -   training loss: 1.194e-02   -   validation loss 1.358e-02
epoch  460   -   training loss: 1.192e-02   -   validation loss 1.360e-02
epoch  470   -   training loss: 1.189e-02   -   validation loss 1.364e-02
epoch  480   -   training loss: 1.186e-02   -   validation loss 1.362e-02
epoch  490   -   training loss: 1.184e-02   -   validation loss 1.348e-02
epoch  500   -   training loss: 1.181e-02   -   validation loss 1.335e-02
epoch  510   -   training loss: 1.178e-02   -   validation loss 1.327e-02
epoch  520   -   training loss: 1.176e-02   -   validation loss 1.329e-02
epoch  530   -   training loss: 1.174e-02   -   validation loss 1.325e-02
epoch  540   -   training loss: 1.172e-02   -   validation loss 1.332e-02
epoch  550   -   training loss: 1.170e-02   -   validation loss 1.335e-02
epoch  560   -   training loss: 1.168e-02   -   validation loss 1.336e-02
epoch  570   -   training loss: 1.167e-02   -   validation loss 1.335e-02
epoch  580   -   training loss: 1.165e-02   -   validation loss 1.336e-02
epoch  590   -   training loss: 1.163e-02   -   validation loss 1.337e-02
epoch  600   -   training loss: 1.161e-02   -   validation loss 1.340e-02
epoch  610   -   training loss: 1.160e-02   -   validation loss 1.341e-02
epoch  620   -   training loss: 1.158e-02   -   validation loss 1.339e-02
epoch  630   -   training loss: 1.157e-02   -   validation loss 1.337e-02
epoch  640   -   training loss: 1.156e-02   -   validation loss 1.338e-02
epoch  650   -   training loss: 1.154e-02   -   validation loss 1.336e-02
epoch  660   -   training loss: 1.152e-02   -   validation loss 1.328e-02
epoch  670   -   training loss: 1.150e-02   -   validation loss 1.330e-02
epoch  680   -   training loss: 1.147e-02   -   validation loss 1.335e-02
epoch  690   -   training loss: 1.144e-02   -   validation loss 1.342e-02
epoch  700   -   training loss: 1.142e-02   -   validation loss 1.344e-02
epoch  710   -   training loss: 1.138e-02   -   validation loss 1.350e-02
epoch  720   -   training loss: 1.135e-02   -   validation loss 1.354e-02
epoch  730   -   training loss: 1.131e-02   -   validation loss 1.364e-02
epoch  740   -   training loss: 1.126e-02   -   validation loss 1.376e-02
epoch  750   -   training loss: 1.123e-02   -   validation loss 1.375e-02
epoch  760   -   training loss: 1.119e-02   -   validation loss 1.367e-02
epoch  770   -   training loss: 1.115e-02   -   validation loss 1.356e-02
epoch  780   -   training loss: 1.112e-02   -   validation loss 1.342e-02
epoch  790   -   training loss: 1.109e-02   -   validation loss 1.347e-02
epoch  800   -   training loss: 1.106e-02   -   validation loss 1.340e-02
epoch  810   -   training loss: 1.104e-02   -   validation loss 1.337e-02
epoch  820   -   training loss: 1.101e-02   -   validation loss 1.338e-02
epoch  830   -   training loss: 1.099e-02   -   validation loss 1.330e-02
epoch  840   -   training loss: 1.096e-02   -   validation loss 1.321e-02
epoch  850   -   training loss: 1.094e-02   -   validation loss 1.319e-02
epoch  860   -   training loss: 1.092e-02   -   validation loss 1.323e-02
epoch  870   -   training loss: 1.090e-02   -   validation loss 1.319e-02
epoch  880   -   training loss: 1.088e-02   -   validation loss 1.328e-02
epoch  890   -   training loss: 1.086e-02   -   validation loss 1.331e-02
epoch  900   -   training loss: 1.084e-02   -   validation loss 1.335e-02
epoch  910   -   training loss: 1.082e-02   -   validation loss 1.331e-02
epoch  920   -   training loss: 1.080e-02   -   validation loss 1.322e-02
epoch  930   -   training loss: 1.078e-02   -   validation loss 1.321e-02
epoch  940   -   training loss: 1.077e-02   -   validation loss 1.318e-02
epoch  950   -   training loss: 1.075e-02   -   validation loss 1.306e-02
epoch  960   -   training loss: 1.073e-02   -   validation loss 1.305e-02
epoch  970   -   training loss: 1.072e-02   -   validation loss 1.306e-02
epoch  980   -   training loss: 1.070e-02   -   validation loss 1.303e-02
epoch  990   -   training loss: 1.068e-02   -   validation loss 1.306e-02
epoch 1000   -   training loss: 1.066e-02   -   validation loss 1.300e-02
epoch 1010   -   training loss: 1.064e-02   -   validation loss 1.295e-02
epoch 1020   -   training loss: 1.062e-02   -   validation loss 1.286e-02
epoch 1030   -   training loss: 1.061e-02   -   validation loss 1.283e-02
epoch 1040   -   training loss: 1.059e-02   -   validation loss 1.284e-02
epoch 1050   -   training loss: 1.057e-02   -   validation loss 1.290e-02
epoch 1060   -   training loss: 1.056e-02   -   validation loss 1.282e-02
epoch 1070   -   training loss: 1.055e-02   -   validation loss 1.281e-02
epoch 1080   -   training loss: 1.053e-02   -   validation loss 1.275e-02
epoch 1090   -   training loss: 1.052e-02   -   validation loss 1.269e-02
epoch 1100   -   training loss: 1.051e-02   -   validation loss 1.263e-02
epoch 1110   -   training loss: 1.049e-02   -   validation loss 1.262e-02
epoch 1120   -   training loss: 1.048e-02   -   validation loss 1.262e-02
epoch 1130   -   training loss: 1.047e-02   -   validation loss 1.260e-02
epoch 1140   -   training loss: 1.046e-02   -   validation loss 1.261e-02
epoch 1150   -   training loss: 1.045e-02   -   validation loss 1.265e-02
epoch 1160   -   training loss: 1.043e-02   -   validation loss 1.278e-02
epoch 1170   -   training loss: 1.042e-02   -   validation loss 1.285e-02
epoch 1180   -   training loss: 1.041e-02   -   validation loss 1.292e-02
epoch 1190   -   training loss: 1.040e-02   -   validation loss 1.290e-02
epoch 1200   -   training loss: 1.038e-02   -   validation loss 1.287e-02
epoch 1210   -   training loss: 1.037e-02   -   validation loss 1.291e-02
epoch 1220   -   training loss: 1.036e-02   -   validation loss 1.304e-02
epoch 1230   -   training loss: 1.034e-02   -   validation loss 1.300e-02
epoch 1240   -   training loss: 1.033e-02   -   validation loss 1.300e-02
epoch 1250   -   training loss: 1.032e-02   -   validation loss 1.304e-02
epoch 1260   -   training loss: 1.030e-02   -   validation loss 1.304e-02
epoch 1270   -   training loss: 1.029e-02   -   validation loss 1.303e-02
epoch 1280   -   training loss: 1.028e-02   -   validation loss 1.295e-02
epoch 1290   -   training loss: 1.027e-02   -   validation loss 1.305e-02
epoch 1300   -   training loss: 1.025e-02   -   validation loss 1.311e-02
epoch 1310   -   training loss: 1.024e-02   -   validation loss 1.319e-02
epoch 1320   -   training loss: 1.022e-02   -   validation loss 1.330e-02
epoch 1330   -   training loss: 1.021e-02   -   validation loss 1.333e-02
epoch 1340   -   training loss: 1.020e-02   -   validation loss 1.326e-02
epoch 1350   -   training loss: 1.019e-02   -   validation loss 1.330e-02
epoch 1360   -   training loss: 1.017e-02   -   validation loss 1.334e-02
epoch 1370   -   training loss: 1.016e-02   -   validation loss 1.325e-02
epoch 1380   -   training loss: 1.015e-02   -   validation loss 1.328e-02
epoch 1390   -   training loss: 1.013e-02   -   validation loss 1.328e-02
epoch 1400   -   training loss: 1.012e-02   -   validation loss 1.320e-02
epoch 1410   -   training loss: 1.011e-02   -   validation loss 1.323e-02
epoch 1420   -   training loss: 1.010e-02   -   validation loss 1.324e-02
epoch 1430   -   training loss: 1.008e-02   -   validation loss 1.311e-02
epoch 1440   -   training loss: 1.007e-02   -   validation loss 1.314e-02
epoch 1450   -   training loss: 1.006e-02   -   validation loss 1.310e-02
epoch 1460   -   training loss: 1.005e-02   -   validation loss 1.302e-02
epoch 1470   -   training loss: 1.003e-02   -   validation loss 1.315e-02
epoch 1480   -   training loss: 1.002e-02   -   validation loss 1.315e-02
epoch 1490   -   training loss: 1.001e-02   -   validation loss 1.297e-02
epoch 1500   -   training loss: 9.997e-03   -   validation loss 1.283e-02
epoch 1510   -   training loss: 9.989e-03   -   validation loss 1.275e-02
epoch 1520   -   training loss: 9.978e-03   -   validation loss 1.262e-02
epoch 1530   -   training loss: 9.968e-03   -   validation loss 1.257e-02
epoch 1540   -   training loss: 9.957e-03   -   validation loss 1.261e-02
epoch 1550   -   training loss: 9.944e-03   -   validation loss 1.262e-02
epoch 1560   -   training loss: 9.936e-03   -   validation loss 1.255e-02
epoch 1570   -   training loss: 9.928e-03   -   validation loss 1.258e-02
epoch 1580   -   training loss: 9.920e-03   -   validation loss 1.252e-02
epoch 1590   -   training loss: 9.909e-03   -   validation loss 1.248e-02
epoch 1600   -   training loss: 9.902e-03   -   validation loss 1.249e-02
epoch 1610   -   training loss: 9.894e-03   -   validation loss 1.246e-02
epoch 1620   -   training loss: 9.882e-03   -   validation loss 1.253e-02
epoch 1630   -   training loss: 9.872e-03   -   validation loss 1.274e-02
epoch 1640   -   training loss: 9.865e-03   -   validation loss 1.276e-02
epoch 1650   -   training loss: 9.859e-03   -   validation loss 1.279e-02
epoch 1660   -   training loss: 9.851e-03   -   validation loss 1.291e-02
epoch 1670   -   training loss: 9.842e-03   -   validation loss 1.305e-02
epoch 1680   -   training loss: 9.834e-03   -   validation loss 1.312e-02
epoch 1690   -   training loss: 9.827e-03   -   validation loss 1.307e-02
epoch 1700   -   training loss: 9.822e-03   -   validation loss 1.305e-02
epoch 1710   -   training loss: 9.814e-03   -   validation loss 1.288e-02
epoch 1720   -   training loss: 9.804e-03   -   validation loss 1.274e-02
epoch 1730   -   training loss: 9.793e-03   -   validation loss 1.276e-02
epoch 1740   -   training loss: 9.787e-03   -   validation loss 1.283e-02
epoch 1750   -   training loss: 9.778e-03   -   validation loss 1.304e-02
epoch 1760   -   training loss: 9.770e-03   -   validation loss 1.326e-02
epoch 1770   -   training loss: 9.763e-03   -   validation loss 1.334e-02
epoch 1780   -   training loss: 9.754e-03   -   validation loss 1.310e-02
epoch 1790   -   training loss: 9.744e-03   -   validation loss 1.295e-02
epoch 1800   -   training loss: 9.736e-03   -   validation loss 1.276e-02
epoch 1810   -   training loss: 9.730e-03   -   validation loss 1.292e-02
epoch 1820   -   training loss: 9.722e-03   -   validation loss 1.296e-02
epoch 1830   -   training loss: 9.715e-03   -   validation loss 1.284e-02
epoch 1840   -   training loss: 9.710e-03   -   validation loss 1.300e-02
epoch 1850   -   training loss: 9.701e-03   -   validation loss 1.319e-02
epoch 1860   -   training loss: 9.694e-03   -   validation loss 1.319e-02
epoch 1870   -   training loss: 9.687e-03   -   validation loss 1.321e-02
epoch 1880   -   training loss: 9.681e-03   -   validation loss 1.319e-02
epoch 1890   -   training loss: 9.673e-03   -   validation loss 1.303e-02
epoch 1900   -   training loss: 9.664e-03   -   validation loss 1.314e-02
epoch 1910   -   training loss: 9.658e-03   -   validation loss 1.334e-02
epoch 1920   -   training loss: 9.653e-03   -   validation loss 1.346e-02
epoch 1930   -   training loss: 9.644e-03   -   validation loss 1.368e-02
epoch 1940   -   training loss: 9.638e-03   -   validation loss 1.372e-02
epoch 1950   -   training loss: 9.631e-03   -   validation loss 1.371e-02
epoch 1960   -   training loss: 9.621e-03   -   validation loss 1.380e-02
epoch 1970   -   training loss: 9.611e-03   -   validation loss 1.389e-02
epoch 1980   -   training loss: 9.607e-03   -   validation loss 1.384e-02
epoch 1990   -   training loss: 9.598e-03   -   validation loss 1.384e-02
epoch 2000   -   training loss: 9.588e-03   -   validation loss 1.390e-02
  eval (test, full grid):
  vx: NRMSE 1.514e-01  1-rho 2.946e-01
  vy: NRMSE 3.833e-02  1-rho 1.547e-01
  p: NRMSE 4.136e-02  1-rho 9.689e-02
  combined NRMSE 2.391e-02

============================================================
  num_latent_states = 5  [output_nl=linear sampling=uniform restarts=2 adam=300 bfgs=2000]
============================================================
Tracing functions with autograph...
Tracing completed.
epoch    0   -   training loss: 8.982e-01   -   validation loss 9.534e-01
  Adam (restart 1/2)...
epoch   10   -   training loss: 5.100e-02   -   validation loss 5.465e-02
epoch   20   -   training loss: 2.603e-02   -   validation loss 2.698e-02
epoch   30   -   training loss: 2.273e-02   -   validation loss 2.396e-02
epoch   40   -   training loss: 2.231e-02   -   validation loss 9.064e-01
epoch   50   -   training loss: 2.197e-02   -   validation loss 9.241e-01
epoch   60   -   training loss: 2.184e-02   -   validation loss 8.967e-01
epoch   70   -   training loss: 2.180e-02   -   validation loss 8.788e-01
epoch   80   -   training loss: 2.179e-02   -   validation loss 9.044e-01
epoch   90   -   training loss: 2.178e-02   -   validation loss 9.625e-01
epoch  100   -   training loss: 2.176e-02   -   validation loss 1.008e+00
epoch  110   -   training loss: 2.175e-02   -   validation loss 1.030e+00
epoch  120   -   training loss: 2.174e-02   -   validation loss 1.031e+00
epoch  130   -   training loss: 2.173e-02   -   validation loss 1.037e+00
epoch  140   -   training loss: 2.173e-02   -   validation loss 1.040e+00
epoch  150   -   training loss: 2.172e-02   -   validation loss 1.043e+00
epoch  160   -   training loss: 2.172e-02   -   validation loss 1.045e+00
epoch  170   -   training loss: 2.171e-02   -   validation loss 1.047e+00
epoch  180   -   training loss: 2.171e-02   -   validation loss 1.049e+00
epoch  190   -   training loss: 2.170e-02   -   validation loss 1.051e+00
epoch  200   -   training loss: 2.170e-02   -   validation loss 1.051e+00
epoch  210   -   training loss: 2.169e-02   -   validation loss 1.049e+00
epoch  220   -   training loss: 2.169e-02   -   validation loss 1.045e+00
epoch  230   -   training loss: 2.168e-02   -   validation loss 1.039e+00
epoch  240   -   training loss: 2.167e-02   -   validation loss 1.033e+00
epoch  250   -   training loss: 2.166e-02   -   validation loss 1.028e+00
epoch  260   -   training loss: 2.166e-02   -   validation loss 1.023e+00
epoch  270   -   training loss: 2.164e-02   -   validation loss 1.018e+00
epoch  280   -   training loss: 2.163e-02   -   validation loss 1.012e+00
epoch  290   -   training loss: 2.161e-02   -   validation loss 1.004e+00
epoch  300   -   training loss: 2.159e-02   -   validation loss 9.925e-01
    restart 0: val loss after Adam = 9.925e-01
Tracing functions with autograph...
Tracing completed.
epoch    0   -   training loss: 2.714e-01   -   validation loss 1.334e-01
  Adam (restart 2/2)...
epoch   10   -   training loss: 3.523e-02   -   validation loss 3.877e-02
epoch   20   -   training loss: 2.329e-02   -   validation loss 1.272e-01
epoch   30   -   training loss: 2.339e-02   -   validation loss 1.266e-01
epoch   40   -   training loss: 2.216e-02   -   validation loss 8.025e-02
epoch   50   -   training loss: 2.188e-02   -   validation loss 2.333e-02
epoch   60   -   training loss: 2.185e-02   -   validation loss 2.307e-02
epoch   70   -   training loss: 2.180e-02   -   validation loss 2.295e-02
epoch   80   -   training loss: 2.177e-02   -   validation loss 2.295e-02
epoch   90   -   training loss: 2.177e-02   -   validation loss 2.297e-02
epoch  100   -   training loss: 2.176e-02   -   validation loss 2.301e-02
epoch  110   -   training loss: 2.176e-02   -   validation loss 2.309e-02
epoch  120   -   training loss: 2.175e-02   -   validation loss 2.317e-02
epoch  130   -   training loss: 2.174e-02   -   validation loss 2.308e-02
epoch  140   -   training loss: 2.173e-02   -   validation loss 2.298e-02
epoch  150   -   training loss: 2.172e-02   -   validation loss 2.296e-02
epoch  160   -   training loss: 2.170e-02   -   validation loss 2.322e-02
epoch  170   -   training loss: 2.169e-02   -   validation loss 2.318e-02
epoch  180   -   training loss: 2.168e-02   -   validation loss 2.317e-02
epoch  190   -   training loss: 2.171e-02   -   validation loss 3.740e-02
epoch  200   -   training loss: 2.171e-02   -   validation loss 3.782e-02
epoch  210   -   training loss: 2.225e-02   -   validation loss 2.331e-02
epoch  220   -   training loss: 2.184e-02   -   validation loss 2.306e-02
epoch  230   -   training loss: 2.177e-02   -   validation loss 2.299e-02
epoch  240   -   training loss: 2.173e-02   -   validation loss 2.295e-02
epoch  250   -   training loss: 2.181e-02   -   validation loss 2.301e-02
epoch  260   -   training loss: 2.173e-02   -   validation loss 2.290e-02
epoch  270   -   training loss: 2.190e-02   -   validation loss 2.309e-02
epoch  280   -   training loss: 2.237e-02   -   validation loss 2.357e-02
epoch  290   -   training loss: 2.188e-02   -   validation loss 2.307e-02
epoch  300   -   training loss: 2.170e-02   -   validation loss 2.284e-02
    restart 1: val loss after Adam = 2.284e-02
Tracing functions with autograph...
Tracing completed.
epoch    0   -   training loss: 2.170e-02   -   validation loss 2.284e-02
  BFGS (best Adam val=2.284e-02)...
epoch   10   -   training loss: 2.132e-02   -   validation loss 5.470e-02
epoch   20   -   training loss: 2.117e-02   -   validation loss 4.941e-02
epoch   30   -   training loss: 2.109e-02   -   validation loss 2.240e-02
epoch   40   -   training loss: 2.097e-02   -   validation loss 2.234e-02
epoch   50   -   training loss: 2.084e-02   -   validation loss 5.143e-02
epoch   60   -   training loss: 2.053e-02   -   validation loss 3.818e-02
epoch   70   -   training loss: 2.030e-02   -   validation loss 2.767e-02
epoch   80   -   training loss: 2.002e-02   -   validation loss 2.210e-02
epoch   90   -   training loss: 1.964e-02   -   validation loss 2.141e-02
epoch  100   -   training loss: 1.911e-02   -   validation loss 2.070e-02
epoch  110   -   training loss: 1.857e-02   -   validation loss 2.045e-02
epoch  120   -   training loss: 1.821e-02   -   validation loss 1.985e-02
epoch  130   -   training loss: 1.800e-02   -   validation loss 1.949e-02
epoch  140   -   training loss: 1.779e-02   -   validation loss 1.912e-02
epoch  150   -   training loss: 1.763e-02   -   validation loss 1.896e-02
epoch  160   -   training loss: 1.738e-02   -   validation loss 1.904e-02
epoch  170   -   training loss: 1.718e-02   -   validation loss 1.907e-02
epoch  180   -   training loss: 1.701e-02   -   validation loss 1.859e-02
epoch  190   -   training loss: 1.683e-02   -   validation loss 1.837e-02
epoch  200   -   training loss: 1.671e-02   -   validation loss 1.815e-02
epoch  210   -   training loss: 1.657e-02   -   validation loss 1.822e-02
epoch  220   -   training loss: 1.646e-02   -   validation loss 1.799e-02
epoch  230   -   training loss: 1.635e-02   -   validation loss 1.767e-02
epoch  240   -   training loss: 1.627e-02   -   validation loss 1.756e-02
epoch  250   -   training loss: 1.617e-02   -   validation loss 1.736e-02
epoch  260   -   training loss: 1.608e-02   -   validation loss 1.727e-02
epoch  270   -   training loss: 1.587e-02   -   validation loss 1.731e-02
epoch  280   -   training loss: 1.572e-02   -   validation loss 1.708e-02
epoch  290   -   training loss: 1.546e-02   -   validation loss 1.706e-02
epoch  300   -   training loss: 1.526e-02   -   validation loss 1.694e-02
epoch  310   -   training loss: 1.503e-02   -   validation loss 1.689e-02
epoch  320   -   training loss: 1.483e-02   -   validation loss 1.650e-02
epoch  330   -   training loss: 1.468e-02   -   validation loss 1.632e-02
epoch  340   -   training loss: 1.452e-02   -   validation loss 1.622e-02
epoch  350   -   training loss: 1.430e-02   -   validation loss 1.615e-02
epoch  360   -   training loss: 1.420e-02   -   validation loss 1.638e-02
epoch  370   -   training loss: 1.412e-02   -   validation loss 1.616e-02
epoch  380   -   training loss: 1.403e-02   -   validation loss 1.614e-02
epoch  390   -   training loss: 1.392e-02   -   validation loss 1.620e-02
epoch  400   -   training loss: 1.382e-02   -   validation loss 1.644e-02
epoch  410   -   training loss: 1.375e-02   -   validation loss 1.656e-02
epoch  420   -   training loss: 1.367e-02   -   validation loss 1.605e-02
epoch  430   -   training loss: 1.360e-02   -   validation loss 1.600e-02
epoch  440   -   training loss: 1.354e-02   -   validation loss 1.578e-02
epoch  450   -   training loss: 1.348e-02   -   validation loss 1.570e-02
epoch  460   -   training loss: 1.344e-02   -   validation loss 1.565e-02
epoch  470   -   training loss: 1.339e-02   -   validation loss 1.557e-02
epoch  480   -   training loss: 1.335e-02   -   validation loss 1.559e-02
epoch  490   -   training loss: 1.329e-02   -   validation loss 1.549e-02
epoch  500   -   training loss: 1.322e-02   -   validation loss 1.517e-02
epoch  510   -   training loss: 1.313e-02   -   validation loss 1.515e-02
epoch  520   -   training loss: 1.305e-02   -   validation loss 1.506e-02
epoch  530   -   training loss: 1.298e-02   -   validation loss 1.496e-02
epoch  540   -   training loss: 1.291e-02   -   validation loss 1.471e-02
epoch  550   -   training loss: 1.285e-02   -   validation loss 1.466e-02
epoch  560   -   training loss: 1.279e-02   -   validation loss 1.452e-02
epoch  570   -   training loss: 1.273e-02   -   validation loss 1.455e-02
epoch  580   -   training loss: 1.266e-02   -   validation loss 1.457e-02
epoch  590   -   training loss: 1.261e-02   -   validation loss 1.458e-02
epoch  600   -   training loss: 1.256e-02   -   validation loss 1.452e-02
epoch  610   -   training loss: 1.252e-02   -   validation loss 1.449e-02
epoch  620   -   training loss: 1.248e-02   -   validation loss 1.448e-02
epoch  630   -   training loss: 1.244e-02   -   validation loss 1.459e-02
epoch  640   -   training loss: 1.240e-02   -   validation loss 1.444e-02
epoch  650   -   training loss: 1.237e-02   -   validation loss 1.424e-02
epoch  660   -   training loss: 1.234e-02   -   validation loss 1.415e-02
epoch  670   -   training loss: 1.231e-02   -   validation loss 1.401e-02
epoch  680   -   training loss: 1.228e-02   -   validation loss 1.401e-02
epoch  690   -   training loss: 1.226e-02   -   validation loss 1.399e-02
epoch  700   -   training loss: 1.223e-02   -   validation loss 1.386e-02
epoch  710   -   training loss: 1.221e-02   -   validation loss 1.381e-02
epoch  720   -   training loss: 1.219e-02   -   validation loss 1.376e-02
epoch  730   -   training loss: 1.217e-02   -   validation loss 1.378e-02
epoch  740   -   training loss: 1.215e-02   -   validation loss 1.378e-02
epoch  750   -   training loss: 1.212e-02   -   validation loss 1.375e-02
epoch  760   -   training loss: 1.208e-02   -   validation loss 1.371e-02
epoch  770   -   training loss: 1.205e-02   -   validation loss 1.369e-02
epoch  780   -   training loss: 1.202e-02   -   validation loss 1.372e-02
epoch  790   -   training loss: 1.199e-02   -   validation loss 1.368e-02
epoch  800   -   training loss: 1.196e-02   -   validation loss 1.368e-02
epoch  810   -   training loss: 1.194e-02   -   validation loss 1.365e-02
epoch  820   -   training loss: 1.190e-02   -   validation loss 1.361e-02
epoch  830   -   training loss: 1.188e-02   -   validation loss 1.364e-02
epoch  840   -   training loss: 1.185e-02   -   validation loss 1.355e-02
epoch  850   -   training loss: 1.183e-02   -   validation loss 1.359e-02
epoch  860   -   training loss: 1.180e-02   -   validation loss 1.356e-02
epoch  870   -   training loss: 1.179e-02   -   validation loss 1.359e-02
epoch  880   -   training loss: 1.177e-02   -   validation loss 1.355e-02
epoch  890   -   training loss: 1.175e-02   -   validation loss 1.355e-02
epoch  900   -   training loss: 1.173e-02   -   validation loss 1.356e-02
epoch  910   -   training loss: 1.171e-02   -   validation loss 1.357e-02
epoch  920   -   training loss: 1.170e-02   -   validation loss 1.353e-02
epoch  930   -   training loss: 1.168e-02   -   validation loss 1.347e-02
epoch  940   -   training loss: 1.167e-02   -   validation loss 1.341e-02
epoch  950   -   training loss: 1.166e-02   -   validation loss 1.333e-02
epoch  960   -   training loss: 1.164e-02   -   validation loss 1.332e-02
epoch  970   -   training loss: 1.163e-02   -   validation loss 1.332e-02
epoch  980   -   training loss: 1.161e-02   -   validation loss 1.336e-02
epoch  990   -   training loss: 1.160e-02   -   validation loss 1.342e-02
epoch 1000   -   training loss: 1.159e-02   -   validation loss 1.345e-02
epoch 1010   -   training loss: 1.157e-02   -   validation loss 1.348e-02
epoch 1020   -   training loss: 1.157e-02   -   validation loss 1.346e-02
epoch 1030   -   training loss: 1.155e-02   -   validation loss 1.334e-02
epoch 1040   -   training loss: 1.154e-02   -   validation loss 1.335e-02
epoch 1050   -   training loss: 1.153e-02   -   validation loss 1.324e-02
epoch 1060   -   training loss: 1.152e-02   -   validation loss 1.323e-02
epoch 1070   -   training loss: 1.151e-02   -   validation loss 1.321e-02
epoch 1080   -   training loss: 1.150e-02   -   validation loss 1.320e-02
epoch 1090   -   training loss: 1.149e-02   -   validation loss 1.318e-02
epoch 1100   -   training loss: 1.148e-02   -   validation loss 1.306e-02
epoch 1110   -   training loss: 1.147e-02   -   validation loss 1.303e-02
epoch 1120   -   training loss: 1.146e-02   -   validation loss 1.301e-02
epoch 1130   -   training loss: 1.146e-02   -   validation loss 1.301e-02
epoch 1140   -   training loss: 1.145e-02   -   validation loss 1.301e-02
epoch 1150   -   training loss: 1.144e-02   -   validation loss 1.303e-02
epoch 1160   -   training loss: 1.143e-02   -   validation loss 1.303e-02
epoch 1170   -   training loss: 1.142e-02   -   validation loss 1.299e-02
epoch 1180   -   training loss: 1.142e-02   -   validation loss 1.296e-02
epoch 1190   -   training loss: 1.140e-02   -   validation loss 1.298e-02
epoch 1200   -   training loss: 1.139e-02   -   validation loss 1.306e-02
epoch 1210   -   training loss: 1.139e-02   -   validation loss 1.298e-02
epoch 1220   -   training loss: 1.138e-02   -   validation loss 1.294e-02
epoch 1230   -   training loss: 1.137e-02   -   validation loss 1.295e-02
epoch 1240   -   training loss: 1.136e-02   -   validation loss 1.290e-02
epoch 1250   -   training loss: 1.136e-02   -   validation loss 1.286e-02
epoch 1260   -   training loss: 1.135e-02   -   validation loss 1.284e-02
epoch 1270   -   training loss: 1.134e-02   -   validation loss 1.284e-02
epoch 1280   -   training loss: 1.134e-02   -   validation loss 1.282e-02
epoch 1290   -   training loss: 1.133e-02   -   validation loss 1.280e-02
epoch 1300   -   training loss: 1.133e-02   -   validation loss 1.278e-02
epoch 1310   -   training loss: 1.132e-02   -   validation loss 1.279e-02
epoch 1320   -   training loss: 1.131e-02   -   validation loss 1.278e-02
epoch 1330   -   training loss: 1.131e-02   -   validation loss 1.279e-02
epoch 1340   -   training loss: 1.130e-02   -   validation loss 1.280e-02
epoch 1350   -   training loss: 1.129e-02   -   validation loss 1.282e-02
epoch 1360   -   training loss: 1.129e-02   -   validation loss 1.282e-02
epoch 1370   -   training loss: 1.128e-02   -   validation loss 1.278e-02
epoch 1380   -   training loss: 1.127e-02   -   validation loss 1.279e-02
epoch 1390   -   training loss: 1.126e-02   -   validation loss 1.277e-02
epoch 1400   -   training loss: 1.125e-02   -   validation loss 1.276e-02
epoch 1410   -   training loss: 1.124e-02   -   validation loss 1.274e-02
epoch 1420   -   training loss: 1.122e-02   -   validation loss 1.267e-02
epoch 1430   -   training loss: 1.122e-02   -   validation loss 1.269e-02
epoch 1440   -   training loss: 1.121e-02   -   validation loss 1.271e-02
epoch 1450   -   training loss: 1.120e-02   -   validation loss 1.278e-02
epoch 1460   -   training loss: 1.119e-02   -   validation loss 1.283e-02
epoch 1470   -   training loss: 1.119e-02   -   validation loss 1.289e-02
epoch 1480   -   training loss: 1.118e-02   -   validation loss 1.278e-02
epoch 1490   -   training loss: 1.117e-02   -   validation loss 1.268e-02
epoch 1500   -   training loss: 1.116e-02   -   validation loss 1.268e-02
epoch 1510   -   training loss: 1.116e-02   -   validation loss 1.266e-02
epoch 1520   -   training loss: 1.114e-02   -   validation loss 1.268e-02
epoch 1530   -   training loss: 1.114e-02   -   validation loss 1.265e-02
epoch 1540   -   training loss: 1.113e-02   -   validation loss 1.264e-02
epoch 1550   -   training loss: 1.111e-02   -   validation loss 1.272e-02
epoch 1560   -   training loss: 1.110e-02   -   validation loss 1.269e-02
epoch 1570   -   training loss: 1.109e-02   -   validation loss 1.265e-02
epoch 1580   -   training loss: 1.108e-02   -   validation loss 1.267e-02
epoch 1590   -   training loss: 1.107e-02   -   validation loss 1.266e-02
epoch 1600   -   training loss: 1.106e-02   -   validation loss 1.257e-02
epoch 1610   -   training loss: 1.105e-02   -   validation loss 1.257e-02
epoch 1620   -   training loss: 1.104e-02   -   validation loss 1.251e-02
epoch 1630   -   training loss: 1.103e-02   -   validation loss 1.252e-02
epoch 1640   -   training loss: 1.102e-02   -   validation loss 1.252e-02
epoch 1650   -   training loss: 1.101e-02   -   validation loss 1.254e-02
epoch 1660   -   training loss: 1.099e-02   -   validation loss 1.251e-02
epoch 1670   -   training loss: 1.098e-02   -   validation loss 1.253e-02
epoch 1680   -   training loss: 1.096e-02   -   validation loss 1.254e-02
epoch 1690   -   training loss: 1.094e-02   -   validation loss 1.251e-02
epoch 1700   -   training loss: 1.093e-02   -   validation loss 1.248e-02
epoch 1710   -   training loss: 1.091e-02   -   validation loss 1.249e-02
epoch 1720   -   training loss: 1.088e-02   -   validation loss 1.259e-02
epoch 1730   -   training loss: 1.087e-02   -   validation loss 1.265e-02
epoch 1740   -   training loss: 1.085e-02   -   validation loss 1.257e-02
epoch 1750   -   training loss: 1.083e-02   -   validation loss 1.245e-02
epoch 1760   -   training loss: 1.081e-02   -   validation loss 1.242e-02
epoch 1770   -   training loss: 1.078e-02   -   validation loss 1.235e-02
epoch 1780   -   training loss: 1.076e-02   -   validation loss 1.230e-02
epoch 1790   -   training loss: 1.074e-02   -   validation loss 1.235e-02
epoch 1800   -   training loss: 1.073e-02   -   validation loss 1.237e-02
epoch 1810   -   training loss: 1.070e-02   -   validation loss 1.240e-02
epoch 1820   -   training loss: 1.069e-02   -   validation loss 1.241e-02
epoch 1830   -   training loss: 1.065e-02   -   validation loss 1.233e-02
epoch 1840   -   training loss: 1.062e-02   -   validation loss 1.226e-02
epoch 1850   -   training loss: 1.060e-02   -   validation loss 1.220e-02
epoch 1860   -   training loss: 1.059e-02   -   validation loss 1.222e-02
epoch 1870   -   training loss: 1.056e-02   -   validation loss 1.222e-02
epoch 1880   -   training loss: 1.055e-02   -   validation loss 1.222e-02
epoch 1890   -   training loss: 1.054e-02   -   validation loss 1.218e-02
epoch 1900   -   training loss: 1.052e-02   -   validation loss 1.210e-02
epoch 1910   -   training loss: 1.051e-02   -   validation loss 1.210e-02
epoch 1920   -   training loss: 1.049e-02   -   validation loss 1.210e-02
epoch 1930   -   training loss: 1.047e-02   -   validation loss 1.202e-02
epoch 1940   -   training loss: 1.046e-02   -   validation loss 1.202e-02
epoch 1950   -   training loss: 1.045e-02   -   validation loss 1.205e-02
epoch 1960   -   training loss: 1.043e-02   -   validation loss 1.200e-02
epoch 1970   -   training loss: 1.042e-02   -   validation loss 1.195e-02
epoch 1980   -   training loss: 1.041e-02   -   validation loss 1.193e-02
epoch 1990   -   training loss: 1.039e-02   -   validation loss 1.195e-02
epoch 2000   -   training loss: 1.038e-02   -   validation loss 1.191e-02
  eval (test, full grid):
  vx: NRMSE 1.577e-01  1-rho 3.259e-01
  vy: NRMSE 3.425e-02  1-rho 1.212e-01
  p: NRMSE 4.579e-02  1-rho 1.198e-01
  combined NRMSE 2.647e-02

============================================================
  num_latent_states = 10  [output_nl=linear sampling=uniform restarts=2 adam=300 bfgs=2000]
============================================================
Tracing functions with autograph...
Tracing completed.
epoch    0   -   training loss: 2.517e-01   -   validation loss 2.377e-01
  Adam (restart 1/2)...
epoch   10   -   training loss: 2.646e-02   -   validation loss 2.822e-02
epoch   20   -   training loss: 2.282e-02   -   validation loss 2.394e-02
epoch   30   -   training loss: 2.236e-02   -   validation loss 2.365e-02
epoch   40   -   training loss: 2.214e-02   -   validation loss 2.342e-02
epoch   50   -   training loss: 2.189e-02   -   validation loss 2.315e-02
epoch   60   -   training loss: 2.181e-02   -   validation loss 2.306e-02
epoch   70   -   training loss: 2.178e-02   -   validation loss 2.303e-02
epoch   80   -   training loss: 2.177e-02   -   validation loss 2.302e-02
epoch   90   -   training loss: 2.176e-02   -   validation loss 2.301e-02
epoch  100   -   training loss: 2.176e-02   -   validation loss 2.301e-02
epoch  110   -   training loss: 2.176e-02   -   validation loss 2.300e-02
epoch  120   -   training loss: 2.176e-02   -   validation loss 2.300e-02
epoch  130   -   training loss: 2.176e-02   -   validation loss 2.300e-02
epoch  140   -   training loss: 2.176e-02   -   validation loss 2.300e-02
epoch  150   -   training loss: 2.176e-02   -   validation loss 2.300e-02
epoch  160   -   training loss: 2.176e-02   -   validation loss 2.300e-02
epoch  170   -   training loss: 2.176e-02   -   validation loss 2.300e-02
epoch  180   -   training loss: 2.176e-02   -   validation loss 2.300e-02
epoch  190   -   training loss: 2.176e-02   -   validation loss 2.300e-02
epoch  200   -   training loss: 2.176e-02   -   validation loss 2.300e-02
epoch  210   -   training loss: 2.176e-02   -   validation loss 2.300e-02
epoch  220   -   training loss: 2.175e-02   -   validation loss 2.300e-02
epoch  230   -   training loss: 2.175e-02   -   validation loss 2.300e-02
epoch  240   -   training loss: 2.175e-02   -   validation loss 2.300e-02
epoch  250   -   training loss: 2.175e-02   -   validation loss 2.300e-02
epoch  260   -   training loss: 2.175e-02   -   validation loss 2.300e-02
epoch  270   -   training loss: 2.175e-02   -   validation loss 2.300e-02
epoch  280   -   training loss: 2.175e-02   -   validation loss 2.300e-02
epoch  290   -   training loss: 2.175e-02   -   validation loss 2.299e-02
epoch  300   -   training loss: 2.175e-02   -   validation loss 2.299e-02
    restart 0: val loss after Adam = 2.299e-02
Tracing functions with autograph...
Tracing completed.
epoch    0   -   training loss: 4.625e-01   -   validation loss 4.996e-01
  Adam (restart 2/2)...
epoch   10   -   training loss: 4.502e-02   -   validation loss 4.944e-02
epoch   20   -   training loss: 2.533e-02   -   validation loss 2.680e-02
epoch   30   -   training loss: 2.380e-02   -   validation loss 2.496e-02
epoch   40   -   training loss: 2.243e-02   -   validation loss 2.359e-02
epoch   50   -   training loss: 2.209e-02   -   validation loss 2.329e-02
epoch   60   -   training loss: 2.190e-02   -   validation loss 2.308e-02
epoch   70   -   training loss: 2.182e-02   -   validation loss 2.297e-02
epoch   80   -   training loss: 2.181e-02   -   validation loss 2.292e-02
epoch   90   -   training loss: 2.178e-02   -   validation loss 2.291e-02
epoch  100   -   training loss: 2.177e-02   -   validation loss 2.290e-02
epoch  110   -   training loss: 2.176e-02   -   validation loss 2.287e-02
epoch  120   -   training loss: 2.175e-02   -   validation loss 2.285e-02
epoch  130   -   training loss: 2.174e-02   -   validation loss 2.284e-02
epoch  140   -   training loss: 2.174e-02   -   validation loss 2.282e-02
epoch  150   -   training loss: 2.173e-02   -   validation loss 2.281e-02
epoch  160   -   training loss: 2.172e-02   -   validation loss 2.279e-02
epoch  170   -   training loss: 2.171e-02   -   validation loss 2.278e-02
epoch  180   -   training loss: 2.170e-02   -   validation loss 2.277e-02
epoch  190   -   training loss: 2.170e-02   -   validation loss 2.276e-02
epoch  200   -   training loss: 2.169e-02   -   validation loss 2.276e-02
epoch  210   -   training loss: 2.168e-02   -   validation loss 2.275e-02
epoch  220   -   training loss: 2.167e-02   -   validation loss 2.275e-02
epoch  230   -   training loss: 2.165e-02   -   validation loss 2.274e-02
epoch  240   -   training loss: 2.164e-02   -   validation loss 2.273e-02
epoch  250   -   training loss: 2.162e-02   -   validation loss 2.271e-02
epoch  260   -   training loss: 2.159e-02   -   validation loss 2.269e-02
epoch  270   -   training loss: 2.152e-02   -   validation loss 2.266e-02
epoch  280   -   training loss: 2.534e-02   -   validation loss 2.692e-02
epoch  290   -   training loss: 2.258e-02   -   validation loss 2.365e-02
epoch  300   -   training loss: 2.172e-02   -   validation loss 2.275e-02
    restart 1: val loss after Adam = 2.275e-02
Tracing functions with autograph...
Tracing completed.
epoch    0   -   training loss: 2.172e-02   -   validation loss 2.275e-02
  BFGS (best Adam val=2.275e-02)...
epoch   10   -   training loss: 2.159e-02   -   validation loss 2.288e-02
epoch   20   -   training loss: 2.140e-02   -   validation loss 2.275e-02
epoch   30   -   training loss: 2.127e-02   -   validation loss 2.261e-02
epoch   40   -   training loss: 2.101e-02   -   validation loss 2.270e-02
epoch   50   -   training loss: 2.070e-02   -   validation loss 2.254e-02
epoch   60   -   training loss: 2.046e-02   -   validation loss 2.239e-02
epoch   70   -   training loss: 2.027e-02   -   validation loss 2.249e-02
epoch   80   -   training loss: 2.003e-02   -   validation loss 2.265e-02
epoch   90   -   training loss: 1.971e-02   -   validation loss 2.191e-02
epoch  100   -   training loss: 1.931e-02   -   validation loss 2.089e-02
epoch  110   -   training loss: 1.894e-02   -   validation loss 2.058e-02
epoch  120   -   training loss: 1.835e-02   -   validation loss 1.985e-02
epoch  130   -   training loss: 1.803e-02   -   validation loss 1.951e-02
epoch  140   -   training loss: 1.786e-02   -   validation loss 1.930e-02
epoch  150   -   training loss: 1.774e-02   -   validation loss 1.919e-02
epoch  160   -   training loss: 1.756e-02   -   validation loss 1.908e-02
epoch  170   -   training loss: 1.748e-02   -   validation loss 1.901e-02
epoch  180   -   training loss: 1.733e-02   -   validation loss 1.884e-02
epoch  190   -   training loss: 1.718e-02   -   validation loss 1.865e-02
epoch  200   -   training loss: 1.704e-02   -   validation loss 1.846e-02
epoch  210   -   training loss: 1.694e-02   -   validation loss 1.845e-02
epoch  220   -   training loss: 1.685e-02   -   validation loss 1.844e-02
epoch  230   -   training loss: 1.673e-02   -   validation loss 1.828e-02
epoch  240   -   training loss: 1.657e-02   -   validation loss 1.803e-02
epoch  250   -   training loss: 1.643e-02   -   validation loss 1.778e-02
epoch  260   -   training loss: 1.632e-02   -   validation loss 1.783e-02
epoch  270   -   training loss: 1.618e-02   -   validation loss 1.784e-02
epoch  280   -   training loss: 1.604e-02   -   validation loss 1.843e-02
epoch  290   -   training loss: 1.589e-02   -   validation loss 1.843e-02
epoch  300   -   training loss: 1.572e-02   -   validation loss 1.879e-02
epoch  310   -   training loss: 1.560e-02   -   validation loss 1.806e-02
epoch  320   -   training loss: 1.551e-02   -   validation loss 1.735e-02
epoch  330   -   training loss: 1.541e-02   -   validation loss 1.720e-02
epoch  340   -   training loss: 1.531e-02   -   validation loss 1.724e-02
epoch  350   -   training loss: 1.516e-02   -   validation loss 1.676e-02
epoch  360   -   training loss: 1.506e-02   -   validation loss 1.679e-02
epoch  370   -   training loss: 1.494e-02   -   validation loss 1.661e-02
epoch  380   -   training loss: 1.488e-02   -   validation loss 1.664e-02
epoch  390   -   training loss: 1.476e-02   -   validation loss 1.666e-02
epoch  400   -   training loss: 1.463e-02   -   validation loss 1.631e-02
epoch  410   -   training loss: 1.454e-02   -   validation loss 1.618e-02
epoch  420   -   training loss: 1.441e-02   -   validation loss 1.601e-02
epoch  430   -   training loss: 1.428e-02   -   validation loss 1.595e-02
epoch  440   -   training loss: 1.415e-02   -   validation loss 1.584e-02
epoch  450   -   training loss: 1.405e-02   -   validation loss 1.577e-02
epoch  460   -   training loss: 1.392e-02   -   validation loss 1.580e-02
epoch  470   -   training loss: 1.379e-02   -   validation loss 1.572e-02
epoch  480   -   training loss: 1.368e-02   -   validation loss 1.567e-02
epoch  490   -   training loss: 1.360e-02   -   validation loss 1.557e-02
epoch  500   -   training loss: 1.352e-02   -   validation loss 1.536e-02
epoch  510   -   training loss: 1.344e-02   -   validation loss 1.515e-02
epoch  520   -   training loss: 1.338e-02   -   validation loss 1.511e-02
epoch  530   -   training loss: 1.333e-02   -   validation loss 1.502e-02
epoch  540   -   training loss: 1.328e-02   -   validation loss 1.492e-02
epoch  550   -   training loss: 1.323e-02   -   validation loss 1.491e-02
epoch  560   -   training loss: 1.319e-02   -   validation loss 1.482e-02
epoch  570   -   training loss: 1.315e-02   -   validation loss 1.477e-02
epoch  580   -   training loss: 1.311e-02   -   validation loss 1.472e-02
epoch  590   -   training loss: 1.307e-02   -   validation loss 1.464e-02
epoch  600   -   training loss: 1.303e-02   -   validation loss 1.457e-02
epoch  610   -   training loss: 1.299e-02   -   validation loss 1.455e-02
epoch  620   -   training loss: 1.293e-02   -   validation loss 1.453e-02
epoch  630   -   training loss: 1.290e-02   -   validation loss 1.449e-02
epoch  640   -   training loss: 1.286e-02   -   validation loss 1.449e-02
epoch  650   -   training loss: 1.281e-02   -   validation loss 1.447e-02
epoch  660   -   training loss: 1.278e-02   -   validation loss 1.440e-02
epoch  670   -   training loss: 1.274e-02   -   validation loss 1.432e-02
epoch  680   -   training loss: 1.271e-02   -   validation loss 1.426e-02
epoch  690   -   training loss: 1.269e-02   -   validation loss 1.423e-02
epoch  700   -   training loss: 1.266e-02   -   validation loss 1.417e-02
epoch  710   -   training loss: 1.262e-02   -   validation loss 1.413e-02
epoch  720   -   training loss: 1.260e-02   -   validation loss 1.411e-02
epoch  730   -   training loss: 1.257e-02   -   validation loss 1.408e-02
epoch  740   -   training loss: 1.255e-02   -   validation loss 1.407e-02
epoch  750   -   training loss: 1.252e-02   -   validation loss 1.407e-02
epoch  760   -   training loss: 1.248e-02   -   validation loss 1.406e-02
epoch  770   -   training loss: 1.245e-02   -   validation loss 1.400e-02
epoch  780   -   training loss: 1.243e-02   -   validation loss 1.403e-02
epoch  790   -   training loss: 1.241e-02   -   validation loss 1.398e-02
epoch  800   -   training loss: 1.239e-02   -   validation loss 1.390e-02
epoch  810   -   training loss: 1.237e-02   -   validation loss 1.385e-02
epoch  820   -   training loss: 1.235e-02   -   validation loss 1.382e-02
epoch  830   -   training loss: 1.232e-02   -   validation loss 1.383e-02
epoch  840   -   training loss: 1.230e-02   -   validation loss 1.382e-02
epoch  850   -   training loss: 1.227e-02   -   validation loss 1.379e-02
epoch  860   -   training loss: 1.225e-02   -   validation loss 1.378e-02
epoch  870   -   training loss: 1.223e-02   -   validation loss 1.376e-02
epoch  880   -   training loss: 1.221e-02   -   validation loss 1.371e-02
epoch  890   -   training loss: 1.220e-02   -   validation loss 1.368e-02
epoch  900   -   training loss: 1.218e-02   -   validation loss 1.366e-02
epoch  910   -   training loss: 1.216e-02   -   validation loss 1.362e-02
epoch  920   -   training loss: 1.215e-02   -   validation loss 1.361e-02
epoch  930   -   training loss: 1.213e-02   -   validation loss 1.360e-02
epoch  940   -   training loss: 1.212e-02   -   validation loss 1.361e-02
epoch  950   -   training loss: 1.210e-02   -   validation loss 1.361e-02
epoch  960   -   training loss: 1.208e-02   -   validation loss 1.360e-02
epoch  970   -   training loss: 1.207e-02   -   validation loss 1.358e-02
epoch  980   -   training loss: 1.205e-02   -   validation loss 1.359e-02
epoch  990   -   training loss: 1.203e-02   -   validation loss 1.355e-02
epoch 1000   -   training loss: 1.202e-02   -   validation loss 1.351e-02
epoch 1010   -   training loss: 1.200e-02   -   validation loss 1.354e-02
epoch 1020   -   training loss: 1.198e-02   -   validation loss 1.355e-02
epoch 1030   -   training loss: 1.196e-02   -   validation loss 1.358e-02
epoch 1040   -   training loss: 1.195e-02   -   validation loss 1.360e-02
epoch 1050   -   training loss: 1.193e-02   -   validation loss 1.356e-02
epoch 1060   -   training loss: 1.192e-02   -   validation loss 1.359e-02
epoch 1070   -   training loss: 1.190e-02   -   validation loss 1.356e-02
epoch 1080   -   training loss: 1.188e-02   -   validation loss 1.346e-02
epoch 1090   -   training loss: 1.187e-02   -   validation loss 1.343e-02
epoch 1100   -   training loss: 1.185e-02   -   validation loss 1.337e-02
epoch 1110   -   training loss: 1.184e-02   -   validation loss 1.335e-02
epoch 1120   -   training loss: 1.183e-02   -   validation loss 1.334e-02
epoch 1130   -   training loss: 1.182e-02   -   validation loss 1.332e-02
epoch 1140   -   training loss: 1.180e-02   -   validation loss 1.327e-02
epoch 1150   -   training loss: 1.178e-02   -   validation loss 1.326e-02
epoch 1160   -   training loss: 1.177e-02   -   validation loss 1.324e-02
epoch 1170   -   training loss: 1.175e-02   -   validation loss 1.320e-02
epoch 1180   -   training loss: 1.173e-02   -   validation loss 1.318e-02
epoch 1190   -   training loss: 1.172e-02   -   validation loss 1.313e-02
epoch 1200   -   training loss: 1.171e-02   -   validation loss 1.311e-02
epoch 1210   -   training loss: 1.169e-02   -   validation loss 1.309e-02
epoch 1220   -   training loss: 1.167e-02   -   validation loss 1.306e-02
epoch 1230   -   training loss: 1.166e-02   -   validation loss 1.305e-02
epoch 1240   -   training loss: 1.164e-02   -   validation loss 1.307e-02
epoch 1250   -   training loss: 1.163e-02   -   validation loss 1.306e-02
epoch 1260   -   training loss: 1.161e-02   -   validation loss 1.307e-02
epoch 1270   -   training loss: 1.159e-02   -   validation loss 1.306e-02
epoch 1280   -   training loss: 1.156e-02   -   validation loss 1.302e-02
epoch 1290   -   training loss: 1.154e-02   -   validation loss 1.295e-02
epoch 1300   -   training loss: 1.151e-02   -   validation loss 1.292e-02
epoch 1310   -   training loss: 1.148e-02   -   validation loss 1.289e-02
epoch 1320   -   training loss: 1.144e-02   -   validation loss 1.288e-02
epoch 1330   -   training loss: 1.142e-02   -   validation loss 1.278e-02
epoch 1340   -   training loss: 1.138e-02   -   validation loss 1.270e-02
epoch 1350   -   training loss: 1.134e-02   -   validation loss 1.266e-02
epoch 1360   -   training loss: 1.131e-02   -   validation loss 1.261e-02
epoch 1370   -   training loss: 1.127e-02   -   validation loss 1.258e-02
epoch 1380   -   training loss: 1.124e-02   -   validation loss 1.256e-02
epoch 1390   -   training loss: 1.121e-02   -   validation loss 1.250e-02
epoch 1400   -   training loss: 1.119e-02   -   validation loss 1.248e-02
epoch 1410   -   training loss: 1.118e-02   -   validation loss 1.248e-02
epoch 1420   -   training loss: 1.116e-02   -   validation loss 1.246e-02
epoch 1430   -   training loss: 1.114e-02   -   validation loss 1.243e-02
epoch 1440   -   training loss: 1.113e-02   -   validation loss 1.241e-02
epoch 1450   -   training loss: 1.111e-02   -   validation loss 1.241e-02
epoch 1460   -   training loss: 1.109e-02   -   validation loss 1.237e-02
epoch 1470   -   training loss: 1.108e-02   -   validation loss 1.236e-02
epoch 1480   -   training loss: 1.107e-02   -   validation loss 1.236e-02
epoch 1490   -   training loss: 1.105e-02   -   validation loss 1.237e-02
epoch 1500   -   training loss: 1.104e-02   -   validation loss 1.238e-02
epoch 1510   -   training loss: 1.103e-02   -   validation loss 1.237e-02
epoch 1520   -   training loss: 1.101e-02   -   validation loss 1.240e-02
epoch 1530   -   training loss: 1.100e-02   -   validation loss 1.243e-02
epoch 1540   -   training loss: 1.099e-02   -   validation loss 1.243e-02
epoch 1550   -   training loss: 1.097e-02   -   validation loss 1.244e-02
epoch 1560   -   training loss: 1.096e-02   -   validation loss 1.248e-02
epoch 1570   -   training loss: 1.095e-02   -   validation loss 1.243e-02
epoch 1580   -   training loss: 1.094e-02   -   validation loss 1.246e-02
epoch 1590   -   training loss: 1.093e-02   -   validation loss 1.246e-02
epoch 1600   -   training loss: 1.093e-02   -   validation loss 1.249e-02
epoch 1610   -   training loss: 1.092e-02   -   validation loss 1.244e-02
epoch 1620   -   training loss: 1.091e-02   -   validation loss 1.240e-02
epoch 1630   -   training loss: 1.090e-02   -   validation loss 1.237e-02
epoch 1640   -   training loss: 1.089e-02   -   validation loss 1.237e-02
epoch 1650   -   training loss: 1.088e-02   -   validation loss 1.242e-02
epoch 1660   -   training loss: 1.088e-02   -   validation loss 1.243e-02
epoch 1670   -   training loss: 1.087e-02   -   validation loss 1.242e-02
epoch 1680   -   training loss: 1.086e-02   -   validation loss 1.241e-02
epoch 1690   -   training loss: 1.086e-02   -   validation loss 1.244e-02
epoch 1700   -   training loss: 1.085e-02   -   validation loss 1.247e-02
epoch 1710   -   training loss: 1.084e-02   -   validation loss 1.248e-02
epoch 1720   -   training loss: 1.083e-02   -   validation loss 1.251e-02
epoch 1730   -   training loss: 1.083e-02   -   validation loss 1.248e-02
epoch 1740   -   training loss: 1.082e-02   -   validation loss 1.246e-02
epoch 1750   -   training loss: 1.081e-02   -   validation loss 1.255e-02
epoch 1760   -   training loss: 1.081e-02   -   validation loss 1.249e-02
epoch 1770   -   training loss: 1.080e-02   -   validation loss 1.244e-02
epoch 1780   -   training loss: 1.079e-02   -   validation loss 1.251e-02
epoch 1790   -   training loss: 1.078e-02   -   validation loss 1.249e-02
epoch 1800   -   training loss: 1.078e-02   -   validation loss 1.267e-02
epoch 1810   -   training loss: 1.077e-02   -   validation loss 1.266e-02
epoch 1820   -   training loss: 1.076e-02   -   validation loss 1.267e-02
epoch 1830   -   training loss: 1.076e-02   -   validation loss 1.280e-02
epoch 1840   -   training loss: 1.075e-02   -   validation loss 1.286e-02
epoch 1850   -   training loss: 1.075e-02   -   validation loss 1.287e-02
epoch 1860   -   training loss: 1.074e-02   -   validation loss 1.297e-02
epoch 1870   -   training loss: 1.074e-02   -   validation loss 1.300e-02
epoch 1880   -   training loss: 1.073e-02   -   validation loss 1.297e-02
epoch 1890   -   training loss: 1.073e-02   -   validation loss 1.298e-02
epoch 1900   -   training loss: 1.072e-02   -   validation loss 1.298e-02
epoch 1910   -   training loss: 1.072e-02   -   validation loss 1.284e-02
epoch 1920   -   training loss: 1.071e-02   -   validation loss 1.287e-02
epoch 1930   -   training loss: 1.071e-02   -   validation loss 1.271e-02
epoch 1940   -   training loss: 1.070e-02   -   validation loss 1.268e-02
epoch 1950   -   training loss: 1.070e-02   -   validation loss 1.265e-02
epoch 1960   -   training loss: 1.070e-02   -   validation loss 1.259e-02
epoch 1970   -   training loss: 1.069e-02   -   validation loss 1.258e-02
epoch 1980   -   training loss: 1.069e-02   -   validation loss 1.251e-02
epoch 1990   -   training loss: 1.068e-02   -   validation loss 1.247e-02
epoch 2000   -   training loss: 1.068e-02   -   validation loss 1.249e-02
  eval (test, full grid):
  vx: NRMSE 1.582e-01  1-rho 3.280e-01
  vy: NRMSE 4.206e-02  1-rho 1.900e-01
  p: NRMSE 4.433e-02  1-rho 1.122e-01
  combined NRMSE 2.563e-02

saved summary -> models/final/summary/nrmse_vs_latent.png
