2026-06-30 15:12:51.070157: I tensorflow/core/util/port.cc:111] oneDNN custom operations are on. You may see slightly different numerical results due to floating-point round-off errors from different computation orders. To turn them off, set the environment variable `TF_ENABLE_ONEDNN_OPTS=0`.
2026-06-30 15:12:53.888645: E tensorflow/compiler/xla/stream_executor/cuda/cuda_dnn.cc:9360] Unable to register cuDNN factory: Attempting to register factory for plugin cuDNN when one has already been registered
2026-06-30 15:12:53.894733: E tensorflow/compiler/xla/stream_executor/cuda/cuda_fft.cc:609] Unable to register cuFFT factory: Attempting to register factory for plugin cuFFT when one has already been registered
2026-06-30 15:12:53.911145: E tensorflow/compiler/xla/stream_executor/cuda/cuda_blas.cc:1537] Unable to register cuBLAS factory: Attempting to register factory for plugin cuBLAS when one has already been registered
2026-06-30 15:12:55.355302: I tensorflow/core/platform/cpu_feature_guard.cc:183] This TensorFlow binary is optimized to use available CPU instructions in performance-critical operations.
To enable the following instructions: SSE3 SSE4.1 SSE4.2 AVX, in other operations, rebuild TensorFlow with the appropriate compiler flags.

============================================================
  num_latent_states = 1
============================================================
Tracing functions with autograph...
Tracing completed.
epoch    0   -   training loss: 3.411e-01   -   validation loss 3.445e-01
  Adam...
epoch   10   -   training loss: 2.299e-01   -   validation loss 2.381e-01
epoch   20   -   training loss: 1.302e-01   -   validation loss 1.454e-01
epoch   30   -   training loss: 5.228e-02   -   validation loss 6.723e-02
epoch   40   -   training loss: 3.414e-02   -   validation loss 4.899e-02
epoch   50   -   training loss: 3.285e-02   -   validation loss 4.647e-02
epoch   60   -   training loss: 2.699e-02   -   validation loss 3.806e-02
epoch   70   -   training loss: 2.463e-02   -   validation loss 3.524e-02
epoch   80   -   training loss: 2.319e-02   -   validation loss 3.352e-02
epoch   90   -   training loss: 2.226e-02   -   validation loss 3.167e-02
epoch  100   -   training loss: 2.175e-02   -   validation loss 3.043e-02
epoch  110   -   training loss: 2.147e-02   -   validation loss 2.940e-02
epoch  120   -   training loss: 2.129e-02   -   validation loss 2.858e-02
epoch  130   -   training loss: 2.117e-02   -   validation loss 2.798e-02
epoch  140   -   training loss: 2.107e-02   -   validation loss 2.748e-02
epoch  150   -   training loss: 2.099e-02   -   validation loss 2.706e-02
epoch  160   -   training loss: 2.093e-02   -   validation loss 2.671e-02
epoch  170   -   training loss: 2.087e-02   -   validation loss 2.640e-02
epoch  180   -   training loss: 2.081e-02   -   validation loss 2.614e-02
epoch  190   -   training loss: 2.076e-02   -   validation loss 2.590e-02
epoch  200   -   training loss: 2.071e-02   -   validation loss 2.569e-02
  BFGS...
epoch  210   -   training loss: 2.012e-02   -   validation loss 2.360e-02
epoch  220   -   training loss: 1.977e-02   -   validation loss 2.241e-02
epoch  230   -   training loss: 1.947e-02   -   validation loss 2.176e-02
epoch  240   -   training loss: 1.920e-02   -   validation loss 2.126e-02
epoch  250   -   training loss: 1.882e-02   -   validation loss 2.087e-02
epoch  260   -   training loss: 1.840e-02   -   validation loss 2.024e-02
epoch  270   -   training loss: 1.797e-02   -   validation loss 1.987e-02
epoch  280   -   training loss: 1.745e-02   -   validation loss 1.913e-02
epoch  290   -   training loss: 1.719e-02   -   validation loss 1.902e-02
epoch  300   -   training loss: 1.699e-02   -   validation loss 1.855e-02
epoch  310   -   training loss: 1.676e-02   -   validation loss 1.834e-02
epoch  320   -   training loss: 1.666e-02   -   validation loss 1.829e-02
epoch  330   -   training loss: 1.653e-02   -   validation loss 1.812e-02
epoch  340   -   training loss: 1.642e-02   -   validation loss 1.785e-02
epoch  350   -   training loss: 1.628e-02   -   validation loss 1.785e-02
epoch  360   -   training loss: 1.606e-02   -   validation loss 1.752e-02
epoch  370   -   training loss: 1.584e-02   -   validation loss 1.743e-02
epoch  380   -   training loss: 1.566e-02   -   validation loss 1.726e-02
epoch  390   -   training loss: 1.547e-02   -   validation loss 1.710e-02
epoch  400   -   training loss: 1.532e-02   -   validation loss 1.690e-02
epoch  410   -   training loss: 1.519e-02   -   validation loss 1.678e-02
epoch  420   -   training loss: 1.504e-02   -   validation loss 1.662e-02
epoch  430   -   training loss: 1.485e-02   -   validation loss 1.659e-02
epoch  440   -   training loss: 1.465e-02   -   validation loss 1.641e-02
epoch  450   -   training loss: 1.444e-02   -   validation loss 1.617e-02
epoch  460   -   training loss: 1.426e-02   -   validation loss 1.605e-02
epoch  470   -   training loss: 1.412e-02   -   validation loss 1.584e-02
epoch  480   -   training loss: 1.400e-02   -   validation loss 1.579e-02
epoch  490   -   training loss: 1.386e-02   -   validation loss 1.581e-02
epoch  500   -   training loss: 1.378e-02   -   validation loss 1.585e-02
epoch  510   -   training loss: 1.368e-02   -   validation loss 1.575e-02
epoch  520   -   training loss: 1.357e-02   -   validation loss 1.554e-02
epoch  530   -   training loss: 1.343e-02   -   validation loss 1.551e-02
epoch  540   -   training loss: 1.331e-02   -   validation loss 1.541e-02
epoch  550   -   training loss: 1.316e-02   -   validation loss 1.536e-02
epoch  560   -   training loss: 1.305e-02   -   validation loss 1.513e-02
epoch  570   -   training loss: 1.297e-02   -   validation loss 1.489e-02
epoch  580   -   training loss: 1.288e-02   -   validation loss 1.474e-02
epoch  590   -   training loss: 1.280e-02   -   validation loss 1.477e-02
epoch  600   -   training loss: 1.273e-02   -   validation loss 1.467e-02
epoch  610   -   training loss: 1.265e-02   -   validation loss 1.458e-02
epoch  620   -   training loss: 1.258e-02   -   validation loss 1.448e-02
epoch  630   -   training loss: 1.251e-02   -   validation loss 1.437e-02
epoch  640   -   training loss: 1.246e-02   -   validation loss 1.435e-02
epoch  650   -   training loss: 1.242e-02   -   validation loss 1.427e-02
epoch  660   -   training loss: 1.237e-02   -   validation loss 1.416e-02
epoch  670   -   training loss: 1.233e-02   -   validation loss 1.411e-02
epoch  680   -   training loss: 1.229e-02   -   validation loss 1.406e-02
epoch  690   -   training loss: 1.225e-02   -   validation loss 1.393e-02
epoch  700   -   training loss: 1.222e-02   -   validation loss 1.383e-02
epoch  710   -   training loss: 1.219e-02   -   validation loss 1.378e-02
epoch  720   -   training loss: 1.215e-02   -   validation loss 1.376e-02
epoch  730   -   training loss: 1.211e-02   -   validation loss 1.370e-02
epoch  740   -   training loss: 1.208e-02   -   validation loss 1.368e-02
epoch  750   -   training loss: 1.204e-02   -   validation loss 1.363e-02
epoch  760   -   training loss: 1.200e-02   -   validation loss 1.358e-02
epoch  770   -   training loss: 1.197e-02   -   validation loss 1.353e-02
epoch  780   -   training loss: 1.193e-02   -   validation loss 1.346e-02
epoch  790   -   training loss: 1.189e-02   -   validation loss 1.341e-02
epoch  800   -   training loss: 1.184e-02   -   validation loss 1.336e-02
epoch  810   -   training loss: 1.180e-02   -   validation loss 1.334e-02
epoch  820   -   training loss: 1.176e-02   -   validation loss 1.332e-02
epoch  830   -   training loss: 1.172e-02   -   validation loss 1.328e-02
epoch  840   -   training loss: 1.169e-02   -   validation loss 1.325e-02
epoch  850   -   training loss: 1.165e-02   -   validation loss 1.331e-02
epoch  860   -   training loss: 1.161e-02   -   validation loss 1.329e-02
epoch  870   -   training loss: 1.157e-02   -   validation loss 1.331e-02
epoch  880   -   training loss: 1.155e-02   -   validation loss 1.324e-02
epoch  890   -   training loss: 1.152e-02   -   validation loss 1.320e-02
epoch  900   -   training loss: 1.148e-02   -   validation loss 1.311e-02
epoch  910   -   training loss: 1.145e-02   -   validation loss 1.310e-02
epoch  920   -   training loss: 1.143e-02   -   validation loss 1.308e-02
epoch  930   -   training loss: 1.140e-02   -   validation loss 1.306e-02
epoch  940   -   training loss: 1.137e-02   -   validation loss 1.310e-02
epoch  950   -   training loss: 1.135e-02   -   validation loss 1.303e-02
epoch  960   -   training loss: 1.131e-02   -   validation loss 1.301e-02
epoch  970   -   training loss: 1.127e-02   -   validation loss 1.295e-02
epoch  980   -   training loss: 1.124e-02   -   validation loss 1.288e-02
epoch  990   -   training loss: 1.121e-02   -   validation loss 1.289e-02
epoch 1000   -   training loss: 1.118e-02   -   validation loss 1.281e-02
epoch 1010   -   training loss: 1.116e-02   -   validation loss 1.284e-02
epoch 1020   -   training loss: 1.113e-02   -   validation loss 1.280e-02
epoch 1030   -   training loss: 1.111e-02   -   validation loss 1.278e-02
epoch 1040   -   training loss: 1.109e-02   -   validation loss 1.276e-02
epoch 1050   -   training loss: 1.105e-02   -   validation loss 1.271e-02
epoch 1060   -   training loss: 1.103e-02   -   validation loss 1.280e-02
epoch 1070   -   training loss: 1.100e-02   -   validation loss 1.282e-02
epoch 1080   -   training loss: 1.097e-02   -   validation loss 1.269e-02
epoch 1090   -   training loss: 1.094e-02   -   validation loss 1.263e-02
epoch 1100   -   training loss: 1.092e-02   -   validation loss 1.258e-02
epoch 1110   -   training loss: 1.090e-02   -   validation loss 1.252e-02
epoch 1120   -   training loss: 1.088e-02   -   validation loss 1.247e-02
epoch 1130   -   training loss: 1.086e-02   -   validation loss 1.243e-02
epoch 1140   -   training loss: 1.084e-02   -   validation loss 1.243e-02
epoch 1150   -   training loss: 1.083e-02   -   validation loss 1.242e-02
epoch 1160   -   training loss: 1.081e-02   -   validation loss 1.245e-02
epoch 1170   -   training loss: 1.079e-02   -   validation loss 1.238e-02
epoch 1180   -   training loss: 1.078e-02   -   validation loss 1.233e-02
epoch 1190   -   training loss: 1.076e-02   -   validation loss 1.230e-02
epoch 1200   -   training loss: 1.074e-02   -   validation loss 1.231e-02
epoch 1210   -   training loss: 1.073e-02   -   validation loss 1.230e-02
epoch 1220   -   training loss: 1.072e-02   -   validation loss 1.231e-02
epoch 1230   -   training loss: 1.071e-02   -   validation loss 1.232e-02
epoch 1240   -   training loss: 1.070e-02   -   validation loss 1.232e-02
epoch 1250   -   training loss: 1.068e-02   -   validation loss 1.234e-02
epoch 1260   -   training loss: 1.067e-02   -   validation loss 1.228e-02
epoch 1270   -   training loss: 1.066e-02   -   validation loss 1.223e-02
epoch 1280   -   training loss: 1.064e-02   -   validation loss 1.222e-02
epoch 1290   -   training loss: 1.063e-02   -   validation loss 1.223e-02
epoch 1300   -   training loss: 1.062e-02   -   validation loss 1.217e-02
epoch 1310   -   training loss: 1.060e-02   -   validation loss 1.218e-02
epoch 1320   -   training loss: 1.058e-02   -   validation loss 1.216e-02
epoch 1330   -   training loss: 1.057e-02   -   validation loss 1.219e-02
epoch 1340   -   training loss: 1.056e-02   -   validation loss 1.215e-02
epoch 1350   -   training loss: 1.054e-02   -   validation loss 1.213e-02
epoch 1360   -   training loss: 1.053e-02   -   validation loss 1.214e-02
epoch 1370   -   training loss: 1.052e-02   -   validation loss 1.213e-02
epoch 1380   -   training loss: 1.051e-02   -   validation loss 1.213e-02
epoch 1390   -   training loss: 1.049e-02   -   validation loss 1.213e-02
epoch 1400   -   training loss: 1.048e-02   -   validation loss 1.211e-02
epoch 1410   -   training loss: 1.046e-02   -   validation loss 1.209e-02
epoch 1420   -   training loss: 1.045e-02   -   validation loss 1.204e-02
epoch 1430   -   training loss: 1.044e-02   -   validation loss 1.203e-02
epoch 1440   -   training loss: 1.042e-02   -   validation loss 1.200e-02
epoch 1450   -   training loss: 1.041e-02   -   validation loss 1.198e-02
epoch 1460   -   training loss: 1.040e-02   -   validation loss 1.198e-02
epoch 1470   -   training loss: 1.039e-02   -   validation loss 1.198e-02
epoch 1480   -   training loss: 1.038e-02   -   validation loss 1.193e-02
epoch 1490   -   training loss: 1.036e-02   -   validation loss 1.191e-02
epoch 1500   -   training loss: 1.035e-02   -   validation loss 1.194e-02
epoch 1510   -   training loss: 1.033e-02   -   validation loss 1.199e-02
epoch 1520   -   training loss: 1.032e-02   -   validation loss 1.198e-02
epoch 1530   -   training loss: 1.031e-02   -   validation loss 1.205e-02
epoch 1540   -   training loss: 1.029e-02   -   validation loss 1.208e-02
epoch 1550   -   training loss: 1.028e-02   -   validation loss 1.211e-02
epoch 1560   -   training loss: 1.028e-02   -   validation loss 1.207e-02
epoch 1570   -   training loss: 1.026e-02   -   validation loss 1.205e-02
epoch 1580   -   training loss: 1.025e-02   -   validation loss 1.210e-02
epoch 1590   -   training loss: 1.024e-02   -   validation loss 1.206e-02
epoch 1600   -   training loss: 1.023e-02   -   validation loss 1.211e-02
epoch 1610   -   training loss: 1.022e-02   -   validation loss 1.213e-02
epoch 1620   -   training loss: 1.021e-02   -   validation loss 1.201e-02
epoch 1630   -   training loss: 1.020e-02   -   validation loss 1.197e-02
epoch 1640   -   training loss: 1.019e-02   -   validation loss 1.195e-02
epoch 1650   -   training loss: 1.018e-02   -   validation loss 1.195e-02
epoch 1660   -   training loss: 1.017e-02   -   validation loss 1.191e-02
epoch 1670   -   training loss: 1.016e-02   -   validation loss 1.187e-02
epoch 1680   -   training loss: 1.015e-02   -   validation loss 1.189e-02
epoch 1690   -   training loss: 1.014e-02   -   validation loss 1.187e-02
epoch 1700   -   training loss: 1.013e-02   -   validation loss 1.190e-02
epoch 1710   -   training loss: 1.012e-02   -   validation loss 1.200e-02
epoch 1720   -   training loss: 1.011e-02   -   validation loss 1.203e-02
epoch 1730   -   training loss: 1.010e-02   -   validation loss 1.198e-02
epoch 1740   -   training loss: 1.010e-02   -   validation loss 1.198e-02
epoch 1750   -   training loss: 1.009e-02   -   validation loss 1.200e-02
epoch 1760   -   training loss: 1.008e-02   -   validation loss 1.204e-02
epoch 1770   -   training loss: 1.007e-02   -   validation loss 1.207e-02
epoch 1780   -   training loss: 1.006e-02   -   validation loss 1.221e-02
epoch 1790   -   training loss: 1.006e-02   -   validation loss 1.222e-02
epoch 1800   -   training loss: 1.005e-02   -   validation loss 1.225e-02
epoch 1810   -   training loss: 1.004e-02   -   validation loss 1.228e-02
epoch 1820   -   training loss: 1.003e-02   -   validation loss 1.229e-02
epoch 1830   -   training loss: 1.003e-02   -   validation loss 1.244e-02
epoch 1840   -   training loss: 1.002e-02   -   validation loss 1.244e-02
epoch 1850   -   training loss: 1.002e-02   -   validation loss 1.243e-02
epoch 1860   -   training loss: 1.001e-02   -   validation loss 1.245e-02
epoch 1870   -   training loss: 1.001e-02   -   validation loss 1.250e-02
epoch 1880   -   training loss: 1.000e-02   -   validation loss 1.255e-02
epoch 1890   -   training loss: 9.994e-03   -   validation loss 1.283e-02
epoch 1900   -   training loss: 9.990e-03   -   validation loss 1.298e-02
epoch 1910   -   training loss: 9.983e-03   -   validation loss 1.340e-02
epoch 1920   -   training loss: 9.979e-03   -   validation loss 1.348e-02
epoch 1930   -   training loss: 9.976e-03   -   validation loss 1.341e-02
epoch 1940   -   training loss: 9.970e-03   -   validation loss 1.369e-02
epoch 1950   -   training loss: 9.963e-03   -   validation loss 1.370e-02
epoch 1960   -   training loss: 9.957e-03   -   validation loss 1.364e-02
epoch 1970   -   training loss: 9.954e-03   -   validation loss 1.383e-02
epoch 1980   -   training loss: 9.948e-03   -   validation loss 1.406e-02
epoch 1990   -   training loss: 9.944e-03   -   validation loss 1.470e-02
epoch 2000   -   training loss: 9.939e-03   -   validation loss 1.459e-02
epoch 2010   -   training loss: 9.933e-03   -   validation loss 1.463e-02
epoch 2020   -   training loss: 9.928e-03   -   validation loss 1.481e-02
epoch 2030   -   training loss: 9.920e-03   -   validation loss 1.486e-02
epoch 2040   -   training loss: 9.917e-03   -   validation loss 1.512e-02
epoch 2050   -   training loss: 9.910e-03   -   validation loss 1.484e-02
epoch 2060   -   training loss: 9.907e-03   -   validation loss 1.478e-02
epoch 2070   -   training loss: 9.901e-03   -   validation loss 1.473e-02
epoch 2080   -   training loss: 9.896e-03   -   validation loss 1.470e-02
epoch 2090   -   training loss: 9.892e-03   -   validation loss 1.464e-02
epoch 2100   -   training loss: 9.886e-03   -   validation loss 1.466e-02
epoch 2110   -   training loss: 9.881e-03   -   validation loss 1.441e-02
epoch 2120   -   training loss: 9.876e-03   -   validation loss 1.445e-02
epoch 2130   -   training loss: 9.870e-03   -   validation loss 1.472e-02
epoch 2140   -   training loss: 9.868e-03   -   validation loss 1.485e-02
epoch 2150   -   training loss: 9.862e-03   -   validation loss 1.525e-02
epoch 2160   -   training loss: 9.859e-03   -   validation loss 1.550e-02
epoch 2170   -   training loss: 9.853e-03   -   validation loss 1.525e-02
epoch 2180   -   training loss: 9.848e-03   -   validation loss 1.501e-02
epoch 2190   -   training loss: 9.842e-03   -   validation loss 1.479e-02
epoch 2200   -   training loss: 9.838e-03   -   validation loss 1.470e-02
  eval (test, full grid):
  vx: NRMSE 1.528e-01  1-rho 3.016e-01
  vy: NRMSE 3.970e-02  1-rho 1.669e-01
  p: NRMSE 4.240e-02  1-rho 1.021e-01
  combined NRMSE 2.451e-02

============================================================
  num_latent_states = 5
============================================================
Tracing functions with autograph...
Tracing completed.
epoch    0   -   training loss: 2.576e-01   -   validation loss 4.238e-01
  Adam...
epoch   10   -   training loss: 8.572e-02   -   validation loss 8.764e-02
epoch   20   -   training loss: 1.176e-01   -   validation loss 1.187e-01
epoch   30   -   training loss: 4.802e-02   -   validation loss 4.923e-02
epoch   40   -   training loss: 2.596e-02   -   validation loss 2.726e-02
epoch   50   -   training loss: 2.494e-02   -   validation loss 2.615e-02
epoch   60   -   training loss: 2.389e-02   -   validation loss 2.514e-02
epoch   70   -   training loss: 2.278e-02   -   validation loss 2.403e-02
epoch   80   -   training loss: 2.221e-02   -   validation loss 2.353e-02
epoch   90   -   training loss: 2.197e-02   -   validation loss 2.327e-02
epoch  100   -   training loss: 2.187e-02   -   validation loss 2.316e-02
epoch  110   -   training loss: 2.183e-02   -   validation loss 2.311e-02
epoch  120   -   training loss: 2.181e-02   -   validation loss 2.308e-02
epoch  130   -   training loss: 2.180e-02   -   validation loss 2.307e-02
epoch  140   -   training loss: 2.179e-02   -   validation loss 2.306e-02
epoch  150   -   training loss: 2.179e-02   -   validation loss 2.305e-02
epoch  160   -   training loss: 2.178e-02   -   validation loss 2.304e-02
epoch  170   -   training loss: 2.178e-02   -   validation loss 2.304e-02
epoch  180   -   training loss: 2.178e-02   -   validation loss 2.303e-02
epoch  190   -   training loss: 2.177e-02   -   validation loss 2.303e-02
epoch  200   -   training loss: 2.177e-02   -   validation loss 2.303e-02
  BFGS...
epoch  210   -   training loss: 2.176e-02   -   validation loss 2.299e-02
epoch  220   -   training loss: 2.176e-02   -   validation loss 2.300e-02
epoch  230   -   training loss: 2.173e-02   -   validation loss 2.301e-02
epoch  240   -   training loss: 2.163e-02   -   validation loss 2.318e-02
epoch  250   -   training loss: 2.136e-02   -   validation loss 2.281e-02
epoch  260   -   training loss: 2.123e-02   -   validation loss 2.287e-02
epoch  270   -   training loss: 2.118e-02   -   validation loss 2.276e-02
epoch  280   -   training loss: 2.111e-02   -   validation loss 2.263e-02
epoch  290   -   training loss: 2.106e-02   -   validation loss 2.249e-02
epoch  300   -   training loss: 2.103e-02   -   validation loss 2.235e-02
epoch  310   -   training loss: 2.094e-02   -   validation loss 2.231e-02
epoch  320   -   training loss: 2.080e-02   -   validation loss 2.218e-02
epoch  330   -   training loss: 2.067e-02   -   validation loss 2.191e-02
epoch  340   -   training loss: 2.024e-02   -   validation loss 2.174e-02
epoch  350   -   training loss: 1.980e-02   -   validation loss 2.135e-02
epoch  360   -   training loss: 1.958e-02   -   validation loss 2.124e-02
epoch  370   -   training loss: 1.944e-02   -   validation loss 2.120e-02
epoch  380   -   training loss: 1.941e-02   -   validation loss 2.117e-02
epoch  390   -   training loss: 1.937e-02   -   validation loss 2.116e-02
epoch  400   -   training loss: 1.926e-02   -   validation loss 2.065e-02
epoch  410   -   training loss: 1.914e-02   -   validation loss 2.031e-02
epoch  420   -   training loss: 1.911e-02   -   validation loss 2.028e-02
epoch  430   -   training loss: 1.910e-02   -   validation loss 2.027e-02
epoch  440   -   training loss: 1.909e-02   -   validation loss 2.026e-02
epoch  450   -   training loss: 1.908e-02   -   validation loss 2.026e-02
epoch  460   -   training loss: 1.906e-02   -   validation loss 2.030e-02
epoch  470   -   training loss: 1.902e-02   -   validation loss 2.025e-02
epoch  480   -   training loss: 1.899e-02   -   validation loss 2.020e-02
epoch  490   -   training loss: 1.896e-02   -   validation loss 2.013e-02
epoch  500   -   training loss: 1.892e-02   -   validation loss 2.010e-02
epoch  510   -   training loss: 1.889e-02   -   validation loss 2.006e-02
epoch  520   -   training loss: 1.887e-02   -   validation loss 2.004e-02
epoch  530   -   training loss: 1.885e-02   -   validation loss 2.004e-02
epoch  540   -   training loss: 1.884e-02   -   validation loss 2.002e-02
epoch  550   -   training loss: 1.881e-02   -   validation loss 2.000e-02
epoch  560   -   training loss: 1.880e-02   -   validation loss 2.000e-02
epoch  570   -   training loss: 1.879e-02   -   validation loss 1.999e-02
epoch  580   -   training loss: 1.878e-02   -   validation loss 1.997e-02
epoch  590   -   training loss: 1.877e-02   -   validation loss 1.995e-02
epoch  600   -   training loss: 1.877e-02   -   validation loss 1.995e-02
epoch  610   -   training loss: 1.876e-02   -   validation loss 1.995e-02
epoch  620   -   training loss: 1.875e-02   -   validation loss 1.995e-02
epoch  630   -   training loss: 1.874e-02   -   validation loss 1.993e-02
epoch  640   -   training loss: 1.873e-02   -   validation loss 1.992e-02
epoch  650   -   training loss: 1.872e-02   -   validation loss 1.990e-02
epoch  660   -   training loss: 1.871e-02   -   validation loss 1.988e-02
epoch  670   -   training loss: 1.871e-02   -   validation loss 1.988e-02
epoch  680   -   training loss: 1.870e-02   -   validation loss 1.986e-02
epoch  690   -   training loss: 1.869e-02   -   validation loss 1.985e-02
epoch  700   -   training loss: 1.869e-02   -   validation loss 1.983e-02
epoch  710   -   training loss: 1.868e-02   -   validation loss 1.982e-02
epoch  720   -   training loss: 1.864e-02   -   validation loss 1.979e-02
epoch  730   -   training loss: 1.855e-02   -   validation loss 1.983e-02
epoch  740   -   training loss: 1.847e-02   -   validation loss 1.968e-02
epoch  750   -   training loss: 1.838e-02   -   validation loss 1.962e-02
epoch  760   -   training loss: 1.831e-02   -   validation loss 1.965e-02
epoch  770   -   training loss: 1.817e-02   -   validation loss 1.967e-02
epoch  780   -   training loss: 1.792e-02   -   validation loss 1.947e-02
epoch  790   -   training loss: 1.768e-02   -   validation loss 1.928e-02
epoch  800   -   training loss: 1.760e-02   -   validation loss 1.911e-02
epoch  810   -   training loss: 1.753e-02   -   validation loss 1.901e-02
epoch  820   -   training loss: 1.748e-02   -   validation loss 1.896e-02
epoch  830   -   training loss: 1.744e-02   -   validation loss 1.887e-02
epoch  840   -   training loss: 1.739e-02   -   validation loss 1.880e-02
epoch  850   -   training loss: 1.736e-02   -   validation loss 1.878e-02
epoch  860   -   training loss: 1.734e-02   -   validation loss 1.874e-02
epoch  870   -   training loss: 1.733e-02   -   validation loss 1.872e-02
epoch  880   -   training loss: 1.731e-02   -   validation loss 1.868e-02
epoch  890   -   training loss: 1.730e-02   -   validation loss 1.868e-02
epoch  900   -   training loss: 1.730e-02   -   validation loss 1.868e-02
epoch  910   -   training loss: 1.729e-02   -   validation loss 1.867e-02
epoch  920   -   training loss: 1.728e-02   -   validation loss 1.868e-02
epoch  930   -   training loss: 1.727e-02   -   validation loss 1.869e-02
epoch  940   -   training loss: 1.726e-02   -   validation loss 1.868e-02
epoch  950   -   training loss: 1.722e-02   -   validation loss 1.868e-02
epoch  960   -   training loss: 1.716e-02   -   validation loss 1.868e-02
epoch  970   -   training loss: 1.715e-02   -   validation loss 1.865e-02
epoch  980   -   training loss: 1.708e-02   -   validation loss 1.854e-02
epoch  990   -   training loss: 1.704e-02   -   validation loss 1.847e-02
epoch 1000   -   training loss: 1.702e-02   -   validation loss 1.839e-02
epoch 1010   -   training loss: 1.700e-02   -   validation loss 1.836e-02
epoch 1020   -   training loss: 1.699e-02   -   validation loss 1.832e-02
epoch 1030   -   training loss: 1.698e-02   -   validation loss 1.830e-02
epoch 1040   -   training loss: 1.696e-02   -   validation loss 1.828e-02
epoch 1050   -   training loss: 1.695e-02   -   validation loss 1.829e-02
epoch 1060   -   training loss: 1.694e-02   -   validation loss 1.828e-02
epoch 1070   -   training loss: 1.692e-02   -   validation loss 1.828e-02
epoch 1080   -   training loss: 1.690e-02   -   validation loss 1.832e-02
epoch 1090   -   training loss: 1.687e-02   -   validation loss 1.829e-02
epoch 1100   -   training loss: 1.685e-02   -   validation loss 1.824e-02
epoch 1110   -   training loss: 1.684e-02   -   validation loss 1.819e-02
epoch 1120   -   training loss: 1.683e-02   -   validation loss 1.816e-02
epoch 1130   -   training loss: 1.682e-02   -   validation loss 1.816e-02
epoch 1140   -   training loss: 1.682e-02   -   validation loss 1.815e-02
epoch 1150   -   training loss: 1.681e-02   -   validation loss 1.814e-02
epoch 1160   -   training loss: 1.680e-02   -   validation loss 1.813e-02
epoch 1170   -   training loss: 1.679e-02   -   validation loss 1.814e-02
epoch 1180   -   training loss: 1.678e-02   -   validation loss 1.817e-02
epoch 1190   -   training loss: 1.677e-02   -   validation loss 1.815e-02
epoch 1200   -   training loss: 1.676e-02   -   validation loss 1.810e-02
epoch 1210   -   training loss: 1.675e-02   -   validation loss 1.809e-02
epoch 1220   -   training loss: 1.675e-02   -   validation loss 1.808e-02
epoch 1230   -   training loss: 1.675e-02   -   validation loss 1.808e-02
epoch 1240   -   training loss: 1.674e-02   -   validation loss 1.807e-02
epoch 1250   -   training loss: 1.673e-02   -   validation loss 1.807e-02
epoch 1260   -   training loss: 1.673e-02   -   validation loss 1.808e-02
epoch 1270   -   training loss: 1.672e-02   -   validation loss 1.807e-02
epoch 1280   -   training loss: 1.672e-02   -   validation loss 1.806e-02
epoch 1290   -   training loss: 1.671e-02   -   validation loss 1.806e-02
epoch 1300   -   training loss: 1.671e-02   -   validation loss 1.805e-02
epoch 1310   -   training loss: 1.670e-02   -   validation loss 1.804e-02
epoch 1320   -   training loss: 1.670e-02   -   validation loss 1.804e-02
epoch 1330   -   training loss: 1.669e-02   -   validation loss 1.803e-02
epoch 1340   -   training loss: 1.669e-02   -   validation loss 1.803e-02
epoch 1350   -   training loss: 1.669e-02   -   validation loss 1.803e-02
epoch 1360   -   training loss: 1.669e-02   -   validation loss 1.802e-02
epoch 1370   -   training loss: 1.668e-02   -   validation loss 1.802e-02
epoch 1380   -   training loss: 1.668e-02   -   validation loss 1.802e-02
epoch 1390   -   training loss: 1.668e-02   -   validation loss 1.802e-02
epoch 1400   -   training loss: 1.668e-02   -   validation loss 1.801e-02
epoch 1410   -   training loss: 1.668e-02   -   validation loss 1.801e-02
epoch 1420   -   training loss: 1.668e-02   -   validation loss 1.801e-02
epoch 1430   -   training loss: 1.668e-02   -   validation loss 1.801e-02
epoch 1440   -   training loss: 1.668e-02   -   validation loss 1.801e-02
epoch 1450   -   training loss: 1.668e-02   -   validation loss 1.801e-02
epoch 1460   -   training loss: 1.667e-02   -   validation loss 1.801e-02
epoch 1470   -   training loss: 1.667e-02   -   validation loss 1.801e-02
epoch 1480   -   training loss: 1.667e-02   -   validation loss 1.800e-02
epoch 1490   -   training loss: 1.667e-02   -   validation loss 1.800e-02
epoch 1500   -   training loss: 1.667e-02   -   validation loss 1.800e-02
epoch 1510   -   training loss: 1.667e-02   -   validation loss 1.800e-02
epoch 1520   -   training loss: 1.667e-02   -   validation loss 1.800e-02
epoch 1530   -   training loss: 1.667e-02   -   validation loss 1.800e-02
epoch 1540   -   training loss: 1.667e-02   -   validation loss 1.800e-02
epoch 1550   -   training loss: 1.667e-02   -   validation loss 1.800e-02
epoch 1560   -   training loss: 1.667e-02   -   validation loss 1.800e-02
epoch 1570   -   training loss: 1.667e-02   -   validation loss 1.800e-02
epoch 1580   -   training loss: 1.666e-02   -   validation loss 1.800e-02
epoch 1590   -   training loss: 1.666e-02   -   validation loss 1.800e-02
epoch 1600   -   training loss: 1.666e-02   -   validation loss 1.800e-02
epoch 1610   -   training loss: 1.666e-02   -   validation loss 1.800e-02
epoch 1620   -   training loss: 1.666e-02   -   validation loss 1.800e-02
epoch 1630   -   training loss: 1.666e-02   -   validation loss 1.800e-02
epoch 1640   -   training loss: 1.666e-02   -   validation loss 1.800e-02
epoch 1650   -   training loss: 1.666e-02   -   validation loss 1.800e-02
epoch 1660   -   training loss: 1.666e-02   -   validation loss 1.800e-02
epoch 1670   -   training loss: 1.666e-02   -   validation loss 1.799e-02
epoch 1680   -   training loss: 1.666e-02   -   validation loss 1.799e-02
epoch 1690   -   training loss: 1.666e-02   -   validation loss 1.799e-02
epoch 1700   -   training loss: 1.665e-02   -   validation loss 1.799e-02
epoch 1710   -   training loss: 1.665e-02   -   validation loss 1.798e-02
epoch 1720   -   training loss: 1.665e-02   -   validation loss 1.798e-02
epoch 1730   -   training loss: 1.664e-02   -   validation loss 1.798e-02
epoch 1740   -   training loss: 1.664e-02   -   validation loss 1.797e-02
epoch 1750   -   training loss: 1.663e-02   -   validation loss 1.797e-02
epoch 1760   -   training loss: 1.663e-02   -   validation loss 1.796e-02
epoch 1770   -   training loss: 1.663e-02   -   validation loss 1.796e-02
epoch 1780   -   training loss: 1.663e-02   -   validation loss 1.796e-02
epoch 1790   -   training loss: 1.662e-02   -   validation loss 1.796e-02
epoch 1800   -   training loss: 1.662e-02   -   validation loss 1.796e-02
epoch 1810   -   training loss: 1.662e-02   -   validation loss 1.795e-02
epoch 1820   -   training loss: 1.662e-02   -   validation loss 1.795e-02
epoch 1830   -   training loss: 1.661e-02   -   validation loss 1.794e-02
epoch 1840   -   training loss: 1.661e-02   -   validation loss 1.794e-02
epoch 1850   -   training loss: 1.661e-02   -   validation loss 1.794e-02
epoch 1860   -   training loss: 1.660e-02   -   validation loss 1.794e-02
epoch 1870   -   training loss: 1.660e-02   -   validation loss 1.793e-02
epoch 1880   -   training loss: 1.660e-02   -   validation loss 1.793e-02
epoch 1890   -   training loss: 1.659e-02   -   validation loss 1.792e-02
epoch 1900   -   training loss: 1.658e-02   -   validation loss 1.792e-02
epoch 1910   -   training loss: 1.658e-02   -   validation loss 1.791e-02
epoch 1920   -   training loss: 1.657e-02   -   validation loss 1.790e-02
epoch 1930   -   training loss: 1.657e-02   -   validation loss 1.790e-02
epoch 1940   -   training loss: 1.656e-02   -   validation loss 1.790e-02
epoch 1950   -   training loss: 1.656e-02   -   validation loss 1.790e-02
epoch 1960   -   training loss: 1.656e-02   -   validation loss 1.790e-02
epoch 1970   -   training loss: 1.656e-02   -   validation loss 1.790e-02
epoch 1980   -   training loss: 1.656e-02   -   validation loss 1.789e-02
epoch 1990   -   training loss: 1.655e-02   -   validation loss 1.789e-02
epoch 2000   -   training loss: 1.655e-02   -   validation loss 1.789e-02
epoch 2010   -   training loss: 1.655e-02   -   validation loss 1.789e-02
epoch 2020   -   training loss: 1.655e-02   -   validation loss 1.788e-02
epoch 2030   -   training loss: 1.655e-02   -   validation loss 1.788e-02
epoch 2040   -   training loss: 1.654e-02   -   validation loss 1.788e-02
epoch 2050   -   training loss: 1.654e-02   -   validation loss 1.788e-02
epoch 2060   -   training loss: 1.654e-02   -   validation loss 1.787e-02
epoch 2070   -   training loss: 1.654e-02   -   validation loss 1.787e-02
epoch 2080   -   training loss: 1.653e-02   -   validation loss 1.787e-02
epoch 2090   -   training loss: 1.653e-02   -   validation loss 1.787e-02
epoch 2100   -   training loss: 1.653e-02   -   validation loss 1.787e-02
epoch 2110   -   training loss: 1.653e-02   -   validation loss 1.787e-02
epoch 2120   -   training loss: 1.653e-02   -   validation loss 1.787e-02
epoch 2130   -   training loss: 1.653e-02   -   validation loss 1.786e-02
epoch 2140   -   training loss: 1.653e-02   -   validation loss 1.786e-02
epoch 2150   -   training loss: 1.653e-02   -   validation loss 1.786e-02
epoch 2160   -   training loss: 1.653e-02   -   validation loss 1.786e-02
epoch 2170   -   training loss: 1.653e-02   -   validation loss 1.786e-02
epoch 2180   -   training loss: 1.653e-02   -   validation loss 1.786e-02
epoch 2190   -   training loss: 1.653e-02   -   validation loss 1.786e-02
epoch 2200   -   training loss: 1.653e-02   -   validation loss 1.786e-02
  eval (test, full grid):
  vx: NRMSE 1.865e-01  1-rho 5.128e-01
  vy: NRMSE 7.056e-02  1-rho 8.208e-01
  p: NRMSE 6.943e-02  1-rho 3.068e-01
  combined NRMSE 4.012e-02

============================================================
  num_latent_states = 10
============================================================
Tracing functions with autograph...
Tracing completed.
epoch    0   -   training loss: 3.558e-01   -   validation loss 3.980e-01
  Adam...
epoch   10   -   training loss: 2.728e-01   -   validation loss 2.737e-01
epoch   20   -   training loss: 7.563e-02   -   validation loss 7.569e-02
epoch   30   -   training loss: 4.434e-02   -   validation loss 4.636e-02
epoch   40   -   training loss: 2.659e-02   -   validation loss 2.777e-02
epoch   50   -   training loss: 2.627e-02   -   validation loss 2.737e-02
epoch   60   -   training loss: 2.449e-02   -   validation loss 2.575e-02
epoch   70   -   training loss: 2.329e-02   -   validation loss 2.461e-02
epoch   80   -   training loss: 2.266e-02   -   validation loss 2.393e-02
epoch   90   -   training loss: 2.243e-02   -   validation loss 2.368e-02
epoch  100   -   training loss: 2.223e-02   -   validation loss 2.349e-02
epoch  110   -   training loss: 2.210e-02   -   validation loss 2.337e-02
epoch  120   -   training loss: 2.201e-02   -   validation loss 2.328e-02
epoch  130   -   training loss: 2.195e-02   -   validation loss 2.321e-02
epoch  140   -   training loss: 2.191e-02   -   validation loss 2.317e-02
epoch  150   -   training loss: 2.189e-02   -   validation loss 2.314e-02
epoch  160   -   training loss: 2.187e-02   -   validation loss 2.312e-02
epoch  170   -   training loss: 2.185e-02   -   validation loss 2.311e-02
epoch  180   -   training loss: 2.184e-02   -   validation loss 2.310e-02
epoch  190   -   training loss: 2.183e-02   -   validation loss 2.309e-02
epoch  200   -   training loss: 2.183e-02   -   validation loss 2.308e-02
  BFGS...
epoch  210   -   training loss: 2.179e-02   -   validation loss 2.305e-02
epoch  220   -   training loss: 2.178e-02   -   validation loss 2.303e-02
epoch  230   -   training loss: 2.177e-02   -   validation loss 2.302e-02
epoch  240   -   training loss: 2.176e-02   -   validation loss 2.301e-02
epoch  250   -   training loss: 2.175e-02   -   validation loss 2.305e-02
epoch  260   -   training loss: 2.161e-02   -   validation loss 2.294e-02
epoch  270   -   training loss: 2.132e-02   -   validation loss 2.292e-02
epoch  280   -   training loss: 2.124e-02   -   validation loss 2.280e-02
epoch  290   -   training loss: 2.109e-02   -   validation loss 2.240e-02
epoch  300   -   training loss: 2.099e-02   -   validation loss 2.216e-02
epoch  310   -   training loss: 2.090e-02   -   validation loss 2.206e-02
epoch  320   -   training loss: 2.077e-02   -   validation loss 2.200e-02
epoch  330   -   training loss: 2.069e-02   -   validation loss 2.197e-02
epoch  340   -   training loss: 2.063e-02   -   validation loss 2.198e-02
epoch  350   -   training loss: 2.062e-02   -   validation loss 2.190e-02
epoch  360   -   training loss: 2.058e-02   -   validation loss 2.190e-02
epoch  370   -   training loss: 2.053e-02   -   validation loss 2.196e-02
epoch  380   -   training loss: 2.046e-02   -   validation loss 2.194e-02
epoch  390   -   training loss: 2.036e-02   -   validation loss 2.187e-02
epoch  400   -   training loss: 2.022e-02   -   validation loss 2.182e-02
epoch  410   -   training loss: 2.011e-02   -   validation loss 2.181e-02
epoch  420   -   training loss: 2.001e-02   -   validation loss 2.178e-02
epoch  430   -   training loss: 1.992e-02   -   validation loss 2.169e-02
epoch  440   -   training loss: 1.987e-02   -   validation loss 2.161e-02
epoch  450   -   training loss: 1.985e-02   -   validation loss 2.157e-02
epoch  460   -   training loss: 1.983e-02   -   validation loss 2.154e-02
epoch  470   -   training loss: 1.981e-02   -   validation loss 2.152e-02
epoch  480   -   training loss: 1.977e-02   -   validation loss 2.145e-02
epoch  490   -   training loss: 1.972e-02   -   validation loss 2.127e-02
epoch  500   -   training loss: 1.967e-02   -   validation loss 2.119e-02
epoch  510   -   training loss: 1.957e-02   -   validation loss 2.104e-02
epoch  520   -   training loss: 1.948e-02   -   validation loss 2.083e-02
epoch  530   -   training loss: 1.941e-02   -   validation loss 2.066e-02
epoch  540   -   training loss: 1.931e-02   -   validation loss 2.054e-02
epoch  550   -   training loss: 1.922e-02   -   validation loss 2.044e-02
epoch  560   -   training loss: 1.917e-02   -   validation loss 2.038e-02
epoch  570   -   training loss: 1.915e-02   -   validation loss 2.036e-02
epoch  580   -   training loss: 1.912e-02   -   validation loss 2.032e-02
epoch  590   -   training loss: 1.910e-02   -   validation loss 2.029e-02
epoch  600   -   training loss: 1.905e-02   -   validation loss 2.023e-02
epoch  610   -   training loss: 1.900e-02   -   validation loss 2.018e-02
epoch  620   -   training loss: 1.895e-02   -   validation loss 2.015e-02
epoch  630   -   training loss: 1.893e-02   -   validation loss 2.014e-02
epoch  640   -   training loss: 1.888e-02   -   validation loss 2.009e-02
epoch  650   -   training loss: 1.887e-02   -   validation loss 2.009e-02
epoch  660   -   training loss: 1.886e-02   -   validation loss 2.006e-02
epoch  670   -   training loss: 1.885e-02   -   validation loss 2.004e-02
epoch  680   -   training loss: 1.884e-02   -   validation loss 2.000e-02
epoch  690   -   training loss: 1.882e-02   -   validation loss 1.997e-02
epoch  700   -   training loss: 1.880e-02   -   validation loss 1.997e-02
epoch  710   -   training loss: 1.878e-02   -   validation loss 1.996e-02
epoch  720   -   training loss: 1.877e-02   -   validation loss 1.994e-02
epoch  730   -   training loss: 1.875e-02   -   validation loss 1.998e-02
epoch  740   -   training loss: 1.871e-02   -   validation loss 1.997e-02
epoch  750   -   training loss: 1.868e-02   -   validation loss 1.997e-02
epoch  760   -   training loss: 1.865e-02   -   validation loss 1.990e-02
epoch  770   -   training loss: 1.862e-02   -   validation loss 1.981e-02
epoch  780   -   training loss: 1.855e-02   -   validation loss 1.967e-02
epoch  790   -   training loss: 1.842e-02   -   validation loss 1.961e-02
epoch  800   -   training loss: 1.837e-02   -   validation loss 1.959e-02
epoch  810   -   training loss: 1.834e-02   -   validation loss 1.955e-02
epoch  820   -   training loss: 1.831e-02   -   validation loss 1.954e-02
epoch  830   -   training loss: 1.828e-02   -   validation loss 1.953e-02
epoch  840   -   training loss: 1.818e-02   -   validation loss 1.950e-02
epoch  850   -   training loss: 1.804e-02   -   validation loss 1.948e-02
epoch  860   -   training loss: 1.795e-02   -   validation loss 1.937e-02
epoch  870   -   training loss: 1.786e-02   -   validation loss 1.928e-02
epoch  880   -   training loss: 1.775e-02   -   validation loss 1.920e-02
epoch  890   -   training loss: 1.767e-02   -   validation loss 1.913e-02
epoch  900   -   training loss: 1.756e-02   -   validation loss 1.897e-02
epoch  910   -   training loss: 1.750e-02   -   validation loss 1.890e-02
epoch  920   -   training loss: 1.744e-02   -   validation loss 1.885e-02
epoch  930   -   training loss: 1.741e-02   -   validation loss 1.882e-02
epoch  940   -   training loss: 1.739e-02   -   validation loss 1.879e-02
epoch  950   -   training loss: 1.738e-02   -   validation loss 1.878e-02
epoch  960   -   training loss: 1.737e-02   -   validation loss 1.877e-02
epoch  970   -   training loss: 1.737e-02   -   validation loss 1.876e-02
epoch  980   -   training loss: 1.736e-02   -   validation loss 1.876e-02
epoch  990   -   training loss: 1.736e-02   -   validation loss 1.876e-02
epoch 1000   -   training loss: 1.736e-02   -   validation loss 1.876e-02
epoch 1010   -   training loss: 1.735e-02   -   validation loss 1.875e-02
epoch 1020   -   training loss: 1.735e-02   -   validation loss 1.875e-02
epoch 1030   -   training loss: 1.735e-02   -   validation loss 1.875e-02
epoch 1040   -   training loss: 1.734e-02   -   validation loss 1.875e-02
epoch 1050   -   training loss: 1.734e-02   -   validation loss 1.875e-02
epoch 1060   -   training loss: 1.733e-02   -   validation loss 1.875e-02
epoch 1070   -   training loss: 1.732e-02   -   validation loss 1.875e-02
epoch 1080   -   training loss: 1.732e-02   -   validation loss 1.874e-02
epoch 1090   -   training loss: 1.731e-02   -   validation loss 1.872e-02
epoch 1100   -   training loss: 1.731e-02   -   validation loss 1.871e-02
epoch 1110   -   training loss: 1.730e-02   -   validation loss 1.871e-02
epoch 1120   -   training loss: 1.730e-02   -   validation loss 1.871e-02
epoch 1130   -   training loss: 1.729e-02   -   validation loss 1.870e-02
epoch 1140   -   training loss: 1.728e-02   -   validation loss 1.870e-02
epoch 1150   -   training loss: 1.728e-02   -   validation loss 1.870e-02
epoch 1160   -   training loss: 1.728e-02   -   validation loss 1.870e-02
epoch 1170   -   training loss: 1.727e-02   -   validation loss 1.868e-02
epoch 1180   -   training loss: 1.727e-02   -   validation loss 1.868e-02
epoch 1190   -   training loss: 1.727e-02   -   validation loss 1.868e-02
epoch 1200   -   training loss: 1.727e-02   -   validation loss 1.866e-02
epoch 1210   -   training loss: 1.726e-02   -   validation loss 1.866e-02
epoch 1220   -   training loss: 1.726e-02   -   validation loss 1.867e-02
epoch 1230   -   training loss: 1.726e-02   -   validation loss 1.866e-02
epoch 1240   -   training loss: 1.726e-02   -   validation loss 1.867e-02
epoch 1250   -   training loss: 1.725e-02   -   validation loss 1.867e-02
epoch 1260   -   training loss: 1.725e-02   -   validation loss 1.867e-02
epoch 1270   -   training loss: 1.725e-02   -   validation loss 1.866e-02
epoch 1280   -   training loss: 1.725e-02   -   validation loss 1.866e-02
epoch 1290   -   training loss: 1.725e-02   -   validation loss 1.866e-02
epoch 1300   -   training loss: 1.724e-02   -   validation loss 1.867e-02
epoch 1310   -   training loss: 1.724e-02   -   validation loss 1.866e-02
epoch 1320   -   training loss: 1.724e-02   -   validation loss 1.866e-02
epoch 1330   -   training loss: 1.724e-02   -   validation loss 1.866e-02
epoch 1340   -   training loss: 1.724e-02   -   validation loss 1.866e-02
epoch 1350   -   training loss: 1.723e-02   -   validation loss 1.866e-02
epoch 1360   -   training loss: 1.723e-02   -   validation loss 1.865e-02
epoch 1370   -   training loss: 1.723e-02   -   validation loss 1.864e-02
epoch 1380   -   training loss: 1.723e-02   -   validation loss 1.864e-02
epoch 1390   -   training loss: 1.723e-02   -   validation loss 1.863e-02
epoch 1400   -   training loss: 1.722e-02   -   validation loss 1.863e-02
epoch 1410   -   training loss: 1.722e-02   -   validation loss 1.862e-02
epoch 1420   -   training loss: 1.722e-02   -   validation loss 1.862e-02
epoch 1430   -   training loss: 1.722e-02   -   validation loss 1.865e-02
epoch 1440   -   training loss: 1.722e-02   -   validation loss 1.865e-02
epoch 1450   -   training loss: 1.722e-02   -   validation loss 1.865e-02
epoch 1460   -   training loss: 1.722e-02   -   validation loss 1.865e-02
epoch 1470   -   training loss: 1.721e-02   -   validation loss 1.865e-02
epoch 1480   -   training loss: 1.721e-02   -   validation loss 1.865e-02
epoch 1490   -   training loss: 1.721e-02   -   validation loss 1.865e-02
epoch 1500   -   training loss: 1.721e-02   -   validation loss 1.864e-02
epoch 1510   -   training loss: 1.721e-02   -   validation loss 1.864e-02
epoch 1520   -   training loss: 1.720e-02   -   validation loss 1.864e-02
epoch 1530   -   training loss: 1.720e-02   -   validation loss 1.865e-02
epoch 1540   -   training loss: 1.720e-02   -   validation loss 1.865e-02
epoch 1550   -   training loss: 1.720e-02   -   validation loss 1.864e-02
epoch 1560   -   training loss: 1.720e-02   -   validation loss 1.863e-02
epoch 1570   -   training loss: 1.720e-02   -   validation loss 1.863e-02
epoch 1580   -   training loss: 1.720e-02   -   validation loss 1.863e-02
epoch 1590   -   training loss: 1.720e-02   -   validation loss 1.863e-02
epoch 1600   -   training loss: 1.719e-02   -   validation loss 1.863e-02
epoch 1610   -   training loss: 1.719e-02   -   validation loss 1.865e-02
epoch 1620   -   training loss: 1.719e-02   -   validation loss 1.865e-02
epoch 1630   -   training loss: 1.719e-02   -   validation loss 1.865e-02
epoch 1640   -   training loss: 1.719e-02   -   validation loss 1.865e-02
epoch 1650   -   training loss: 1.719e-02   -   validation loss 1.866e-02
epoch 1660   -   training loss: 1.719e-02   -   validation loss 1.866e-02
epoch 1670   -   training loss: 1.718e-02   -   validation loss 1.866e-02
epoch 1680   -   training loss: 1.718e-02   -   validation loss 1.865e-02
epoch 1690   -   training loss: 1.718e-02   -   validation loss 1.865e-02
epoch 1700   -   training loss: 1.718e-02   -   validation loss 1.864e-02
epoch 1710   -   training loss: 1.718e-02   -   validation loss 1.864e-02
epoch 1720   -   training loss: 1.718e-02   -   validation loss 1.864e-02
epoch 1730   -   training loss: 1.718e-02   -   validation loss 1.864e-02
epoch 1740   -   training loss: 1.718e-02   -   validation loss 1.865e-02
epoch 1750   -   training loss: 1.718e-02   -   validation loss 1.865e-02
epoch 1760   -   training loss: 1.718e-02   -   validation loss 1.865e-02
epoch 1770   -   training loss: 1.718e-02   -   validation loss 1.866e-02
epoch 1780   -   training loss: 1.718e-02   -   validation loss 1.867e-02
epoch 1790   -   training loss: 1.718e-02   -   validation loss 1.867e-02
epoch 1800   -   training loss: 1.718e-02   -   validation loss 1.867e-02
epoch 1810   -   training loss: 1.718e-02   -   validation loss 1.867e-02
epoch 1820   -   training loss: 1.718e-02   -   validation loss 1.866e-02
epoch 1830   -   training loss: 1.718e-02   -   validation loss 1.866e-02
epoch 1840   -   training loss: 1.718e-02   -   validation loss 1.866e-02
epoch 1850   -   training loss: 1.718e-02   -   validation loss 1.866e-02
epoch 1860   -   training loss: 1.717e-02   -   validation loss 1.865e-02
epoch 1870   -   training loss: 1.717e-02   -   validation loss 1.864e-02
epoch 1880   -   training loss: 1.717e-02   -   validation loss 1.865e-02
epoch 1890   -   training loss: 1.717e-02   -   validation loss 1.866e-02
epoch 1900   -   training loss: 1.717e-02   -   validation loss 1.865e-02
epoch 1910   -   training loss: 1.717e-02   -   validation loss 1.865e-02
epoch 1920   -   training loss: 1.717e-02   -   validation loss 1.865e-02
epoch 1930   -   training loss: 1.717e-02   -   validation loss 1.865e-02
epoch 1940   -   training loss: 1.717e-02   -   validation loss 1.863e-02
epoch 1950   -   training loss: 1.717e-02   -   validation loss 1.863e-02
epoch 1960   -   training loss: 1.717e-02   -   validation loss 1.862e-02
epoch 1970   -   training loss: 1.717e-02   -   validation loss 1.861e-02
epoch 1980   -   training loss: 1.717e-02   -   validation loss 1.859e-02
epoch 1990   -   training loss: 1.717e-02   -   validation loss 1.859e-02
epoch 2000   -   training loss: 1.717e-02   -   validation loss 1.859e-02
epoch 2010   -   training loss: 1.717e-02   -   validation loss 1.859e-02
epoch 2020   -   training loss: 1.717e-02   -   validation loss 1.859e-02
epoch 2030   -   training loss: 1.717e-02   -   validation loss 1.858e-02
epoch 2040   -   training loss: 1.717e-02   -   validation loss 1.859e-02
epoch 2050   -   training loss: 1.716e-02   -   validation loss 1.859e-02
epoch 2060   -   training loss: 1.716e-02   -   validation loss 1.858e-02
epoch 2070   -   training loss: 1.716e-02   -   validation loss 1.858e-02
epoch 2080   -   training loss: 1.716e-02   -   validation loss 1.858e-02
epoch 2090   -   training loss: 1.716e-02   -   validation loss 1.858e-02
epoch 2100   -   training loss: 1.716e-02   -   validation loss 1.859e-02
epoch 2110   -   training loss: 1.716e-02   -   validation loss 1.859e-02
epoch 2120   -   training loss: 1.716e-02   -   validation loss 1.859e-02
epoch 2130   -   training loss: 1.716e-02   -   validation loss 1.859e-02
epoch 2140   -   training loss: 1.716e-02   -   validation loss 1.859e-02
epoch 2150   -   training loss: 1.716e-02   -   validation loss 1.858e-02
epoch 2160   -   training loss: 1.716e-02   -   validation loss 1.859e-02
epoch 2170   -   training loss: 1.714e-02   -   validation loss 1.862e-02
epoch 2180   -   training loss: 1.713e-02   -   validation loss 1.860e-02
epoch 2190   -   training loss: 1.713e-02   -   validation loss 1.857e-02
epoch 2200   -   training loss: 1.713e-02   -   validation loss 1.854e-02
  eval (test, full grid):
  vx: NRMSE 1.911e-01  1-rho 5.538e-01
  vy: NRMSE 6.959e-02  1-rho 7.576e-01
  p: NRMSE 7.027e-02  1-rho 3.158e-01
  combined NRMSE 4.060e-02

saved summary -> models/summary/nrmse_vs_latent.png
