2026-07-01 12:34:36.812949: I tensorflow/core/util/port.cc:111] oneDNN custom operations are on. You may see slightly different numerical results due to floating-point round-off errors from different computation orders. To turn them off, set the environment variable `TF_ENABLE_ONEDNN_OPTS=0`.
2026-07-01 12:34:41.070077: E tensorflow/compiler/xla/stream_executor/cuda/cuda_dnn.cc:9360] Unable to register cuDNN factory: Attempting to register factory for plugin cuDNN when one has already been registered
2026-07-01 12:34:41.076125: E tensorflow/compiler/xla/stream_executor/cuda/cuda_fft.cc:609] Unable to register cuFFT factory: Attempting to register factory for plugin cuFFT when one has already been registered
2026-07-01 12:34:41.093134: E tensorflow/compiler/xla/stream_executor/cuda/cuda_blas.cc:1537] Unable to register cuBLAS factory: Attempting to register factory for plugin cuBLAS when one has already been registered
2026-07-01 12:34:42.572844: I tensorflow/core/platform/cpu_feature_guard.cc:183] This TensorFlow binary is optimized to use available CPU instructions in performance-critical operations.
To enable the following instructions: SSE3 SSE4.1 SSE4.2 AVX, in other operations, rebuild TensorFlow with the appropriate compiler flags.

============================================================
  num_latent_states = 1  [output_nl=linear sampling=uniform restarts=2 adam=300 bfgs=2000]
============================================================
Tracing functions with autograph...
Tracing completed.
epoch    0   -   training loss: 5.088e-01   -   validation loss 5.213e-01
  Adam (restart 1/2)...
epoch   10   -   training loss: 4.110e-02   -   validation loss 4.285e-02
epoch   20   -   training loss: 2.942e-02   -   validation loss 3.092e-02
epoch   30   -   training loss: 2.111e-02   -   validation loss 2.277e-02
epoch   40   -   training loss: 1.922e-02   -   validation loss 2.075e-02
epoch   50   -   training loss: 1.949e-02   -   validation loss 2.098e-02
epoch   60   -   training loss: 1.905e-02   -   validation loss 2.057e-02
epoch   70   -   training loss: 1.892e-02   -   validation loss 2.046e-02
epoch   80   -   training loss: 1.890e-02   -   validation loss 2.045e-02
epoch   90   -   training loss: 1.889e-02   -   validation loss 2.044e-02
epoch  100   -   training loss: 1.888e-02   -   validation loss 2.043e-02
epoch  110   -   training loss: 1.887e-02   -   validation loss 2.042e-02
epoch  120   -   training loss: 1.887e-02   -   validation loss 2.041e-02
epoch  130   -   training loss: 1.886e-02   -   validation loss 2.040e-02
epoch  140   -   training loss: 1.886e-02   -   validation loss 2.040e-02
epoch  150   -   training loss: 1.886e-02   -   validation loss 2.039e-02
epoch  160   -   training loss: 1.885e-02   -   validation loss 2.038e-02
epoch  170   -   training loss: 1.885e-02   -   validation loss 2.038e-02
epoch  180   -   training loss: 1.884e-02   -   validation loss 2.037e-02
epoch  190   -   training loss: 1.884e-02   -   validation loss 2.036e-02
epoch  200   -   training loss: 1.883e-02   -   validation loss 2.035e-02
epoch  210   -   training loss: 1.883e-02   -   validation loss 2.034e-02
epoch  220   -   training loss: 1.883e-02   -   validation loss 2.033e-02
epoch  230   -   training loss: 1.882e-02   -   validation loss 2.032e-02
epoch  240   -   training loss: 1.882e-02   -   validation loss 2.031e-02
epoch  250   -   training loss: 1.881e-02   -   validation loss 2.030e-02
epoch  260   -   training loss: 1.880e-02   -   validation loss 2.028e-02
epoch  270   -   training loss: 1.879e-02   -   validation loss 2.026e-02
epoch  280   -   training loss: 1.878e-02   -   validation loss 2.025e-02
epoch  290   -   training loss: 1.877e-02   -   validation loss 2.022e-02
epoch  300   -   training loss: 1.876e-02   -   validation loss 2.020e-02
    restart 0: val loss after Adam = 2.020e-02
Tracing functions with autograph...
Tracing completed.
epoch    0   -   training loss: 4.653e-01   -   validation loss 5.346e-01
  Adam (restart 2/2)...
epoch   10   -   training loss: 6.137e-02   -   validation loss 7.072e-02
epoch   20   -   training loss: 2.722e-02   -   validation loss 3.495e-02
epoch   30   -   training loss: 2.025e-02   -   validation loss 2.575e-02
epoch   40   -   training loss: 1.894e-02   -   validation loss 2.236e-02
epoch   50   -   training loss: 1.841e-02   -   validation loss 2.108e-02
epoch   60   -   training loss: 1.820e-02   -   validation loss 2.050e-02
epoch   70   -   training loss: 1.794e-02   -   validation loss 1.993e-02
epoch   80   -   training loss: 1.772e-02   -   validation loss 1.964e-02
epoch   90   -   training loss: 1.754e-02   -   validation loss 1.939e-02
epoch  100   -   training loss: 1.737e-02   -   validation loss 1.916e-02
epoch  110   -   training loss: 1.720e-02   -   validation loss 1.897e-02
epoch  120   -   training loss: 1.706e-02   -   validation loss 1.881e-02
epoch  130   -   training loss: 1.695e-02   -   validation loss 1.868e-02
epoch  140   -   training loss: 1.686e-02   -   validation loss 1.858e-02
epoch  150   -   training loss: 1.678e-02   -   validation loss 1.849e-02
epoch  160   -   training loss: 1.670e-02   -   validation loss 1.841e-02
epoch  170   -   training loss: 1.663e-02   -   validation loss 1.833e-02
epoch  180   -   training loss: 1.656e-02   -   validation loss 1.825e-02
epoch  190   -   training loss: 1.648e-02   -   validation loss 1.817e-02
epoch  200   -   training loss: 1.640e-02   -   validation loss 1.808e-02
epoch  210   -   training loss: 1.632e-02   -   validation loss 1.798e-02
epoch  220   -   training loss: 1.622e-02   -   validation loss 1.789e-02
epoch  230   -   training loss: 1.613e-02   -   validation loss 1.778e-02
epoch  240   -   training loss: 1.602e-02   -   validation loss 1.768e-02
epoch  250   -   training loss: 1.591e-02   -   validation loss 1.756e-02
epoch  260   -   training loss: 1.580e-02   -   validation loss 1.744e-02
epoch  270   -   training loss: 1.569e-02   -   validation loss 1.732e-02
epoch  280   -   training loss: 1.559e-02   -   validation loss 1.720e-02
epoch  290   -   training loss: 1.548e-02   -   validation loss 1.708e-02
epoch  300   -   training loss: 1.539e-02   -   validation loss 1.697e-02
    restart 1: val loss after Adam = 1.697e-02
Tracing functions with autograph...
Tracing completed.
epoch    0   -   training loss: 1.539e-02   -   validation loss 1.697e-02
  BFGS (best Adam val=1.697e-02)...
epoch   10   -   training loss: 1.514e-02   -   validation loss 1.666e-02
epoch   20   -   training loss: 1.501e-02   -   validation loss 1.650e-02
epoch   30   -   training loss: 1.484e-02   -   validation loss 1.628e-02
epoch   40   -   training loss: 1.469e-02   -   validation loss 1.611e-02
epoch   50   -   training loss: 1.457e-02   -   validation loss 1.598e-02
epoch   60   -   training loss: 1.444e-02   -   validation loss 1.586e-02
epoch   70   -   training loss: 1.435e-02   -   validation loss 1.571e-02
epoch   80   -   training loss: 1.427e-02   -   validation loss 1.561e-02
epoch   90   -   training loss: 1.416e-02   -   validation loss 1.553e-02
epoch  100   -   training loss: 1.407e-02   -   validation loss 1.542e-02
epoch  110   -   training loss: 1.397e-02   -   validation loss 1.533e-02
epoch  120   -   training loss: 1.385e-02   -   validation loss 1.524e-02
epoch  130   -   training loss: 1.367e-02   -   validation loss 1.518e-02
epoch  140   -   training loss: 1.345e-02   -   validation loss 1.500e-02
epoch  150   -   training loss: 1.328e-02   -   validation loss 1.480e-02
epoch  160   -   training loss: 1.316e-02   -   validation loss 1.470e-02
epoch  170   -   training loss: 1.304e-02   -   validation loss 1.459e-02
epoch  180   -   training loss: 1.286e-02   -   validation loss 1.448e-02
epoch  190   -   training loss: 1.274e-02   -   validation loss 1.440e-02
epoch  200   -   training loss: 1.253e-02   -   validation loss 1.421e-02
epoch  210   -   training loss: 1.238e-02   -   validation loss 1.406e-02
epoch  220   -   training loss: 1.221e-02   -   validation loss 1.392e-02
epoch  230   -   training loss: 1.205e-02   -   validation loss 1.380e-02
epoch  240   -   training loss: 1.193e-02   -   validation loss 1.364e-02
epoch  250   -   training loss: 1.181e-02   -   validation loss 1.352e-02
epoch  260   -   training loss: 1.169e-02   -   validation loss 1.343e-02
epoch  270   -   training loss: 1.159e-02   -   validation loss 1.337e-02
epoch  280   -   training loss: 1.149e-02   -   validation loss 1.320e-02
epoch  290   -   training loss: 1.139e-02   -   validation loss 1.307e-02
epoch  300   -   training loss: 1.129e-02   -   validation loss 1.299e-02
epoch  310   -   training loss: 1.122e-02   -   validation loss 1.291e-02
epoch  320   -   training loss: 1.114e-02   -   validation loss 1.284e-02
epoch  330   -   training loss: 1.107e-02   -   validation loss 1.278e-02
epoch  340   -   training loss: 1.098e-02   -   validation loss 1.268e-02
epoch  350   -   training loss: 1.092e-02   -   validation loss 1.260e-02
epoch  360   -   training loss: 1.086e-02   -   validation loss 1.253e-02
epoch  370   -   training loss: 1.081e-02   -   validation loss 1.248e-02
epoch  380   -   training loss: 1.074e-02   -   validation loss 1.244e-02
epoch  390   -   training loss: 1.069e-02   -   validation loss 1.237e-02
epoch  400   -   training loss: 1.064e-02   -   validation loss 1.232e-02
epoch  410   -   training loss: 1.060e-02   -   validation loss 1.229e-02
epoch  420   -   training loss: 1.057e-02   -   validation loss 1.223e-02
epoch  430   -   training loss: 1.053e-02   -   validation loss 1.220e-02
epoch  440   -   training loss: 1.050e-02   -   validation loss 1.216e-02
epoch  450   -   training loss: 1.047e-02   -   validation loss 1.212e-02
epoch  460   -   training loss: 1.044e-02   -   validation loss 1.209e-02
epoch  470   -   training loss: 1.041e-02   -   validation loss 1.204e-02
epoch  480   -   training loss: 1.038e-02   -   validation loss 1.198e-02
epoch  490   -   training loss: 1.035e-02   -   validation loss 1.195e-02
epoch  500   -   training loss: 1.032e-02   -   validation loss 1.190e-02
epoch  510   -   training loss: 1.029e-02   -   validation loss 1.187e-02
epoch  520   -   training loss: 1.027e-02   -   validation loss 1.182e-02
epoch  530   -   training loss: 1.024e-02   -   validation loss 1.179e-02
epoch  540   -   training loss: 1.022e-02   -   validation loss 1.177e-02
epoch  550   -   training loss: 1.019e-02   -   validation loss 1.174e-02
epoch  560   -   training loss: 1.016e-02   -   validation loss 1.172e-02
epoch  570   -   training loss: 1.014e-02   -   validation loss 1.169e-02
epoch  580   -   training loss: 1.012e-02   -   validation loss 1.164e-02
epoch  590   -   training loss: 1.010e-02   -   validation loss 1.161e-02
epoch  600   -   training loss: 1.008e-02   -   validation loss 1.158e-02
epoch  610   -   training loss: 1.007e-02   -   validation loss 1.155e-02
epoch  620   -   training loss: 1.004e-02   -   validation loss 1.149e-02
epoch  630   -   training loss: 1.002e-02   -   validation loss 1.148e-02
epoch  640   -   training loss: 1.000e-02   -   validation loss 1.143e-02
epoch  650   -   training loss: 9.986e-03   -   validation loss 1.139e-02
epoch  660   -   training loss: 9.971e-03   -   validation loss 1.137e-02
epoch  670   -   training loss: 9.957e-03   -   validation loss 1.135e-02
epoch  680   -   training loss: 9.946e-03   -   validation loss 1.133e-02
epoch  690   -   training loss: 9.933e-03   -   validation loss 1.130e-02
epoch  700   -   training loss: 9.921e-03   -   validation loss 1.127e-02
epoch  710   -   training loss: 9.911e-03   -   validation loss 1.126e-02
epoch  720   -   training loss: 9.900e-03   -   validation loss 1.124e-02
epoch  730   -   training loss: 9.888e-03   -   validation loss 1.121e-02
epoch  740   -   training loss: 9.877e-03   -   validation loss 1.119e-02
epoch  750   -   training loss: 9.864e-03   -   validation loss 1.117e-02
epoch  760   -   training loss: 9.852e-03   -   validation loss 1.115e-02
epoch  770   -   training loss: 9.840e-03   -   validation loss 1.113e-02
epoch  780   -   training loss: 9.828e-03   -   validation loss 1.111e-02
epoch  790   -   training loss: 9.816e-03   -   validation loss 1.109e-02
epoch  800   -   training loss: 9.805e-03   -   validation loss 1.108e-02
epoch  810   -   training loss: 9.793e-03   -   validation loss 1.107e-02
epoch  820   -   training loss: 9.782e-03   -   validation loss 1.103e-02
epoch  830   -   training loss: 9.773e-03   -   validation loss 1.102e-02
epoch  840   -   training loss: 9.763e-03   -   validation loss 1.100e-02
epoch  850   -   training loss: 9.754e-03   -   validation loss 1.097e-02
epoch  860   -   training loss: 9.746e-03   -   validation loss 1.094e-02
epoch  870   -   training loss: 9.738e-03   -   validation loss 1.093e-02
epoch  880   -   training loss: 9.729e-03   -   validation loss 1.092e-02
epoch  890   -   training loss: 9.720e-03   -   validation loss 1.089e-02
epoch  900   -   training loss: 9.709e-03   -   validation loss 1.088e-02
epoch  910   -   training loss: 9.701e-03   -   validation loss 1.087e-02
epoch  920   -   training loss: 9.690e-03   -   validation loss 1.085e-02
epoch  930   -   training loss: 9.681e-03   -   validation loss 1.085e-02
epoch  940   -   training loss: 9.668e-03   -   validation loss 1.085e-02
epoch  950   -   training loss: 9.657e-03   -   validation loss 1.083e-02
epoch  960   -   training loss: 9.645e-03   -   validation loss 1.083e-02
epoch  970   -   training loss: 9.629e-03   -   validation loss 1.083e-02
epoch  980   -   training loss: 9.615e-03   -   validation loss 1.082e-02
epoch  990   -   training loss: 9.596e-03   -   validation loss 1.080e-02
epoch 1000   -   training loss: 9.574e-03   -   validation loss 1.079e-02
epoch 1010   -   training loss: 9.544e-03   -   validation loss 1.077e-02
epoch 1020   -   training loss: 9.522e-03   -   validation loss 1.074e-02
epoch 1030   -   training loss: 9.496e-03   -   validation loss 1.071e-02
epoch 1040   -   training loss: 9.470e-03   -   validation loss 1.070e-02
epoch 1050   -   training loss: 9.438e-03   -   validation loss 1.066e-02
epoch 1060   -   training loss: 9.410e-03   -   validation loss 1.066e-02
epoch 1070   -   training loss: 9.383e-03   -   validation loss 1.064e-02
epoch 1080   -   training loss: 9.354e-03   -   validation loss 1.061e-02
epoch 1090   -   training loss: 9.329e-03   -   validation loss 1.060e-02
epoch 1100   -   training loss: 9.307e-03   -   validation loss 1.057e-02
epoch 1110   -   training loss: 9.288e-03   -   validation loss 1.053e-02
epoch 1120   -   training loss: 9.268e-03   -   validation loss 1.051e-02
epoch 1130   -   training loss: 9.251e-03   -   validation loss 1.051e-02
epoch 1140   -   training loss: 9.238e-03   -   validation loss 1.049e-02
epoch 1150   -   training loss: 9.224e-03   -   validation loss 1.048e-02
epoch 1160   -   training loss: 9.211e-03   -   validation loss 1.046e-02
epoch 1170   -   training loss: 9.195e-03   -   validation loss 1.044e-02
epoch 1180   -   training loss: 9.181e-03   -   validation loss 1.043e-02
epoch 1190   -   training loss: 9.168e-03   -   validation loss 1.040e-02
epoch 1200   -   training loss: 9.155e-03   -   validation loss 1.037e-02
epoch 1210   -   training loss: 9.142e-03   -   validation loss 1.036e-02
epoch 1220   -   training loss: 9.126e-03   -   validation loss 1.036e-02
epoch 1230   -   training loss: 9.111e-03   -   validation loss 1.036e-02
epoch 1240   -   training loss: 9.099e-03   -   validation loss 1.034e-02
epoch 1250   -   training loss: 9.084e-03   -   validation loss 1.032e-02
epoch 1260   -   training loss: 9.066e-03   -   validation loss 1.030e-02
epoch 1270   -   training loss: 9.054e-03   -   validation loss 1.027e-02
epoch 1280   -   training loss: 9.038e-03   -   validation loss 1.025e-02
epoch 1290   -   training loss: 9.024e-03   -   validation loss 1.024e-02
epoch 1300   -   training loss: 9.007e-03   -   validation loss 1.023e-02
epoch 1310   -   training loss: 8.994e-03   -   validation loss 1.022e-02
epoch 1320   -   training loss: 8.979e-03   -   validation loss 1.022e-02
epoch 1330   -   training loss: 8.965e-03   -   validation loss 1.022e-02
epoch 1340   -   training loss: 8.950e-03   -   validation loss 1.019e-02
epoch 1350   -   training loss: 8.939e-03   -   validation loss 1.019e-02
epoch 1360   -   training loss: 8.922e-03   -   validation loss 1.015e-02
epoch 1370   -   training loss: 8.907e-03   -   validation loss 1.013e-02
epoch 1380   -   training loss: 8.893e-03   -   validation loss 1.011e-02
epoch 1390   -   training loss: 8.878e-03   -   validation loss 1.010e-02
epoch 1400   -   training loss: 8.864e-03   -   validation loss 1.008e-02
epoch 1410   -   training loss: 8.847e-03   -   validation loss 1.008e-02
epoch 1420   -   training loss: 8.834e-03   -   validation loss 1.007e-02
epoch 1430   -   training loss: 8.810e-03   -   validation loss 1.004e-02
epoch 1440   -   training loss: 8.797e-03   -   validation loss 1.001e-02
epoch 1450   -   training loss: 8.784e-03   -   validation loss 9.995e-03
epoch 1460   -   training loss: 8.766e-03   -   validation loss 9.974e-03
epoch 1470   -   training loss: 8.750e-03   -   validation loss 9.952e-03
epoch 1480   -   training loss: 8.737e-03   -   validation loss 9.954e-03
epoch 1490   -   training loss: 8.720e-03   -   validation loss 9.934e-03
epoch 1500   -   training loss: 8.706e-03   -   validation loss 9.927e-03
epoch 1510   -   training loss: 8.696e-03   -   validation loss 9.911e-03
epoch 1520   -   training loss: 8.684e-03   -   validation loss 9.904e-03
epoch 1530   -   training loss: 8.675e-03   -   validation loss 9.892e-03
epoch 1540   -   training loss: 8.663e-03   -   validation loss 9.875e-03
epoch 1550   -   training loss: 8.653e-03   -   validation loss 9.854e-03
epoch 1560   -   training loss: 8.642e-03   -   validation loss 9.839e-03
epoch 1570   -   training loss: 8.631e-03   -   validation loss 9.822e-03
epoch 1580   -   training loss: 8.621e-03   -   validation loss 9.810e-03
epoch 1590   -   training loss: 8.612e-03   -   validation loss 9.795e-03
epoch 1600   -   training loss: 8.602e-03   -   validation loss 9.781e-03
epoch 1610   -   training loss: 8.595e-03   -   validation loss 9.768e-03
epoch 1620   -   training loss: 8.585e-03   -   validation loss 9.747e-03
epoch 1630   -   training loss: 8.576e-03   -   validation loss 9.734e-03
epoch 1640   -   training loss: 8.569e-03   -   validation loss 9.739e-03
epoch 1650   -   training loss: 8.563e-03   -   validation loss 9.731e-03
epoch 1660   -   training loss: 8.553e-03   -   validation loss 9.717e-03
epoch 1670   -   training loss: 8.543e-03   -   validation loss 9.719e-03
epoch 1680   -   training loss: 8.535e-03   -   validation loss 9.702e-03
epoch 1690   -   training loss: 8.526e-03   -   validation loss 9.685e-03
epoch 1700   -   training loss: 8.515e-03   -   validation loss 9.668e-03
epoch 1710   -   training loss: 8.505e-03   -   validation loss 9.669e-03
epoch 1720   -   training loss: 8.498e-03   -   validation loss 9.665e-03
epoch 1730   -   training loss: 8.490e-03   -   validation loss 9.658e-03
epoch 1740   -   training loss: 8.480e-03   -   validation loss 9.642e-03
epoch 1750   -   training loss: 8.472e-03   -   validation loss 9.635e-03
epoch 1760   -   training loss: 8.465e-03   -   validation loss 9.631e-03
epoch 1770   -   training loss: 8.458e-03   -   validation loss 9.635e-03
epoch 1780   -   training loss: 8.449e-03   -   validation loss 9.614e-03
epoch 1790   -   training loss: 8.440e-03   -   validation loss 9.607e-03
epoch 1800   -   training loss: 8.433e-03   -   validation loss 9.603e-03
epoch 1810   -   training loss: 8.423e-03   -   validation loss 9.612e-03
epoch 1820   -   training loss: 8.413e-03   -   validation loss 9.614e-03
epoch 1830   -   training loss: 8.408e-03   -   validation loss 9.605e-03
epoch 1840   -   training loss: 8.401e-03   -   validation loss 9.600e-03
epoch 1850   -   training loss: 8.392e-03   -   validation loss 9.606e-03
epoch 1860   -   training loss: 8.386e-03   -   validation loss 9.597e-03
epoch 1870   -   training loss: 8.377e-03   -   validation loss 9.588e-03
epoch 1880   -   training loss: 8.370e-03   -   validation loss 9.582e-03
epoch 1890   -   training loss: 8.364e-03   -   validation loss 9.565e-03
epoch 1900   -   training loss: 8.354e-03   -   validation loss 9.558e-03
epoch 1910   -   training loss: 8.348e-03   -   validation loss 9.551e-03
epoch 1920   -   training loss: 8.342e-03   -   validation loss 9.540e-03
epoch 1930   -   training loss: 8.334e-03   -   validation loss 9.523e-03
epoch 1940   -   training loss: 8.324e-03   -   validation loss 9.516e-03
epoch 1950   -   training loss: 8.319e-03   -   validation loss 9.505e-03
epoch 1960   -   training loss: 8.311e-03   -   validation loss 9.492e-03
epoch 1970   -   training loss: 8.302e-03   -   validation loss 9.484e-03
epoch 1980   -   training loss: 8.297e-03   -   validation loss 9.485e-03
epoch 1990   -   training loss: 8.289e-03   -   validation loss 9.489e-03
epoch 2000   -   training loss: 8.280e-03   -   validation loss 9.449e-03
  eval (test, full grid):
  vx: NRMSE 1.098e-01  1-rho 2.994e-01
  vy: NRMSE 2.259e-02  1-rho 1.211e-01
  p: NRMSE 2.400e-02  1-rho 1.236e-01
  combined NRMSE 1.387e-02

============================================================
  num_latent_states = 5  [output_nl=linear sampling=uniform restarts=2 adam=300 bfgs=2000]
============================================================
Tracing functions with autograph...
Tracing completed.
epoch    0   -   training loss: 1.878e-01   -   validation loss 2.036e-01
  Adam (restart 1/2)...
epoch   10   -   training loss: 5.416e-02   -   validation loss 5.848e-02
epoch   20   -   training loss: 2.277e-02   -   validation loss 2.618e-02
epoch   30   -   training loss: 2.364e-02   -   validation loss 2.518e-02
epoch   40   -   training loss: 2.013e-02   -   validation loss 2.178e-02
epoch   50   -   training loss: 1.926e-02   -   validation loss 2.107e-02
epoch   60   -   training loss: 1.910e-02   -   validation loss 2.089e-02
epoch   70   -   training loss: 1.890e-02   -   validation loss 2.070e-02
epoch   80   -   training loss: 1.881e-02   -   validation loss 2.056e-02
epoch   90   -   training loss: 1.882e-02   -   validation loss 2.041e-02
epoch  100   -   training loss: 1.876e-02   -   validation loss 2.040e-02
epoch  110   -   training loss: 1.891e-02   -   validation loss 2.052e-02
epoch  120   -   training loss: 1.889e-02   -   validation loss 2.056e-02
epoch  130   -   training loss: 1.888e-02   -   validation loss 2.056e-02
epoch  140   -   training loss: 1.883e-02   -   validation loss 2.039e-02
epoch  150   -   training loss: 1.895e-02   -   validation loss 2.068e-02
epoch  160   -   training loss: 1.934e-02   -   validation loss 2.082e-02
epoch  170   -   training loss: 1.889e-02   -   validation loss 2.055e-02
epoch  180   -   training loss: 1.892e-02   -   validation loss 2.055e-02
epoch  190   -   training loss: 1.883e-02   -   validation loss 2.035e-02
epoch  200   -   training loss: 1.870e-02   -   validation loss 2.023e-02
epoch  210   -   training loss: 1.904e-02   -   validation loss 2.063e-02
epoch  220   -   training loss: 1.885e-02   -   validation loss 2.040e-02
epoch  230   -   training loss: 1.886e-02   -   validation loss 2.034e-02
epoch  240   -   training loss: 1.880e-02   -   validation loss 2.025e-02
epoch  250   -   training loss: 1.998e-02   -   validation loss 2.166e-02
epoch  260   -   training loss: 1.894e-02   -   validation loss 2.042e-02
epoch  270   -   training loss: 1.910e-02   -   validation loss 2.057e-02
epoch  280   -   training loss: 1.892e-02   -   validation loss 2.037e-02
epoch  290   -   training loss: 1.882e-02   -   validation loss 2.027e-02
epoch  300   -   training loss: 1.878e-02   -   validation loss 2.021e-02
    restart 0: val loss after Adam = 2.021e-02
Tracing functions with autograph...
Tracing completed.
epoch    0   -   training loss: 7.002e-01   -   validation loss 6.586e-01
  Adam (restart 2/2)...
epoch   10   -   training loss: 3.783e-02   -   validation loss 3.839e-02
epoch   20   -   training loss: 2.318e-02   -   validation loss 2.432e-02
epoch   30   -   training loss: 2.284e-02   -   validation loss 2.455e-02
epoch   40   -   training loss: 1.926e-02   -   validation loss 2.074e-02
epoch   50   -   training loss: 1.927e-02   -   validation loss 2.073e-02
epoch   60   -   training loss: 1.904e-02   -   validation loss 2.061e-02
epoch   70   -   training loss: 1.897e-02   -   validation loss 2.051e-02
epoch   80   -   training loss: 1.892e-02   -   validation loss 2.045e-02
epoch   90   -   training loss: 1.892e-02   -   validation loss 2.044e-02
epoch  100   -   training loss: 1.891e-02   -   validation loss 2.043e-02
epoch  110   -   training loss: 1.890e-02   -   validation loss 2.043e-02
epoch  120   -   training loss: 1.890e-02   -   validation loss 2.042e-02
epoch  130   -   training loss: 1.889e-02   -   validation loss 2.041e-02
epoch  140   -   training loss: 1.888e-02   -   validation loss 2.039e-02
epoch  150   -   training loss: 1.886e-02   -   validation loss 2.035e-02
epoch  160   -   training loss: 1.951e-02   -   validation loss 2.102e-02
epoch  170   -   training loss: 1.889e-02   -   validation loss 2.047e-02
epoch  180   -   training loss: 1.915e-02   -   validation loss 2.060e-02
epoch  190   -   training loss: 1.897e-02   -   validation loss 2.049e-02
epoch  200   -   training loss: 1.895e-02   -   validation loss 2.048e-02
epoch  210   -   training loss: 1.891e-02   -   validation loss 2.043e-02
epoch  220   -   training loss: 1.888e-02   -   validation loss 2.041e-02
epoch  230   -   training loss: 1.887e-02   -   validation loss 2.040e-02
epoch  240   -   training loss: 1.887e-02   -   validation loss 2.040e-02
epoch  250   -   training loss: 1.886e-02   -   validation loss 2.039e-02
epoch  260   -   training loss: 1.886e-02   -   validation loss 2.038e-02
epoch  270   -   training loss: 1.885e-02   -   validation loss 2.037e-02
epoch  280   -   training loss: 1.884e-02   -   validation loss 2.037e-02
epoch  290   -   training loss: 1.883e-02   -   validation loss 2.035e-02
epoch  300   -   training loss: 1.881e-02   -   validation loss 2.033e-02
    restart 1: val loss after Adam = 2.033e-02
Tracing functions with autograph...
Tracing completed.
epoch    0   -   training loss: 1.878e-02   -   validation loss 2.021e-02
  BFGS (best Adam val=2.021e-02)...
epoch   10   -   training loss: 1.864e-02   -   validation loss 2.015e-02
epoch   20   -   training loss: 1.845e-02   -   validation loss 1.991e-02
epoch   30   -   training loss: 1.834e-02   -   validation loss 1.974e-02
epoch   40   -   training loss: 1.828e-02   -   validation loss 1.967e-02
epoch   50   -   training loss: 1.823e-02   -   validation loss 1.961e-02
epoch   60   -   training loss: 1.820e-02   -   validation loss 1.960e-02
epoch   70   -   training loss: 1.815e-02   -   validation loss 1.951e-02
epoch   80   -   training loss: 1.803e-02   -   validation loss 1.969e-02
epoch   90   -   training loss: 1.778e-02   -   validation loss 1.943e-02
epoch  100   -   training loss: 1.737e-02   -   validation loss 1.891e-02
epoch  110   -   training loss: 1.713e-02   -   validation loss 1.865e-02
epoch  120   -   training loss: 1.693e-02   -   validation loss 1.840e-02
epoch  130   -   training loss: 1.679e-02   -   validation loss 1.827e-02
epoch  140   -   training loss: 1.669e-02   -   validation loss 1.818e-02
epoch  150   -   training loss: 1.665e-02   -   validation loss 1.812e-02
epoch  160   -   training loss: 1.659e-02   -   validation loss 1.810e-02
epoch  170   -   training loss: 1.656e-02   -   validation loss 1.812e-02
epoch  180   -   training loss: 1.648e-02   -   validation loss 1.807e-02
epoch  190   -   training loss: 1.643e-02   -   validation loss 1.802e-02
epoch  200   -   training loss: 1.639e-02   -   validation loss 1.793e-02
epoch  210   -   training loss: 1.636e-02   -   validation loss 1.787e-02
epoch  220   -   training loss: 1.628e-02   -   validation loss 1.778e-02
epoch  230   -   training loss: 1.625e-02   -   validation loss 1.773e-02
epoch  240   -   training loss: 1.620e-02   -   validation loss 1.768e-02
epoch  250   -   training loss: 1.613e-02   -   validation loss 1.763e-02
epoch  260   -   training loss: 1.599e-02   -   validation loss 1.751e-02
epoch  270   -   training loss: 1.581e-02   -   validation loss 1.738e-02
epoch  280   -   training loss: 1.563e-02   -   validation loss 1.718e-02
epoch  290   -   training loss: 1.544e-02   -   validation loss 1.696e-02
epoch  300   -   training loss: 1.524e-02   -   validation loss 1.682e-02
epoch  310   -   training loss: 1.507e-02   -   validation loss 1.667e-02
epoch  320   -   training loss: 1.490e-02   -   validation loss 1.655e-02
epoch  330   -   training loss: 1.478e-02   -   validation loss 1.647e-02
epoch  340   -   training loss: 1.469e-02   -   validation loss 1.637e-02
epoch  350   -   training loss: 1.464e-02   -   validation loss 1.632e-02
epoch  360   -   training loss: 1.453e-02   -   validation loss 1.619e-02
epoch  370   -   training loss: 1.448e-02   -   validation loss 1.614e-02
epoch  380   -   training loss: 1.442e-02   -   validation loss 1.608e-02
epoch  390   -   training loss: 1.428e-02   -   validation loss 1.587e-02
epoch  400   -   training loss: 1.421e-02   -   validation loss 1.584e-02
epoch  410   -   training loss: 1.411e-02   -   validation loss 1.572e-02
epoch  420   -   training loss: 1.400e-02   -   validation loss 1.577e-02
epoch  430   -   training loss: 1.389e-02   -   validation loss 1.560e-02
epoch  440   -   training loss: 1.379e-02   -   validation loss 1.550e-02
epoch  450   -   training loss: 1.367e-02   -   validation loss 1.539e-02
epoch  460   -   training loss: 1.360e-02   -   validation loss 1.532e-02
epoch  470   -   training loss: 1.352e-02   -   validation loss 1.527e-02
epoch  480   -   training loss: 1.346e-02   -   validation loss 1.522e-02
epoch  490   -   training loss: 1.339e-02   -   validation loss 1.513e-02
epoch  500   -   training loss: 1.334e-02   -   validation loss 1.505e-02
epoch  510   -   training loss: 1.324e-02   -   validation loss 1.496e-02
epoch  520   -   training loss: 1.310e-02   -   validation loss 1.483e-02
epoch  530   -   training loss: 1.303e-02   -   validation loss 1.475e-02
epoch  540   -   training loss: 1.293e-02   -   validation loss 1.467e-02
epoch  550   -   training loss: 1.284e-02   -   validation loss 1.463e-02
epoch  560   -   training loss: 1.274e-02   -   validation loss 1.451e-02
epoch  570   -   training loss: 1.263e-02   -   validation loss 1.440e-02
epoch  580   -   training loss: 1.249e-02   -   validation loss 1.420e-02
epoch  590   -   training loss: 1.242e-02   -   validation loss 1.410e-02
epoch  600   -   training loss: 1.234e-02   -   validation loss 1.402e-02
epoch  610   -   training loss: 1.227e-02   -   validation loss 1.394e-02
epoch  620   -   training loss: 1.221e-02   -   validation loss 1.388e-02
epoch  630   -   training loss: 1.216e-02   -   validation loss 1.381e-02
epoch  640   -   training loss: 1.212e-02   -   validation loss 1.378e-02
epoch  650   -   training loss: 1.208e-02   -   validation loss 1.374e-02
epoch  660   -   training loss: 1.203e-02   -   validation loss 1.368e-02
epoch  670   -   training loss: 1.200e-02   -   validation loss 1.364e-02
epoch  680   -   training loss: 1.197e-02   -   validation loss 1.360e-02
epoch  690   -   training loss: 1.193e-02   -   validation loss 1.356e-02
epoch  700   -   training loss: 1.190e-02   -   validation loss 1.352e-02
epoch  710   -   training loss: 1.188e-02   -   validation loss 1.350e-02
epoch  720   -   training loss: 1.186e-02   -   validation loss 1.349e-02
epoch  730   -   training loss: 1.185e-02   -   validation loss 1.348e-02
epoch  740   -   training loss: 1.183e-02   -   validation loss 1.347e-02
epoch  750   -   training loss: 1.182e-02   -   validation loss 1.346e-02
epoch  760   -   training loss: 1.180e-02   -   validation loss 1.343e-02
epoch  770   -   training loss: 1.178e-02   -   validation loss 1.340e-02
epoch  780   -   training loss: 1.176e-02   -   validation loss 1.338e-02
epoch  790   -   training loss: 1.174e-02   -   validation loss 1.335e-02
epoch  800   -   training loss: 1.171e-02   -   validation loss 1.331e-02
epoch  810   -   training loss: 1.169e-02   -   validation loss 1.329e-02
epoch  820   -   training loss: 1.167e-02   -   validation loss 1.327e-02
epoch  830   -   training loss: 1.165e-02   -   validation loss 1.327e-02
epoch  840   -   training loss: 1.164e-02   -   validation loss 1.327e-02
epoch  850   -   training loss: 1.162e-02   -   validation loss 1.325e-02
epoch  860   -   training loss: 1.160e-02   -   validation loss 1.321e-02
epoch  870   -   training loss: 1.158e-02   -   validation loss 1.320e-02
epoch  880   -   training loss: 1.157e-02   -   validation loss 1.318e-02
epoch  890   -   training loss: 1.155e-02   -   validation loss 1.316e-02
epoch  900   -   training loss: 1.153e-02   -   validation loss 1.314e-02
epoch  910   -   training loss: 1.152e-02   -   validation loss 1.313e-02
epoch  920   -   training loss: 1.150e-02   -   validation loss 1.312e-02
epoch  930   -   training loss: 1.148e-02   -   validation loss 1.310e-02
epoch  940   -   training loss: 1.146e-02   -   validation loss 1.308e-02
epoch  950   -   training loss: 1.144e-02   -   validation loss 1.306e-02
epoch  960   -   training loss: 1.141e-02   -   validation loss 1.305e-02
epoch  970   -   training loss: 1.139e-02   -   validation loss 1.305e-02
epoch  980   -   training loss: 1.137e-02   -   validation loss 1.301e-02
epoch  990   -   training loss: 1.134e-02   -   validation loss 1.299e-02
epoch 1000   -   training loss: 1.131e-02   -   validation loss 1.297e-02
epoch 1010   -   training loss: 1.129e-02   -   validation loss 1.296e-02
epoch 1020   -   training loss: 1.126e-02   -   validation loss 1.294e-02
epoch 1030   -   training loss: 1.123e-02   -   validation loss 1.287e-02
epoch 1040   -   training loss: 1.120e-02   -   validation loss 1.285e-02
epoch 1050   -   training loss: 1.117e-02   -   validation loss 1.282e-02
epoch 1060   -   training loss: 1.115e-02   -   validation loss 1.282e-02
epoch 1070   -   training loss: 1.113e-02   -   validation loss 1.277e-02
epoch 1080   -   training loss: 1.109e-02   -   validation loss 1.272e-02
epoch 1090   -   training loss: 1.107e-02   -   validation loss 1.269e-02
epoch 1100   -   training loss: 1.105e-02   -   validation loss 1.269e-02
epoch 1110   -   training loss: 1.103e-02   -   validation loss 1.268e-02
epoch 1120   -   training loss: 1.102e-02   -   validation loss 1.267e-02
epoch 1130   -   training loss: 1.100e-02   -   validation loss 1.265e-02
epoch 1140   -   training loss: 1.098e-02   -   validation loss 1.265e-02
epoch 1150   -   training loss: 1.097e-02   -   validation loss 1.262e-02
epoch 1160   -   training loss: 1.095e-02   -   validation loss 1.260e-02
epoch 1170   -   training loss: 1.093e-02   -   validation loss 1.258e-02
epoch 1180   -   training loss: 1.091e-02   -   validation loss 1.256e-02
epoch 1190   -   training loss: 1.090e-02   -   validation loss 1.255e-02
epoch 1200   -   training loss: 1.089e-02   -   validation loss 1.255e-02
epoch 1210   -   training loss: 1.088e-02   -   validation loss 1.254e-02
epoch 1220   -   training loss: 1.087e-02   -   validation loss 1.253e-02
epoch 1230   -   training loss: 1.086e-02   -   validation loss 1.252e-02
epoch 1240   -   training loss: 1.085e-02   -   validation loss 1.249e-02
epoch 1250   -   training loss: 1.084e-02   -   validation loss 1.248e-02
epoch 1260   -   training loss: 1.084e-02   -   validation loss 1.247e-02
epoch 1270   -   training loss: 1.083e-02   -   validation loss 1.246e-02
epoch 1280   -   training loss: 1.082e-02   -   validation loss 1.245e-02
epoch 1290   -   training loss: 1.081e-02   -   validation loss 1.245e-02
epoch 1300   -   training loss: 1.081e-02   -   validation loss 1.245e-02
epoch 1310   -   training loss: 1.080e-02   -   validation loss 1.244e-02
epoch 1320   -   training loss: 1.079e-02   -   validation loss 1.242e-02
epoch 1330   -   training loss: 1.079e-02   -   validation loss 1.243e-02
epoch 1340   -   training loss: 1.077e-02   -   validation loss 1.241e-02
epoch 1350   -   training loss: 1.076e-02   -   validation loss 1.240e-02
epoch 1360   -   training loss: 1.075e-02   -   validation loss 1.240e-02
epoch 1370   -   training loss: 1.074e-02   -   validation loss 1.238e-02
epoch 1380   -   training loss: 1.073e-02   -   validation loss 1.236e-02
epoch 1390   -   training loss: 1.072e-02   -   validation loss 1.235e-02
epoch 1400   -   training loss: 1.071e-02   -   validation loss 1.234e-02
epoch 1410   -   training loss: 1.070e-02   -   validation loss 1.233e-02
epoch 1420   -   training loss: 1.069e-02   -   validation loss 1.232e-02
epoch 1430   -   training loss: 1.068e-02   -   validation loss 1.232e-02
epoch 1440   -   training loss: 1.067e-02   -   validation loss 1.231e-02
epoch 1450   -   training loss: 1.066e-02   -   validation loss 1.230e-02
epoch 1460   -   training loss: 1.065e-02   -   validation loss 1.228e-02
epoch 1470   -   training loss: 1.064e-02   -   validation loss 1.227e-02
epoch 1480   -   training loss: 1.063e-02   -   validation loss 1.227e-02
epoch 1490   -   training loss: 1.062e-02   -   validation loss 1.227e-02
epoch 1500   -   training loss: 1.061e-02   -   validation loss 1.227e-02
epoch 1510   -   training loss: 1.060e-02   -   validation loss 1.226e-02
epoch 1520   -   training loss: 1.059e-02   -   validation loss 1.224e-02
epoch 1530   -   training loss: 1.059e-02   -   validation loss 1.223e-02
epoch 1540   -   training loss: 1.057e-02   -   validation loss 1.221e-02
epoch 1550   -   training loss: 1.057e-02   -   validation loss 1.220e-02
epoch 1560   -   training loss: 1.056e-02   -   validation loss 1.219e-02
epoch 1570   -   training loss: 1.055e-02   -   validation loss 1.217e-02
epoch 1580   -   training loss: 1.053e-02   -   validation loss 1.215e-02
epoch 1590   -   training loss: 1.052e-02   -   validation loss 1.214e-02
epoch 1600   -   training loss: 1.051e-02   -   validation loss 1.213e-02
epoch 1610   -   training loss: 1.050e-02   -   validation loss 1.211e-02
epoch 1620   -   training loss: 1.049e-02   -   validation loss 1.209e-02
epoch 1630   -   training loss: 1.048e-02   -   validation loss 1.208e-02
epoch 1640   -   training loss: 1.047e-02   -   validation loss 1.208e-02
epoch 1650   -   training loss: 1.046e-02   -   validation loss 1.206e-02
epoch 1660   -   training loss: 1.045e-02   -   validation loss 1.205e-02
epoch 1670   -   training loss: 1.044e-02   -   validation loss 1.204e-02
epoch 1680   -   training loss: 1.043e-02   -   validation loss 1.203e-02
epoch 1690   -   training loss: 1.042e-02   -   validation loss 1.202e-02
epoch 1700   -   training loss: 1.041e-02   -   validation loss 1.201e-02
epoch 1710   -   training loss: 1.040e-02   -   validation loss 1.200e-02
epoch 1720   -   training loss: 1.039e-02   -   validation loss 1.199e-02
epoch 1730   -   training loss: 1.038e-02   -   validation loss 1.198e-02
epoch 1740   -   training loss: 1.036e-02   -   validation loss 1.198e-02
epoch 1750   -   training loss: 1.034e-02   -   validation loss 1.196e-02
epoch 1760   -   training loss: 1.033e-02   -   validation loss 1.194e-02
epoch 1770   -   training loss: 1.030e-02   -   validation loss 1.193e-02
epoch 1780   -   training loss: 1.029e-02   -   validation loss 1.191e-02
epoch 1790   -   training loss: 1.027e-02   -   validation loss 1.189e-02
epoch 1800   -   training loss: 1.025e-02   -   validation loss 1.186e-02
epoch 1810   -   training loss: 1.024e-02   -   validation loss 1.184e-02
epoch 1820   -   training loss: 1.022e-02   -   validation loss 1.182e-02
epoch 1830   -   training loss: 1.020e-02   -   validation loss 1.178e-02
epoch 1840   -   training loss: 1.018e-02   -   validation loss 1.177e-02
epoch 1850   -   training loss: 1.017e-02   -   validation loss 1.177e-02
epoch 1860   -   training loss: 1.014e-02   -   validation loss 1.172e-02
epoch 1870   -   training loss: 1.013e-02   -   validation loss 1.171e-02
epoch 1880   -   training loss: 1.011e-02   -   validation loss 1.170e-02
epoch 1890   -   training loss: 1.009e-02   -   validation loss 1.168e-02
epoch 1900   -   training loss: 1.008e-02   -   validation loss 1.167e-02
epoch 1910   -   training loss: 1.007e-02   -   validation loss 1.165e-02
epoch 1920   -   training loss: 1.005e-02   -   validation loss 1.164e-02
epoch 1930   -   training loss: 1.004e-02   -   validation loss 1.163e-02
epoch 1940   -   training loss: 1.003e-02   -   validation loss 1.162e-02
epoch 1950   -   training loss: 1.002e-02   -   validation loss 1.162e-02
epoch 1960   -   training loss: 1.001e-02   -   validation loss 1.160e-02
epoch 1970   -   training loss: 9.997e-03   -   validation loss 1.159e-02
epoch 1980   -   training loss: 9.984e-03   -   validation loss 1.159e-02
epoch 1990   -   training loss: 9.977e-03   -   validation loss 1.157e-02
epoch 2000   -   training loss: 9.967e-03   -   validation loss 1.156e-02
  eval (test, full grid):
  vx: NRMSE 1.189e-01  1-rho 3.652e-01
  vy: NRMSE 2.888e-02  1-rho 2.078e-01
  p: NRMSE 2.844e-02  1-rho 1.789e-01
  combined NRMSE 1.643e-02

============================================================
  num_latent_states = 10  [output_nl=linear sampling=uniform restarts=2 adam=300 bfgs=2000]
============================================================
Tracing functions with autograph...
Tracing completed.
epoch    0   -   training loss: 4.613e-01   -   validation loss 4.416e-01
  Adam (restart 1/2)...
epoch   10   -   training loss: 5.393e-02   -   validation loss 5.541e-02
epoch   20   -   training loss: 2.109e-02   -   validation loss 2.259e-02
epoch   30   -   training loss: 2.495e-02   -   validation loss 2.644e-02
epoch   40   -   training loss: 1.941e-02   -   validation loss 2.101e-02
epoch   50   -   training loss: 1.962e-02   -   validation loss 2.128e-02
epoch   60   -   training loss: 1.903e-02   -   validation loss 2.064e-02
epoch   70   -   training loss: 1.905e-02   -   validation loss 2.060e-02
epoch   80   -   training loss: 1.896e-02   -   validation loss 2.052e-02
epoch   90   -   training loss: 1.894e-02   -   validation loss 2.051e-02
epoch  100   -   training loss: 1.894e-02   -   validation loss 2.050e-02
epoch  110   -   training loss: 1.893e-02   -   validation loss 2.049e-02
epoch  120   -   training loss: 1.892e-02   -   validation loss 2.048e-02
epoch  130   -   training loss: 1.892e-02   -   validation loss 2.047e-02
epoch  140   -   training loss: 1.892e-02   -   validation loss 2.047e-02
epoch  150   -   training loss: 1.891e-02   -   validation loss 2.046e-02
epoch  160   -   training loss: 1.891e-02   -   validation loss 2.046e-02
epoch  170   -   training loss: 1.891e-02   -   validation loss 2.046e-02
epoch  180   -   training loss: 1.891e-02   -   validation loss 2.046e-02
epoch  190   -   training loss: 1.891e-02   -   validation loss 2.045e-02
epoch  200   -   training loss: 1.890e-02   -   validation loss 2.045e-02
epoch  210   -   training loss: 1.890e-02   -   validation loss 2.045e-02
epoch  220   -   training loss: 1.890e-02   -   validation loss 2.045e-02
epoch  230   -   training loss: 1.890e-02   -   validation loss 2.044e-02
epoch  240   -   training loss: 1.890e-02   -   validation loss 2.044e-02
epoch  250   -   training loss: 1.889e-02   -   validation loss 2.044e-02
epoch  260   -   training loss: 1.889e-02   -   validation loss 2.044e-02
epoch  270   -   training loss: 1.889e-02   -   validation loss 2.043e-02
epoch  280   -   training loss: 1.889e-02   -   validation loss 2.042e-02
epoch  290   -   training loss: 1.888e-02   -   validation loss 2.040e-02
epoch  300   -   training loss: 1.887e-02   -   validation loss 2.037e-02
    restart 0: val loss after Adam = 2.037e-02
Tracing functions with autograph...
Tracing completed.
epoch    0   -   training loss: 1.363e+00   -   validation loss 1.425e+00
  Adam (restart 2/2)...
epoch   10   -   training loss: 3.173e-02   -   validation loss 3.209e-02
epoch   20   -   training loss: 2.113e-02   -   validation loss 2.244e-02
epoch   30   -   training loss: 1.985e-02   -   validation loss 2.128e-02
epoch   40   -   training loss: 1.947e-02   -   validation loss 2.093e-02
epoch   50   -   training loss: 1.922e-02   -   validation loss 2.070e-02
epoch   60   -   training loss: 1.907e-02   -   validation loss 2.057e-02
epoch   70   -   training loss: 1.897e-02   -   validation loss 2.049e-02
epoch   80   -   training loss: 1.893e-02   -   validation loss 2.048e-02
epoch   90   -   training loss: 1.893e-02   -   validation loss 2.049e-02
epoch  100   -   training loss: 1.892e-02   -   validation loss 2.047e-02
epoch  110   -   training loss: 1.892e-02   -   validation loss 2.046e-02
epoch  120   -   training loss: 1.891e-02   -   validation loss 2.046e-02
epoch  130   -   training loss: 1.891e-02   -   validation loss 2.046e-02
epoch  140   -   training loss: 1.891e-02   -   validation loss 2.045e-02
epoch  150   -   training loss: 1.891e-02   -   validation loss 2.045e-02
epoch  160   -   training loss: 1.891e-02   -   validation loss 2.045e-02
epoch  170   -   training loss: 1.890e-02   -   validation loss 2.045e-02
epoch  180   -   training loss: 1.890e-02   -   validation loss 2.045e-02
epoch  190   -   training loss: 1.890e-02   -   validation loss 2.045e-02
epoch  200   -   training loss: 1.890e-02   -   validation loss 2.045e-02
epoch  210   -   training loss: 1.890e-02   -   validation loss 2.045e-02
epoch  220   -   training loss: 1.890e-02   -   validation loss 2.044e-02
epoch  230   -   training loss: 1.890e-02   -   validation loss 2.044e-02
epoch  240   -   training loss: 1.890e-02   -   validation loss 2.044e-02
epoch  250   -   training loss: 1.890e-02   -   validation loss 2.044e-02
epoch  260   -   training loss: 1.889e-02   -   validation loss 2.044e-02
epoch  270   -   training loss: 1.889e-02   -   validation loss 2.044e-02
epoch  280   -   training loss: 1.889e-02   -   validation loss 2.044e-02
epoch  290   -   training loss: 1.889e-02   -   validation loss 2.044e-02
epoch  300   -   training loss: 1.889e-02   -   validation loss 2.044e-02
    restart 1: val loss after Adam = 2.044e-02
Tracing functions with autograph...
Tracing completed.
epoch    0   -   training loss: 1.887e-02   -   validation loss 2.037e-02
  BFGS (best Adam val=2.037e-02)...
epoch   10   -   training loss: 1.873e-02   -   validation loss 2.021e-02
epoch   20   -   training loss: 1.850e-02   -   validation loss 2.005e-02
epoch   30   -   training loss: 1.841e-02   -   validation loss 1.991e-02
epoch   40   -   training loss: 1.833e-02   -   validation loss 1.979e-02
epoch   50   -   training loss: 1.826e-02   -   validation loss 1.974e-02
epoch   60   -   training loss: 1.820e-02   -   validation loss 1.975e-02
epoch   70   -   training loss: 1.807e-02   -   validation loss 1.966e-02
epoch   80   -   training loss: 1.784e-02   -   validation loss 1.950e-02
epoch   90   -   training loss: 1.753e-02   -   validation loss 1.912e-02
epoch  100   -   training loss: 1.725e-02   -   validation loss 1.893e-02
epoch  110   -   training loss: 1.717e-02   -   validation loss 1.874e-02
epoch  120   -   training loss: 1.711e-02   -   validation loss 1.865e-02
epoch  130   -   training loss: 1.698e-02   -   validation loss 1.855e-02
epoch  140   -   training loss: 1.688e-02   -   validation loss 1.846e-02
epoch  150   -   training loss: 1.680e-02   -   validation loss 1.834e-02
epoch  160   -   training loss: 1.667e-02   -   validation loss 1.817e-02
epoch  170   -   training loss: 1.662e-02   -   validation loss 1.810e-02
epoch  180   -   training loss: 1.654e-02   -   validation loss 1.801e-02
epoch  190   -   training loss: 1.647e-02   -   validation loss 1.797e-02
epoch  200   -   training loss: 1.640e-02   -   validation loss 1.790e-02
epoch  210   -   training loss: 1.634e-02   -   validation loss 1.783e-02
epoch  220   -   training loss: 1.629e-02   -   validation loss 1.777e-02
epoch  230   -   training loss: 1.623e-02   -   validation loss 1.770e-02
epoch  240   -   training loss: 1.614e-02   -   validation loss 1.763e-02
epoch  250   -   training loss: 1.591e-02   -   validation loss 1.737e-02
epoch  260   -   training loss: 1.577e-02   -   validation loss 1.726e-02
epoch  270   -   training loss: 1.563e-02   -   validation loss 1.711e-02
epoch  280   -   training loss: 1.544e-02   -   validation loss 1.696e-02
epoch  290   -   training loss: 1.529e-02   -   validation loss 1.678e-02
epoch  300   -   training loss: 1.517e-02   -   validation loss 1.669e-02
epoch  310   -   training loss: 1.500e-02   -   validation loss 1.650e-02
epoch  320   -   training loss: 1.488e-02   -   validation loss 1.638e-02
epoch  330   -   training loss: 1.475e-02   -   validation loss 1.627e-02
epoch  340   -   training loss: 1.465e-02   -   validation loss 1.617e-02
epoch  350   -   training loss: 1.456e-02   -   validation loss 1.608e-02
epoch  360   -   training loss: 1.446e-02   -   validation loss 1.600e-02
epoch  370   -   training loss: 1.431e-02   -   validation loss 1.583e-02
epoch  380   -   training loss: 1.418e-02   -   validation loss 1.574e-02
epoch  390   -   training loss: 1.401e-02   -   validation loss 1.557e-02
epoch  400   -   training loss: 1.389e-02   -   validation loss 1.549e-02
epoch  410   -   training loss: 1.378e-02   -   validation loss 1.540e-02
epoch  420   -   training loss: 1.367e-02   -   validation loss 1.530e-02
epoch  430   -   training loss: 1.357e-02   -   validation loss 1.513e-02
epoch  440   -   training loss: 1.351e-02   -   validation loss 1.507e-02
epoch  450   -   training loss: 1.343e-02   -   validation loss 1.500e-02
epoch  460   -   training loss: 1.335e-02   -   validation loss 1.492e-02
epoch  470   -   training loss: 1.329e-02   -   validation loss 1.489e-02
epoch  480   -   training loss: 1.326e-02   -   validation loss 1.485e-02
epoch  490   -   training loss: 1.321e-02   -   validation loss 1.480e-02
epoch  500   -   training loss: 1.313e-02   -   validation loss 1.471e-02
epoch  510   -   training loss: 1.307e-02   -   validation loss 1.465e-02
epoch  520   -   training loss: 1.299e-02   -   validation loss 1.456e-02
epoch  530   -   training loss: 1.292e-02   -   validation loss 1.449e-02
epoch  540   -   training loss: 1.284e-02   -   validation loss 1.441e-02
epoch  550   -   training loss: 1.274e-02   -   validation loss 1.440e-02
epoch  560   -   training loss: 1.263e-02   -   validation loss 1.432e-02
epoch  570   -   training loss: 1.254e-02   -   validation loss 1.422e-02
epoch  580   -   training loss: 1.246e-02   -   validation loss 1.410e-02
epoch  590   -   training loss: 1.237e-02   -   validation loss 1.403e-02
epoch  600   -   training loss: 1.230e-02   -   validation loss 1.399e-02
epoch  610   -   training loss: 1.223e-02   -   validation loss 1.392e-02
epoch  620   -   training loss: 1.217e-02   -   validation loss 1.387e-02
epoch  630   -   training loss: 1.210e-02   -   validation loss 1.377e-02
epoch  640   -   training loss: 1.203e-02   -   validation loss 1.373e-02
epoch  650   -   training loss: 1.197e-02   -   validation loss 1.371e-02
epoch  660   -   training loss: 1.192e-02   -   validation loss 1.358e-02
epoch  670   -   training loss: 1.188e-02   -   validation loss 1.355e-02
epoch  680   -   training loss: 1.184e-02   -   validation loss 1.350e-02
epoch  690   -   training loss: 1.179e-02   -   validation loss 1.342e-02
epoch  700   -   training loss: 1.175e-02   -   validation loss 1.338e-02
epoch  710   -   training loss: 1.171e-02   -   validation loss 1.332e-02
epoch  720   -   training loss: 1.167e-02   -   validation loss 1.331e-02
epoch  730   -   training loss: 1.163e-02   -   validation loss 1.324e-02
epoch  740   -   training loss: 1.161e-02   -   validation loss 1.324e-02
epoch  750   -   training loss: 1.158e-02   -   validation loss 1.323e-02
epoch  760   -   training loss: 1.155e-02   -   validation loss 1.320e-02
epoch  770   -   training loss: 1.152e-02   -   validation loss 1.316e-02
epoch  780   -   training loss: 1.150e-02   -   validation loss 1.313e-02
epoch  790   -   training loss: 1.148e-02   -   validation loss 1.311e-02
epoch  800   -   training loss: 1.147e-02   -   validation loss 1.311e-02
epoch  810   -   training loss: 1.145e-02   -   validation loss 1.310e-02
epoch  820   -   training loss: 1.143e-02   -   validation loss 1.309e-02
epoch  830   -   training loss: 1.142e-02   -   validation loss 1.307e-02
epoch  840   -   training loss: 1.140e-02   -   validation loss 1.307e-02
epoch  850   -   training loss: 1.137e-02   -   validation loss 1.305e-02
epoch  860   -   training loss: 1.134e-02   -   validation loss 1.303e-02
epoch  870   -   training loss: 1.132e-02   -   validation loss 1.300e-02
epoch  880   -   training loss: 1.128e-02   -   validation loss 1.299e-02
epoch  890   -   training loss: 1.124e-02   -   validation loss 1.295e-02
epoch  900   -   training loss: 1.120e-02   -   validation loss 1.290e-02
epoch  910   -   training loss: 1.117e-02   -   validation loss 1.285e-02
epoch  920   -   training loss: 1.114e-02   -   validation loss 1.281e-02
epoch  930   -   training loss: 1.110e-02   -   validation loss 1.280e-02
epoch  940   -   training loss: 1.106e-02   -   validation loss 1.272e-02
epoch  950   -   training loss: 1.104e-02   -   validation loss 1.269e-02
epoch  960   -   training loss: 1.101e-02   -   validation loss 1.265e-02
epoch  970   -   training loss: 1.099e-02   -   validation loss 1.266e-02
epoch  980   -   training loss: 1.096e-02   -   validation loss 1.267e-02
epoch  990   -   training loss: 1.095e-02   -   validation loss 1.267e-02
epoch 1000   -   training loss: 1.094e-02   -   validation loss 1.263e-02
epoch 1010   -   training loss: 1.092e-02   -   validation loss 1.262e-02
epoch 1020   -   training loss: 1.091e-02   -   validation loss 1.260e-02
epoch 1030   -   training loss: 1.090e-02   -   validation loss 1.256e-02
epoch 1040   -   training loss: 1.088e-02   -   validation loss 1.255e-02
epoch 1050   -   training loss: 1.087e-02   -   validation loss 1.254e-02
epoch 1060   -   training loss: 1.086e-02   -   validation loss 1.254e-02
epoch 1070   -   training loss: 1.085e-02   -   validation loss 1.255e-02
epoch 1080   -   training loss: 1.084e-02   -   validation loss 1.255e-02
epoch 1090   -   training loss: 1.084e-02   -   validation loss 1.253e-02
epoch 1100   -   training loss: 1.082e-02   -   validation loss 1.249e-02
epoch 1110   -   training loss: 1.081e-02   -   validation loss 1.247e-02
epoch 1120   -   training loss: 1.080e-02   -   validation loss 1.244e-02
epoch 1130   -   training loss: 1.079e-02   -   validation loss 1.244e-02
epoch 1140   -   training loss: 1.079e-02   -   validation loss 1.243e-02
epoch 1150   -   training loss: 1.078e-02   -   validation loss 1.243e-02
epoch 1160   -   training loss: 1.077e-02   -   validation loss 1.243e-02
epoch 1170   -   training loss: 1.076e-02   -   validation loss 1.242e-02
epoch 1180   -   training loss: 1.075e-02   -   validation loss 1.241e-02
epoch 1190   -   training loss: 1.075e-02   -   validation loss 1.240e-02
epoch 1200   -   training loss: 1.074e-02   -   validation loss 1.238e-02
epoch 1210   -   training loss: 1.073e-02   -   validation loss 1.238e-02
epoch 1220   -   training loss: 1.073e-02   -   validation loss 1.238e-02
epoch 1230   -   training loss: 1.072e-02   -   validation loss 1.236e-02
epoch 1240   -   training loss: 1.071e-02   -   validation loss 1.234e-02
epoch 1250   -   training loss: 1.071e-02   -   validation loss 1.233e-02
epoch 1260   -   training loss: 1.070e-02   -   validation loss 1.231e-02
epoch 1270   -   training loss: 1.069e-02   -   validation loss 1.231e-02
epoch 1280   -   training loss: 1.069e-02   -   validation loss 1.230e-02
epoch 1290   -   training loss: 1.068e-02   -   validation loss 1.230e-02
epoch 1300   -   training loss: 1.067e-02   -   validation loss 1.229e-02
epoch 1310   -   training loss: 1.067e-02   -   validation loss 1.230e-02
epoch 1320   -   training loss: 1.066e-02   -   validation loss 1.230e-02
epoch 1330   -   training loss: 1.066e-02   -   validation loss 1.230e-02
epoch 1340   -   training loss: 1.065e-02   -   validation loss 1.229e-02
epoch 1350   -   training loss: 1.065e-02   -   validation loss 1.228e-02
epoch 1360   -   training loss: 1.064e-02   -   validation loss 1.228e-02
epoch 1370   -   training loss: 1.064e-02   -   validation loss 1.226e-02
epoch 1380   -   training loss: 1.064e-02   -   validation loss 1.226e-02
epoch 1390   -   training loss: 1.063e-02   -   validation loss 1.226e-02
epoch 1400   -   training loss: 1.063e-02   -   validation loss 1.226e-02
epoch 1410   -   training loss: 1.062e-02   -   validation loss 1.226e-02
epoch 1420   -   training loss: 1.062e-02   -   validation loss 1.226e-02
epoch 1430   -   training loss: 1.062e-02   -   validation loss 1.226e-02
epoch 1440   -   training loss: 1.061e-02   -   validation loss 1.225e-02
epoch 1450   -   training loss: 1.061e-02   -   validation loss 1.224e-02
epoch 1460   -   training loss: 1.060e-02   -   validation loss 1.223e-02
epoch 1470   -   training loss: 1.060e-02   -   validation loss 1.222e-02
epoch 1480   -   training loss: 1.060e-02   -   validation loss 1.222e-02
epoch 1490   -   training loss: 1.059e-02   -   validation loss 1.222e-02
epoch 1500   -   training loss: 1.059e-02   -   validation loss 1.222e-02
epoch 1510   -   training loss: 1.058e-02   -   validation loss 1.221e-02
epoch 1520   -   training loss: 1.058e-02   -   validation loss 1.221e-02
epoch 1530   -   training loss: 1.057e-02   -   validation loss 1.220e-02
epoch 1540   -   training loss: 1.057e-02   -   validation loss 1.220e-02
epoch 1550   -   training loss: 1.057e-02   -   validation loss 1.220e-02
epoch 1560   -   training loss: 1.056e-02   -   validation loss 1.219e-02
epoch 1570   -   training loss: 1.055e-02   -   validation loss 1.217e-02
epoch 1580   -   training loss: 1.055e-02   -   validation loss 1.216e-02
epoch 1590   -   training loss: 1.055e-02   -   validation loss 1.216e-02
epoch 1600   -   training loss: 1.054e-02   -   validation loss 1.215e-02
epoch 1610   -   training loss: 1.054e-02   -   validation loss 1.215e-02
epoch 1620   -   training loss: 1.053e-02   -   validation loss 1.214e-02
epoch 1630   -   training loss: 1.053e-02   -   validation loss 1.214e-02
epoch 1640   -   training loss: 1.053e-02   -   validation loss 1.213e-02
epoch 1650   -   training loss: 1.052e-02   -   validation loss 1.212e-02
epoch 1660   -   training loss: 1.052e-02   -   validation loss 1.212e-02
epoch 1670   -   training loss: 1.051e-02   -   validation loss 1.211e-02
epoch 1680   -   training loss: 1.050e-02   -   validation loss 1.212e-02
epoch 1690   -   training loss: 1.050e-02   -   validation loss 1.210e-02
epoch 1700   -   training loss: 1.050e-02   -   validation loss 1.210e-02
epoch 1710   -   training loss: 1.049e-02   -   validation loss 1.209e-02
epoch 1720   -   training loss: 1.048e-02   -   validation loss 1.208e-02
epoch 1730   -   training loss: 1.047e-02   -   validation loss 1.206e-02
epoch 1740   -   training loss: 1.046e-02   -   validation loss 1.206e-02
epoch 1750   -   training loss: 1.046e-02   -   validation loss 1.206e-02
epoch 1760   -   training loss: 1.045e-02   -   validation loss 1.206e-02
epoch 1770   -   training loss: 1.044e-02   -   validation loss 1.205e-02
epoch 1780   -   training loss: 1.043e-02   -   validation loss 1.204e-02
epoch 1790   -   training loss: 1.042e-02   -   validation loss 1.206e-02
epoch 1800   -   training loss: 1.040e-02   -   validation loss 1.203e-02
epoch 1810   -   training loss: 1.039e-02   -   validation loss 1.202e-02
epoch 1820   -   training loss: 1.038e-02   -   validation loss 1.199e-02
epoch 1830   -   training loss: 1.036e-02   -   validation loss 1.197e-02
epoch 1840   -   training loss: 1.035e-02   -   validation loss 1.195e-02
epoch 1850   -   training loss: 1.033e-02   -   validation loss 1.193e-02
epoch 1860   -   training loss: 1.032e-02   -   validation loss 1.192e-02
epoch 1870   -   training loss: 1.031e-02   -   validation loss 1.193e-02
epoch 1880   -   training loss: 1.030e-02   -   validation loss 1.192e-02
epoch 1890   -   training loss: 1.029e-02   -   validation loss 1.191e-02
epoch 1900   -   training loss: 1.028e-02   -   validation loss 1.188e-02
epoch 1910   -   training loss: 1.027e-02   -   validation loss 1.186e-02
epoch 1920   -   training loss: 1.026e-02   -   validation loss 1.185e-02
epoch 1930   -   training loss: 1.025e-02   -   validation loss 1.187e-02
epoch 1940   -   training loss: 1.025e-02   -   validation loss 1.185e-02
epoch 1950   -   training loss: 1.024e-02   -   validation loss 1.185e-02
epoch 1960   -   training loss: 1.023e-02   -   validation loss 1.182e-02
epoch 1970   -   training loss: 1.023e-02   -   validation loss 1.181e-02
epoch 1980   -   training loss: 1.022e-02   -   validation loss 1.179e-02
epoch 1990   -   training loss: 1.022e-02   -   validation loss 1.179e-02
epoch 2000   -   training loss: 1.021e-02   -   validation loss 1.179e-02
  eval (test, full grid):
  vx: NRMSE 1.202e-01  1-rho 3.757e-01
  vy: NRMSE 3.030e-02  1-rho 2.319e-01
  p: NRMSE 2.742e-02  1-rho 1.650e-01
  combined NRMSE 1.585e-02

saved summary -> models/final_div/summary/nrmse_vs_latent.png
