2026-07-07 17:49:14.921035: I tensorflow/core/util/port.cc:111] oneDNN custom operations are on. You may see slightly different numerical results due to floating-point round-off errors from different computation orders. To turn them off, set the environment variable `TF_ENABLE_ONEDNN_OPTS=0`.
2026-07-07 17:49:16.443076: E tensorflow/compiler/xla/stream_executor/cuda/cuda_dnn.cc:9360] Unable to register cuDNN factory: Attempting to register factory for plugin cuDNN when one has already been registered
2026-07-07 17:49:16.446067: E tensorflow/compiler/xla/stream_executor/cuda/cuda_fft.cc:609] Unable to register cuFFT factory: Attempting to register factory for plugin cuFFT when one has already been registered
2026-07-07 17:49:16.456106: E tensorflow/compiler/xla/stream_executor/cuda/cuda_blas.cc:1537] Unable to register cuBLAS factory: Attempting to register factory for plugin cuBLAS when one has already been registered
2026-07-07 17:49:17.298215: I tensorflow/core/platform/cpu_feature_guard.cc:183] This TensorFlow binary is optimized to use available CPU instructions in performance-critical operations.
To enable the following instructions: SSE3 SSE4.1 SSE4.2 AVX, in other operations, rebuild TensorFlow with the appropriate compiler flags.

=== axis D | cell W10/Tg0.7 | open cex0=0.2075 ===
  optimal  R=0.0003 frac=0.00:   +89.5% [ +89.5, +89.5] std= 0.00 flags=0/1
  optimal  R=0.0003 frac=0.02:   +75.3% [ +69.1, +83.6] std= 6.30 flags=0/6
  optimal  R=0.0003 frac=0.05:   +42.4% [ -77.8, +68.2] std=53.78 flags=2/6
  optimal  R=0.0001 frac=0.00:   +95.8% [ +95.8, +95.8] std= 0.00 flags=0/1
  optimal  R=0.0001 frac=0.02:   +83.1% [ +77.7, +88.4] std= 3.26 flags=0/6
  optimal  R=0.0001 frac=0.05:   +30.2% [-180.9, +80.3] std=94.63 flags=2/6

=== axis D | cell W30/Tg0.7 | open cex0=0.5791 ===
  optimal  R=0.0003 frac=0.00:   +85.0% [ +85.0, +85.0] std= 0.00 flags=0/1
  optimal  R=0.0003 frac=0.02:   +61.9% [ +10.9, +78.1] std=23.21 flags=1/6
  optimal  R=0.0003 frac=0.05:   +34.7% [ +10.0, +75.4] std=26.34 flags=4/6
  optimal  R=0.0001 frac=0.00:   +90.6% [ +90.6, +90.6] std= 0.00 flags=0/1
  optimal  R=0.0001 frac=0.02:   +44.4% [  +9.0, +86.2] std=34.56 flags=3/6
  optimal  R=0.0001 frac=0.05:   +20.9% [  +3.4, +75.4] std=24.65 flags=4/6
# saved 14 records -> /work/u10677113/LDNet_GLA/light/noise/results/D_cells.npz
# DONE
INFO:    Cleanup error: while stopping driver for /var/lib/apptainer/mnt/session/final: fuse-overlayfs exited: fuse: reading device: Software caused connection abort
