2026-07-08 10:19:51.704566: I tensorflow/core/util/port.cc:111] oneDNN custom operations are on. You may see slightly different numerical results due to floating-point round-off errors from different computation orders. To turn them off, set the environment variable `TF_ENABLE_ONEDNN_OPTS=0`.
2026-07-08 10:19:53.077820: E tensorflow/compiler/xla/stream_executor/cuda/cuda_dnn.cc:9360] Unable to register cuDNN factory: Attempting to register factory for plugin cuDNN when one has already been registered
2026-07-08 10:19:53.080522: E tensorflow/compiler/xla/stream_executor/cuda/cuda_fft.cc:609] Unable to register cuFFT factory: Attempting to register factory for plugin cuFFT when one has already been registered
2026-07-08 10:19:53.089861: E tensorflow/compiler/xla/stream_executor/cuda/cuda_blas.cc:1537] Unable to register cuBLAS factory: Attempting to register factory for plugin cuBLAS when one has already been registered
2026-07-08 10:19:53.841318: I tensorflow/core/platform/cpu_feature_guard.cc:183] This TensorFlow binary is optimized to use available CPU instructions in performance-critical operations.
To enable the following instructions: SSE3 SSE4.1 SSE4.2 AVX, in other operations, rebuild TensorFlow with the appropriate compiler flags.
# axis E2-combo-cells [W10T07] N=8 | W10/Tg0.7 DAMULT=3 | open cex0=0.2075

=== 1step-clean: one-step optimal, oracle preview ===
  1step-clean :   +89.5% [ +89.5, +89.5] std= 0.00 flags=0/1  sig_del=0 m/s

=== anchor: sigma=1e-6 through fusion+MPC (home-cell anchor is +80.5%) ===
  anchor      :   +93.5% [ +93.5, +93.5] std= 0.00 flags=0/1  sig_del=1.3e-07 m/s

=== none: one-step baseline, white frac=0.02 ===
  none        :   +75.3% [ +69.1, +83.6] std= 6.30 flags=0/6  sig_del=0.173 m/s

=== combo-flat: fused flat sigma frac=0.02 (= 0.2 m/s), lam=0, N=8 ===
  combo-flat  :   +93.5% [ +92.9, +94.0] std= 0.37 flags=0/6  sig_del=0.025 m/s

=== combo-dlr: raw LOS 1-3 m/s, lam=1, Jmax=50, N=8 ===
# note: dlr noise is ABSOLUTE -> 10.0-30.0% of W0=10 m/s at this cell
  combo-dlr   :   +92.0% [ +91.2, +93.2] std= 0.77 flags=0/6  sig_del=0.19 m/s
# saved 18 records -> /work/u10677113/LDNet_GLA/light/noise/results/E2_combo_cells_W10T07.npz
# DONE
INFO:    Cleanup error: while stopping driver for /var/lib/apptainer/mnt/session/final: fuse-overlayfs exited: fuse: reading device: Software caused connection abort
