2026-07-07 23:02:53.446104: I tensorflow/core/util/port.cc:111] oneDNN custom operations are on. You may see slightly different numerical results due to floating-point round-off errors from different computation orders. To turn them off, set the environment variable `TF_ENABLE_ONEDNN_OPTS=0`.
2026-07-07 23:02:55.148867: E tensorflow/compiler/xla/stream_executor/cuda/cuda_dnn.cc:9360] Unable to register cuDNN factory: Attempting to register factory for plugin cuDNN when one has already been registered
2026-07-07 23:02:55.152100: E tensorflow/compiler/xla/stream_executor/cuda/cuda_fft.cc:609] Unable to register cuFFT factory: Attempting to register factory for plugin cuFFT when one has already been registered
2026-07-07 23:02:55.161779: E tensorflow/compiler/xla/stream_executor/cuda/cuda_blas.cc:1537] Unable to register cuBLAS factory: Attempting to register factory for plugin cuBLAS when one has already been registered
2026-07-07 23:02:56.116280: I tensorflow/core/platform/cpu_feature_guard.cc:183] This TensorFlow binary is optimized to use available CPU instructions in performance-critical operations.
To enable the following instructions: SSE3 SSE4.1 SSE4.2 AVX, in other operations, rebuild TensorFlow with the appropriate compiler flags.
# axis E2-sensor | W30/Tg0.4 DAMULT=3 | open cex0=0.4600

=== anchor: per-sample sigma=1e-6, fuse Jmax=50 lam=0 (must reproduce ~+76.58%) ===
  fuse   anchor       frac=0.00:   +76.6% [ +76.6, +76.6] std= 0.00 flags=0/1  sig_del=1.21e-07 m/s

=== frac=0.02 (raw sigma=0.60 m/s per sample) ===
  none                frac=0.02:    -0.1% [ -26.3, +19.2] std=19.94 flags=3/6  sig_del=0.487 m/s
  fuse   J=10         frac=0.02:   +29.4% [  -4.7, +76.1] std=34.15 flags=2/6  sig_del=0.152 m/s
  fuse   J=25         frac=0.02:   +54.4% [ +16.4, +76.5] std=27.20 flags=1/6  sig_del=0.0949 m/s
  fuse   J=50         frac=0.02:   +26.8% [ +16.4, +76.5] std=22.24 flags=0/6  sig_del=0.0701 m/s
  fuseT  J=50 lam=1   frac=0.02:   +26.8% [ +16.4, +76.5] std=22.24 flags=0/6  sig_del=0.061 m/s
  fuseT  J=50 lam=10  frac=0.02:   +36.7% [ +16.4, +76.6] std=28.16 flags=0/6  sig_del=0.0521 m/s

=== frac=0.05 (raw sigma=1.50 m/s per sample) ===
  none                frac=0.05:    -7.3% [ -25.0, +20.8] std=19.80 flags=3/6  sig_del=1.21 m/s
  fuse   J=10         frac=0.05:   +19.9% [  -5.3, +77.3] std=27.56 flags=4/6  sig_del=0.377 m/s
  fuse   J=25         frac=0.05:   +39.4% [ -26.0, +76.5] std=39.54 flags=1/6  sig_del=0.236 m/s
  fuse   J=50         frac=0.05:   +13.5% [  -4.5, +17.6] std= 8.04 flags=1/6  sig_del=0.175 m/s
  fuseT  J=50 lam=1   frac=0.05:   +25.6% [ +16.5, +68.6] std=19.21 flags=1/6  sig_del=0.152 m/s
  fuseT  J=50 lam=10  frac=0.05:   +36.8% [ +16.6, +76.5] std=27.98 flags=0/6  sig_del=0.128 m/s

=== dlr: raw LOS sigma 1->3 m/s (3.3-10% of W0), Jmax=50 ===
  dlr    lam=0        frac= dlr:   +13.5% [  -4.5, +17.9] std= 8.11 flags=1/6  sig_del=0.2 m/s
  dlr    lam=1        frac= dlr:   +34.8% [ +16.5, +76.2] std=25.04 flags=1/6  sig_del=0.179 m/s
# saved 28 records -> /work/u10677113/LDNet_GLA/light/noise/results/E2_sensor.npz
# DONE
