2026-07-04 19:53:12.999887: I tensorflow/core/util/port.cc:111] oneDNN custom operations are on. You may see slightly different numerical results due to floating-point round-off errors from different computation orders. To turn them off, set the environment variable `TF_ENABLE_ONEDNN_OPTS=0`.
2026-07-04 19:53:14.346247: E tensorflow/compiler/xla/stream_executor/cuda/cuda_dnn.cc:9360] Unable to register cuDNN factory: Attempting to register factory for plugin cuDNN when one has already been registered
2026-07-04 19:53:14.348934: E tensorflow/compiler/xla/stream_executor/cuda/cuda_fft.cc:609] Unable to register cuFFT factory: Attempting to register factory for plugin cuFFT when one has already been registered
2026-07-04 19:53:14.358116: E tensorflow/compiler/xla/stream_executor/cuda/cuda_blas.cc:1537] Unable to register cuBLAS factory: Attempting to register factory for plugin cuBLAS when one has already been registered
2026-07-04 19:53:15.088175: I tensorflow/core/platform/cpu_feature_guard.cc:183] This TensorFlow binary is optimized to use available CPU instructions in performance-critical operations.
To enable the following instructions: SSE3 SSE4.1 SSE4.2 AVX, in other operations, rebuild TensorFlow with the appropriate compiler flags.
open cex0=0.4600
prop-W best g=(-60,-0.5) CLred=+32.2% flap=6.3 pitch=0.152
wnext R3e-4          CLred=+76.5% flap=7.9 pitch=0.151
Saved /work/u10677113/LDNet_GLA/76/money_W30_Tg04.png
# DONE
2026-07-04 20:06:12.892719: I tensorflow/core/util/port.cc:111] oneDNN custom operations are on. You may see slightly different numerical results due to floating-point round-off errors from different computation orders. To turn them off, set the environment variable `TF_ENABLE_ONEDNN_OPTS=0`.
2026-07-04 20:06:12.985075: E tensorflow/compiler/xla/stream_executor/cuda/cuda_dnn.cc:9360] Unable to register cuDNN factory: Attempting to register factory for plugin cuDNN when one has already been registered
2026-07-04 20:06:12.985139: E tensorflow/compiler/xla/stream_executor/cuda/cuda_fft.cc:609] Unable to register cuFFT factory: Attempting to register factory for plugin cuFFT when one has already been registered
2026-07-04 20:06:12.985191: E tensorflow/compiler/xla/stream_executor/cuda/cuda_blas.cc:1537] Unable to register cuBLAS factory: Attempting to register factory for plugin cuBLAS when one has already been registered
2026-07-04 20:06:12.998660: I tensorflow/core/platform/cpu_feature_guard.cc:183] This TensorFlow binary is optimized to use available CPU instructions in performance-critical operations.
To enable the following instructions: SSE3 SSE4.1 SSE4.2 AVX, in other operations, rebuild TensorFlow with the appropriate compiler flags.
cell       arm                CLred  flap  pitch  adrms   flag
--------------------------------------------------------------
W30/T0.4   open cex0         0.4600
           prop-W best       -84.7%  14.0  0.463   3.30 ad!add!  (g=-60,-0.3)
           wnext R=0.0003    +76.5%   7.9  0.151   0.86       
           wnext R=0.001     +66.6%   7.0  0.197   1.74 ad!add!
           wnext R=0.003     +44.4%   6.1  0.338   5.18 ad!add!
           MPC4none R=0.0003  +79.2%   7.4  0.158   0.84       
           MPC4none R=0.001  +76.5%   7.2  0.157   1.05       

W30/T0.3   open cex0         0.8000
           prop-W best       +39.9%  14.0  0.506  10.35         (g=-60,-0.3)
           wnext R=0.0003    +35.5%   8.1  0.472  11.44       
           wnext R=0.001      -7.8%   6.1  0.474  11.73       
           wnext R=0.003     -10.8%   3.3  0.478  10.77       
           MPC4none R=0.0003  +38.4%   8.4  0.469  11.19       
           MPC4none R=0.001  +36.4%   7.7  0.470  11.25       

W30/T0.5   open cex0         0.4959
           prop-W best       -61.9%  14.0  0.428   3.01 ad!add!hdd!  (g=-60,-0.3)
           wnext R=0.0003    +75.0%  12.2  0.220   0.80       
           wnext R=0.001     +51.4%   6.8  0.195   0.99       
           wnext R=0.003     +44.1%   2.8  0.161   0.59       
           MPC4none R=0.0003  +81.2%  12.8  0.219   0.78       
           MPC4none R=0.001  +71.3%  11.9  0.221   0.94       

W20/T0.4   open cex0         0.3012
           prop-W best       +77.7%   6.8  0.139   0.57         (g=-120,0)
           wnext R=0.0003    +77.3%   5.2  0.138   0.49       
           wnext R=0.001     +64.2%   4.6  0.142   0.48       
           wnext R=0.003     +29.4%   2.6  0.142   0.57       
           MPC4none R=0.0003  +87.0%   5.9  0.139   0.53       
           MPC4none R=0.001  +78.1%   5.2  0.139   0.49       

# DONE
2026-07-04 20:38:32.793346: I tensorflow/core/util/port.cc:111] oneDNN custom operations are on. You may see slightly different numerical results due to floating-point round-off errors from different computation orders. To turn them off, set the environment variable `TF_ENABLE_ONEDNN_OPTS=0`.
2026-07-04 20:38:32.906499: E tensorflow/compiler/xla/stream_executor/cuda/cuda_dnn.cc:9360] Unable to register cuDNN factory: Attempting to register factory for plugin cuDNN when one has already been registered
2026-07-04 20:38:32.906581: E tensorflow/compiler/xla/stream_executor/cuda/cuda_fft.cc:609] Unable to register cuFFT factory: Attempting to register factory for plugin cuFFT when one has already been registered
2026-07-04 20:38:32.906647: E tensorflow/compiler/xla/stream_executor/cuda/cuda_blas.cc:1537] Unable to register cuBLAS factory: Attempting to register factory for plugin cuBLAS when one has already been registered
2026-07-04 20:38:32.921753: I tensorflow/core/platform/cpu_feature_guard.cc:183] This TensorFlow binary is optimized to use available CPU instructions in performance-critical operations.
To enable the following instructions: SSE3 SSE4.1 SSE4.2 AVX, in other operations, rebuild TensorFlow with the appropriate compiler flags.
# MPC N4 none R3e-4 ensemble  W30/Tg0.4 DAMULT=3
  base           CLred= +79.2%  flap=  7.4 pitch= 0.158 
  X0[0]+1e+00    CLred= +79.4%  flap=  7.4 pitch= 0.157 
  X0[0]-1e+00    CLred= +79.1%  flap=  7.4 pitch= 0.158 
  X0[2]+1e+00    CLred= +79.2%  flap=  7.4 pitch= 0.158 
  X0[2]-1e+00    CLred= +79.3%  flap=  7.4 pitch= 0.158 
  W0x0.999       CLred= +79.3%  flap=  7.4 pitch= 0.158 
  W0x1.001       CLred= +79.1%  flap=  7.4 pitch= 0.158 
  rand0          CLred= +79.3%  flap=  7.4 pitch= 0.158 
  rand1          CLred= +79.3%  flap=  7.4 pitch= 0.158 
  --> min=+79.1% max=+79.4% spread=0.3pts std=0.08
# DONE
INFO:    Cleanup error: while stopping driver for /var/lib/apptainer/mnt/session/final: fuse-overlayfs exited: fuse: reading device: Software caused connection abort
